2026-07-13T04:48:10+00:00 machine gtk-status-bar[1196]: 2026-07-13T04:48:10.267955Z  INFO gtk_status_bar: Starting GTK status bar application
2026-07-13T04:48:10+00:00 machine gtk-status-bar[1196]: 2026-07-13T04:48:10.283985Z  INFO gtk_status_bar: Running GTK application
2026-07-13T04:48:14+00:00 machine gtk-status-bar[1196]: 2026-07-13T04:48:14.286447Z  INFO gtk_status_bar: Activating GTK application
2026-07-13T04:48:14+00:00 machine gtk-status-bar[1196]: 2026-07-13T04:48:14.300217Z DEBUG gtk_status_bar::widgets: Loading CSS styles
2026-07-13T04:48:14+00:00 machine gtk-status-bar[1196]: 2026-07-13T04:48:14.300753Z  INFO gtk_status_bar::widgets: CSS styles loaded successfully
2026-07-13T04:48:14+00:00 machine gtk-status-bar[1196]: 2026-07-13T04:48:14.300769Z DEBUG gtk_status_bar::widgets: Configuring layer shell
2026-07-13T04:48:14+00:00 machine gtk-status-bar[1196]: 2026-07-13T04:48:14.312214Z  INFO gtk_status_bar::widgets: Layer shell configured successfully
2026-07-13T04:48:14+00:00 machine gtk-status-bar[1196]: 2026-07-13T04:48:14.312365Z DEBUG gtk_status_bar::widgets: Creating experimental bar
2026-07-13T04:48:14+00:00 machine gtk-status-bar[1196]: 2026-07-13T04:48:14.318801Z DEBUG gtk_status_bar::widgets: Creating left group
2026-07-13T04:48:14+00:00 machine gtk-status-bar[1196]: 2026-07-13T04:48:14.318836Z DEBUG gtk_status_bar::widgets: Creating workspace widget
2026-07-13T04:48:14+00:00 machine gtk-status-bar[1196]: 2026-07-13T04:48:14.327722Z DEBUG gtk_status_bar::widgets: Creating center group
2026-07-13T04:48:14+00:00 machine gtk-status-bar[1196]: 2026-07-13T04:48:14.327761Z DEBUG gtk_status_bar::widgets: Creating title widget
2026-07-13T04:48:14+00:00 machine gtk-status-bar[1196]: 2026-07-13T04:48:14.327813Z DEBUG gtk_status_bar::widgets: Creating right group
2026-07-13T04:48:14+00:00 machine gtk-status-bar[1196]: 2026-07-13T04:48:14.327844Z DEBUG gtk_status_bar::widgets: Creating system tray widget
2026-07-13T04:48:14+00:00 machine gtk-status-bar[1196]: 2026-07-13T04:48:14.327870Z DEBUG gtk_status_bar::widgets: Creating bluetooth widget
2026-07-13T04:48:14+00:00 machine gtk-status-bar[1196]: 2026-07-13T04:48:14.327906Z DEBUG gtk_status_bar::widgets: Creating volume widget
2026-07-13T04:48:14+00:00 machine gtk-status-bar[1196]: 2026-07-13T04:48:14.345603Z DEBUG gtk_status_bar::widgets: Creating network widget
2026-07-13T04:48:14+00:00 machine gtk-status-bar[1196]: 2026-07-13T04:48:14.345654Z DEBUG gtk_status_bar::widgets: Creating battery widget
2026-07-13T04:48:14+00:00 machine gtk-status-bar[1196]: 2026-07-13T04:48:14.345693Z DEBUG gtk_status_bar::widgets: Creating time widget
2026-07-13T04:48:15+00:00 machine gtk-status-bar[1196]: 2026-07-13T04:48:15.736885Z DEBUG gtk_status_bar::widgets: Setting up time widget updates
2026-07-13T04:48:15+00:00 machine gtk-status-bar[1196]: 2026-07-13T04:48:15.737092Z DEBUG gtk_status_bar::widgets: Setting up system tray updates
2026-07-13T04:48:15+00:00 machine gtk-status-bar[1196]: 2026-07-13T04:48:15.737515Z DEBUG gtk_status_bar::widgets: Setting up workspace updates
2026-07-13T04:48:15+00:00 machine gtk-status-bar[1196]: 2026-07-13T04:48:15.746150Z DEBUG gtk_status_bar::widgets: Setting up title updates
2026-07-13T04:48:15+00:00 machine gtk-status-bar[1196]: 2026-07-13T04:48:15.746196Z DEBUG gtk_status_bar::widgets: Setting up battery updates
2026-07-13T04:48:15+00:00 machine gtk-status-bar[1196]: 2026-07-13T04:48:15.746234Z DEBUG gtk_status_bar::widgets: Setting up Bluetooth battery updates
2026-07-13T04:48:15+00:00 machine gtk-status-bar[1196]: 2026-07-13T04:48:15.746273Z DEBUG gtk_status_bar::widgets: Setting up network updates
2026-07-13T04:48:15+00:00 machine gtk-status-bar[1196]: 2026-07-13T04:48:15.758531Z DEBUG gtk_status_bar::widgets: Setting up volume updates with tokio async channels
2026-07-13T04:48:15+00:00 machine gtk-status-bar[1196]: 2026-07-13T04:48:15.758957Z DEBUG gtk_status_bar::pw: 🔧 Initializing PipeWire on dedicated thread...
2026-07-13T04:48:15+00:00 machine gtk-status-bar[1196]: 2026-07-13T04:48:15.759166Z DEBUG gtk_status_bar::pw: 📋 Created device tracking HashMap for (node_name, description, volume, channel, mute)
2026-07-13T04:48:15+00:00 machine gtk-status-bar[1196]: 2026-07-13T04:48:15.771136Z  INFO gtk_status_bar: Application activated successfully
2026-07-13T04:48:15+00:00 machine gtk-status-bar[1196]: 2026-07-13T04:48:15.774744Z  INFO gtk_status_bar::hypr: 🔌 Starting title event listener
2026-07-13T04:48:15+00:00 machine gtk-status-bar[1196]: 2026-07-13T04:48:15.775637Z DEBUG gtk_status_bar::hypr: Setting up title event listener
2026-07-13T04:48:15+00:00 machine gtk-status-bar[1196]: 2026-07-13T04:48:15.775442Z  INFO gtk_status_bar::network: Starting network monitor
2026-07-13T04:48:15+00:00 machine gtk-status-bar[1196]: 2026-07-13T04:48:15.775653Z DEBUG gtk_status_bar::hypr: Fetching initial title state
2026-07-13T04:48:15+00:00 machine gtk-status-bar[1196]: 2026-07-13T04:48:15.771148Z  INFO gtk_status_bar::hypr: 🔌 Starting workspace event listener
2026-07-13T04:48:15+00:00 machine gtk-status-bar[1196]: 2026-07-13T04:48:15.775695Z DEBUG gtk_status_bar::hypr: Setting up workspace event listener
2026-07-13T04:48:15+00:00 machine gtk-status-bar[1196]: 2026-07-13T04:48:15.791751Z  INFO gtk_status_bar::tray: 🔌 Starting system tray backend
2026-07-13T04:48:15+00:00 machine gtk-status-bar[1196]: 2026-07-13T04:48:15.796158Z DEBUG gtk_status_bar::widgets: 🚀 Starting async volume update loop...
2026-07-13T04:48:15+00:00 machine gtk-status-bar[1196]: 2026-07-13T04:48:15.800023Z  INFO gtk_status_bar: Starting tray IPC server
2026-07-13T04:48:15+00:00 machine gtk-status-bar[1196]: 2026-07-13T04:48:15.800227Z  INFO gtk_status_bar::dbus: 🔌 Starting D-Bus monitor
2026-07-13T04:48:15+00:00 machine gtk-status-bar[1196]: 2026-07-13T04:48:15.800251Z  INFO gtk_status_bar::dbus: Starting D-Bus monitoring task
2026-07-13T04:48:15+00:00 machine gtk-status-bar[1196]: 2026-07-13T04:48:15.815409Z  INFO tray_ipc: Tray IPC server is listening path=/run/user/1000/gtk-status-bar/tray.sock
2026-07-13T04:48:15+00:00 machine gtk-status-bar[1196]: 2026-07-13T04:48:15.822944Z DEBUG gtk_status_bar::hypr: Initial title: ""
2026-07-13T04:48:15+00:00 machine gtk-status-bar[1196]: 2026-07-13T04:48:15.823173Z  INFO gtk_status_bar::hypr: Starting title event listener
2026-07-13T04:48:15+00:00 machine gtk-status-bar[1196]: 2026-07-13T04:48:15.838730Z  INFO gtk_status_bar::hypr: Starting workspace event listener
2026-07-13T04:48:15+00:00 machine gtk-status-bar[1196]: 2026-07-13T04:48:15.852229Z DEBUG gtk_status_bar::pw: ✅ PipeWire initialized
2026-07-13T04:48:15+00:00 machine gtk-status-bar[1196]: 2026-07-13T04:48:15.858236Z DEBUG gtk_status_bar::pw: ✅ ThreadLoop created
2026-07-13T04:48:15+00:00 machine gtk-status-bar[1196]: 2026-07-13T04:48:15.894389Z DEBUG gtk_status_bar::widgets: Pinning bar height to font-derived line height char_height=18 multiplier=1.4 pinned=25
2026-07-13T04:48:15+00:00 machine gtk-status-bar[1196]: 2026-07-13T04:48:15.908187Z DEBUG gtk_status_bar::dbus: 🔌 Registered battery match rule
2026-07-13T04:48:15+00:00 machine gtk-status-bar[1196]: 2026-07-13T04:48:15.913649Z DEBUG gtk_status_bar::dbus: 🔌 Registered bluez PropertiesChanged match rule
2026-07-13T04:48:15+00:00 machine gtk-status-bar[1196]: 2026-07-13T04:48:15.914166Z DEBUG gtk_status_bar::dbus: 🔌 Registered bluez InterfacesAdded match rule
2026-07-13T04:48:15+00:00 machine gtk-status-bar[1196]: 2026-07-13T04:48:15.922730Z DEBUG gtk_status_bar::dbus: 🔌 Registered bluez InterfacesRemoved match rule
2026-07-13T04:48:15+00:00 machine gtk-status-bar[1196]: 2026-07-13T04:48:15.928810Z  INFO gtk_status_bar::tray: Serving StatusNotifierWatcher for tray applications
2026-07-13T04:48:15+00:00 machine gtk-status-bar[1196]: 2026-07-13T04:48:15.935453Z  INFO gtk_status_bar::dbus: Battery is discharging (state: 2)
2026-07-13T04:48:15+00:00 machine gtk-status-bar[1196]: 2026-07-13T04:48:15.935479Z  INFO gtk_status_bar::dbus: Battery is at 73.0%
2026-07-13T04:48:15+00:00 machine gtk-status-bar[1196]: 2026-07-13T04:48:15.948550Z DEBUG gtk_status_bar::network: Sent network update label="\u{f0925} 73% ?"
2026-07-13T04:48:15+00:00 machine gtk-status-bar[1196]: 2026-07-13T04:48:15.949371Z  INFO gtk_status_bar::dbus: Found 3 Bluetooth objects
2026-07-13T04:48:15+00:00 machine gtk-status-bar[1196]: 2026-07-13T04:48:15.949390Z  INFO gtk_status_bar::dbus: Found Bluetooth device with battery at: /org/bluez/hci0/dev_AA_BB_CC_DD_EE_01
2026-07-13T04:48:15+00:00 machine gtk-status-bar[1196]: 2026-07-13T04:48:15.949405Z  INFO gtk_status_bar::dbus: Bluetooth device battery at 80%
2026-07-13T04:48:15+00:00 machine gtk-status-bar[1196]: 2026-07-13T04:48:15.967476Z DEBUG gtk_status_bar::dbus: Added device /org/bluez/hci0/dev_AA_BB_CC_DD_EE_01 to HashMap (has_battery: true, has_media: false)
2026-07-13T04:48:15+00:00 machine gtk-status-bar[1196]: 2026-07-13T04:48:15.968388Z DEBUG gtk_status_bar::dbus: Initial bluetooth devices: {"/org/bluez/hci0/dev_AA_BB_CC_DD_EE_01": BluetoothDevice { has_battery: true, has_media: false, battery_percentage: Some(80), device_name: Some("Pixel Buds") }}
2026-07-13T04:48:15+00:00 machine gtk-status-bar[1196]: 2026-07-13T04:48:15.968413Z  INFO gtk_status_bar::dbus: Sent initial Bluetooth display: P80
2026-07-13T04:48:15+00:00 machine gtk-status-bar[1196]: 2026-07-13T04:48:15.968430Z  INFO gtk_status_bar::dbus: Dbus monitor: Starting to listen for D-Bus messages
2026-07-13T04:48:15+00:00 machine gtk-status-bar[1196]: 2026-07-13T04:48:15.968447Z DEBUG gtk_status_bar::dbus: Got an event in event stream: Msg { type: MethodReturn, serial: 9, sender: UniqueName(":1.5"), reply-serial: 16, body: Variant, fds: [] }
2026-07-13T04:48:15+00:00 machine gtk-status-bar[1196]: 2026-07-13T04:48:15.968477Z DEBUG gtk_status_bar::dbus: Dbus monitor: Received D-Bus message from path: None, interface: None, member: None
2026-07-13T04:48:16+00:00 machine gtk-status-bar[1196]: 2026-07-13T04:48:16.004697Z ERROR gtk_status_bar::dbus: Dbus monitor: Received message with no path, ignoring
2026-07-13T04:48:16+00:00 machine gtk-status-bar[1196]: 2026-07-13T04:48:16.004766Z DEBUG gtk_status_bar::dbus: Got an event in event stream: Msg { type: MethodReturn, serial: 10, sender: UniqueName(":1.5"), reply-serial: 21, body: Variant, fds: [] }
2026-07-13T04:48:16+00:00 machine gtk-status-bar[1196]: 2026-07-13T04:48:16.004791Z DEBUG gtk_status_bar::dbus: Dbus monitor: Received D-Bus message from path: None, interface: None, member: None
2026-07-13T04:48:16+00:00 machine gtk-status-bar[1196]: 2026-07-13T04:48:16.004806Z ERROR gtk_status_bar::dbus: Dbus monitor: Received message with no path, ignoring
2026-07-13T04:48:16+00:00 machine gtk-status-bar[1196]: 2026-07-13T04:48:16.004822Z DEBUG gtk_status_bar::dbus: Got an event in event stream: Msg { type: MethodReturn, serial: 44, sender: UniqueName(":1.6"), reply-serial: 27, body: Dict { key: Dynamic { child: ObjectPath }, value: Dynamic { child: Dict { key: Dynamic { child: Str }, value: Dynamic { child: Dict { key: Dynamic { child: Str }, value: Dynamic { child: Variant } } } } } }, fds: [] }
2026-07-13T04:48:16+00:00 machine gtk-status-bar[1196]: 2026-07-13T04:48:16.004842Z DEBUG gtk_status_bar::dbus: Dbus monitor: Received D-Bus message from path: None, interface: None, member: None
2026-07-13T04:48:16+00:00 machine gtk-status-bar[1196]: 2026-07-13T04:48:16.004857Z ERROR gtk_status_bar::dbus: Dbus monitor: Received message with no path, ignoring
2026-07-13T04:48:16+00:00 machine gtk-status-bar[1196]: 2026-07-13T04:48:16.074696Z DEBUG gtk_status_bar::widgets: Updating workspace - label: 'Workspace u', color for workspace: 1
2026-07-13T04:48:16+00:00 machine gtk-status-bar[1196]: 2026-07-13T04:48:16.076515Z DEBUG gtk_status_bar::widgets: Updated title widget color to: rgba(122, 162, 247, 0.5) for workspace: 1
2026-07-13T04:48:16+00:00 machine gtk-status-bar[1196]: 2026-07-13T04:48:16.076580Z DEBUG gtk_status_bar::widgets: Updating title label:
2026-07-13T04:48:16+00:00 machine gtk-status-bar[1196]: 2026-07-13T04:48:16.076788Z DEBUG gtk_status_bar::widgets: Updating battery label: 🔋 73%
2026-07-13T04:48:16+00:00 machine gtk-status-bar[1196]: 2026-07-13T04:48:16.076814Z DEBUG gtk_status_bar::widgets: 👁️  SHOWING battery widget - data: 🔋 73%
2026-07-13T04:48:16+00:00 machine gtk-status-bar[1196]: 2026-07-13T04:48:16.076867Z DEBUG gtk_status_bar::widgets: Updating Bluetooth battery label: P80
2026-07-13T04:48:16+00:00 machine gtk-status-bar[1196]: 2026-07-13T04:48:16.076889Z DEBUG gtk_status_bar::widgets: 👁️  SHOWING Bluetooth widget - data: P80
2026-07-13T04:48:16+00:00 machine gtk-status-bar[1196]: 2026-07-13T04:48:16.076964Z DEBUG gtk_status_bar::widgets: Updating network label: 󰤥 73% ?
2026-07-13T04:48:16+00:00 machine gtk-status-bar[1196]: 2026-07-13T04:48:16.100998Z DEBUG gtk_status_bar::pw: ✅ Context created
2026-07-13T04:48:16+00:00 machine gtk-status-bar[1196]: 2026-07-13T04:48:16.106389Z DEBUG gtk_status_bar::pw: ✅ Core connected
2026-07-13T04:48:16+00:00 machine gtk-status-bar[1196]: 2026-07-13T04:48:16.106421Z DEBUG gtk_status_bar::pw: ✅ Registry obtained
2026-07-13T04:48:16+00:00 machine gtk-status-bar[1196]: 2026-07-13T04:48:16.106436Z DEBUG gtk_status_bar::pw: 🎵 PipeWire ThreadLoop started - monitoring volume changes with default sink filtering
2026-07-13T04:48:16+00:00 machine gtk-status-bar[1196]: 2026-07-13T04:48:16.106578Z DEBUG gtk_status_bar::pw: ✅ ThreadLoop started successfully
2026-07-13T04:48:16+00:00 machine gtk-status-bar[1196]: 2026-07-13T04:48:16.106593Z DEBUG gtk_status_bar::pw: 🔄 PipeWire thread running - async event delivery active...
2026-07-13T04:48:16+00:00 machine gtk-status-bar[1196]: 2026-07-13T04:48:16.106995Z DEBUG gtk_status_bar::pw: 📡 PipeWire connected: pipewire-0
2026-07-13T04:48:16+00:00 machine gtk-status-bar[1196]: 2026-07-13T04:48:16.110321Z DEBUG gtk_status_bar::pw: 🚫 Skipping metadata '' (props: Some(DictRef { flags: Flags(0x0), entries: {"object.serial": "0", "core.name": "pipewire-0"} }))
2026-07-13T04:48:16+00:00 machine gtk-status-bar[1196]: 2026-07-13T04:48:16.112940Z DEBUG gtk_status_bar::pw: 🚫 Skipping metadata '' (props: Some(DictRef { flags: Flags(0x0), entries: {"object.serial": "1", "module.name": "libpipewire-module-rt"} }))
2026-07-13T04:48:16+00:00 machine gtk-status-bar[1196]: 2026-07-13T04:48:16.112961Z DEBUG gtk_status_bar::pw: 🚫 Skipping metadata '' (props: Some(DictRef { flags: Flags(0x0), entries: {"object.serial": "3"} }))
2026-07-13T04:48:16+00:00 machine gtk-status-bar[1196]: 2026-07-13T04:48:16.112979Z DEBUG gtk_status_bar::pw: 🚫 Skipping metadata '' (props: Some(DictRef { flags: Flags(0x0), entries: {"object.serial": "2", "module.name": "libpipewire-module-protocol-native"} }))
2026-07-13T04:48:16+00:00 machine gtk-status-bar[1196]: 2026-07-13T04:48:16.112996Z DEBUG gtk_status_bar::pw: 🚫 Skipping metadata '' (props: Some(DictRef { flags: Flags(0x0), entries: {"object.serial": "5"} }))
2026-07-13T04:48:16+00:00 machine gtk-status-bar[1196]: 2026-07-13T04:48:16.113012Z DEBUG gtk_status_bar::pw: 🚫 Skipping metadata '' (props: Some(DictRef { flags: Flags(0x0), entries: {"object.serial": "4", "module.name": "libpipewire-module-profiler"} }))
2026-07-13T04:48:16+00:00 machine gtk-status-bar[1196]: 2026-07-13T04:48:16.113028Z DEBUG gtk_status_bar::pw: 🚫 Skipping metadata '' (props: Some(DictRef { flags: Flags(0x0), entries: {"object.serial": "6", "module.name": "libpipewire-module-metadata"} }))
2026-07-13T04:48:16+00:00 machine gtk-status-bar[1196]: 2026-07-13T04:48:16.113044Z DEBUG gtk_status_bar::pw: 🚫 Skipping metadata '' (props: Some(DictRef { flags: Flags(0x0), entries: {"object.serial": "7", "module.id": "6", "factory.name": "metadata", "factory.type.name": "PipeWire:Interface:Metadata", "factory.type.version": "3"} }))
2026-07-13T04:48:16+00:00 machine gtk-status-bar[1196]: 2026-07-13T04:48:16.113062Z DEBUG gtk_status_bar::pw: 🚫 Skipping metadata '' (props: Some(DictRef { flags: Flags(0x0), entries: {"object.serial": "8", "module.name": "libpipewire-module-spa-device-factory"} }))
2026-07-13T04:48:16+00:00 machine gtk-status-bar[1196]: 2026-07-13T04:48:16.113079Z DEBUG gtk_status_bar::pw: 🚫 Skipping metadata '' (props: Some(DictRef { flags: Flags(0x0), entries: {"object.serial": "9", "module.id": "8", "factory.name": "spa-device-factory", "factory.type.name": "PipeWire:Interface:Device", "factory.type.version": "3"} }))
2026-07-13T04:48:16+00:00 machine gtk-status-bar[1196]: 2026-07-13T04:48:16.113105Z DEBUG gtk_status_bar::pw: 🚫 Skipping metadata '' (props: Some(DictRef { flags: Flags(0x0), entries: {"object.serial": "10", "module.name": "libpipewire-module-spa-node-factory"} }))
2026-07-13T04:48:16+00:00 machine gtk-status-bar[1196]: 2026-07-13T04:48:16.113122Z DEBUG gtk_status_bar::pw: 🚫 Skipping metadata '' (props: Some(DictRef { flags: Flags(0x0), entries: {"object.serial": "11", "module.id": "10", "factory.name": "spa-node-factory", "factory.type.name": "PipeWire:Interface:Node", "factory.type.version": "3"} }))
2026-07-13T04:48:16+00:00 machine gtk-status-bar[1196]: 2026-07-13T04:48:16.113138Z DEBUG gtk_status_bar::pw: 🚫 Skipping metadata '' (props: Some(DictRef { flags: Flags(0x0), entries: {"object.serial": "12", "module.name": "libpipewire-module-client-node"} }))
2026-07-13T04:48:16+00:00 machine gtk-status-bar[1196]: 2026-07-13T04:48:16.113155Z DEBUG gtk_status_bar::pw: 🚫 Skipping metadata '' (props: Some(DictRef { flags: Flags(0x0), entries: {"object.serial": "13", "module.id": "12", "factory.name": "client-node", "factory.type.name": "PipeWire:Interface:ClientNode", "factory.type.version": "6"} }))
2026-07-13T04:48:16+00:00 machine gtk-status-bar[1196]: 2026-07-13T04:48:16.113172Z DEBUG gtk_status_bar::pw: 🚫 Skipping metadata '' (props: Some(DictRef { flags: Flags(0x0), entries: {"object.serial": "14", "module.name": "libpipewire-module-client-device"} }))
2026-07-13T04:48:16+00:00 machine gtk-status-bar[1196]: 2026-07-13T04:48:16.113188Z DEBUG gtk_status_bar::pw: 🚫 Skipping metadata '' (props: Some(DictRef { flags: Flags(0x0), entries: {"object.serial": "15", "module.id": "14", "factory.name": "client-device", "factory.type.name": "Spa:Pointer:Interface:Device", "factory.type.version": "0"} }))
2026-07-13T04:48:16+00:00 machine gtk-status-bar[1196]: 2026-07-13T04:48:16.113205Z DEBUG gtk_status_bar::pw: 🚫 Skipping metadata '' (props: Some(DictRef { flags: Flags(0x0), entries: {"object.serial": "16", "module.name": "libpipewire-module-portal"} }))
2026-07-13T04:48:16+00:00 machine gtk-status-bar[1196]: 2026-07-13T04:48:16.113221Z DEBUG gtk_status_bar::pw: 🚫 Skipping metadata '' (props: Some(DictRef { flags: Flags(0x0), entries: {"object.serial": "17", "module.name": "libpipewire-module-access"} }))
2026-07-13T04:48:16+00:00 machine gtk-status-bar[1196]: 2026-07-13T04:48:16.113238Z DEBUG gtk_status_bar::pw: 🚫 Skipping metadata '' (props: Some(DictRef { flags: Flags(0x0), entries: {"object.serial": "18", "module.name": "libpipewire-module-adapter"} }))
2026-07-13T04:48:16+00:00 machine gtk-status-bar[1196]: 2026-07-13T04:48:16.113255Z DEBUG gtk_status_bar::pw: 🚫 Skipping metadata '' (props: Some(DictRef { flags: Flags(0x0), entries: {"object.serial": "19", "module.id": "18", "factory.name": "adapter", "factory.type.name": "PipeWire:Interface:Node", "factory.type.version": "3"} }))
2026-07-13T04:48:16+00:00 machine gtk-status-bar[1196]: 2026-07-13T04:48:16.113271Z DEBUG gtk_status_bar::pw: 🚫 Skipping metadata '' (props: Some(DictRef { flags: Flags(0x0), entries: {"object.serial": "20", "module.name": "libpipewire-module-link-factory"} }))
2026-07-13T04:48:16+00:00 machine gtk-status-bar[1196]: 2026-07-13T04:48:16.113322Z DEBUG gtk_status_bar::pw: 🚫 Skipping metadata '' (props: Some(DictRef { flags: Flags(0x0), entries: {"object.serial": "21", "module.id": "20", "factory.name": "link-factory", "factory.type.name": "PipeWire:Interface:Link", "factory.type.version": "3"} }))
2026-07-13T04:48:16+00:00 machine gtk-status-bar[1196]: 2026-07-13T04:48:16.113460Z DEBUG gtk_status_bar::pw: 🚫 Skipping metadata '' (props: Some(DictRef { flags: Flags(0x0), entries: {"object.serial": "22", "module.name": "libpipewire-module-session-manager"} }))
2026-07-13T04:48:16+00:00 machine gtk-status-bar[1196]: 2026-07-13T04:48:16.113478Z DEBUG gtk_status_bar::pw: 🚫 Skipping metadata '' (props: Some(DictRef { flags: Flags(0x0), entries: {"object.serial": "23", "module.id": "22", "factory.name": "client-endpoint", "factory.type.name": "PipeWire:Interface:ClientEndpoint", "factory.type.version": "0"} }))
2026-07-13T04:48:16+00:00 machine gtk-status-bar[1196]: 2026-07-13T04:48:16.113496Z DEBUG gtk_status_bar::pw: 🚫 Skipping metadata '' (props: Some(DictRef { flags: Flags(0x0), entries: {"object.serial": "24", "module.id": "22", "factory.name": "client-session", "factory.type.name": "PipeWire:Interface:ClientSession", "factory.type.version": "0"} }))
2026-07-13T04:48:16+00:00 machine gtk-status-bar[1196]: 2026-07-13T04:48:16.113513Z DEBUG gtk_status_bar::pw: 🚫 Skipping metadata '' (props: Some(DictRef { flags: Flags(0x0), entries: {"object.serial": "25", "module.id": "22", "factory.name": "session", "factory.type.name": "PipeWire:Interface:Session", "factory.type.version": "0"} }))
2026-07-13T04:48:16+00:00 machine gtk-status-bar[1196]: 2026-07-13T04:48:16.113530Z DEBUG gtk_status_bar::pw: 🚫 Skipping metadata '' (props: Some(DictRef { flags: Flags(0x0), entries: {"object.serial": "26", "module.id": "22", "factory.name": "endpoint", "factory.type.name": "PipeWire:Interface:Endpoint", "factory.type.version": "0"} }))
2026-07-13T04:48:16+00:00 machine gtk-status-bar[1196]: 2026-07-13T04:48:16.113546Z DEBUG gtk_status_bar::pw: 🚫 Skipping metadata '' (props: Some(DictRef { flags: Flags(0x0), entries: {"object.serial": "27", "module.id": "22", "factory.name": "endpoint-stream", "factory.type.name": "PipeWire:Interface:EndpointStream", "factory.type.version": "0"} }))
2026-07-13T04:48:16+00:00 machine gtk-status-bar[1196]: 2026-07-13T04:48:16.113564Z DEBUG gtk_status_bar::pw: 🚫 Skipping metadata '' (props: Some(DictRef { flags: Flags(0x0), entries: {"object.serial": "28", "module.id": "22", "factory.name": "endpoint-link", "factory.type.name": "PipeWire:Interface:EndpointLink", "factory.type.version": "0"} }))
2026-07-13T04:48:16+00:00 machine gtk-status-bar[1196]: 2026-07-13T04:48:16.113580Z DEBUG gtk_status_bar::pw: 🚫 Skipping metadata '' (props: Some(DictRef { flags: Flags(0x0), entries: {"object.serial": "29", "module.name": "libpipewire-module-x11-bell"} }))
2026-07-13T04:48:16+00:00 machine gtk-status-bar[1196]: 2026-07-13T04:48:16.113596Z DEBUG gtk_status_bar::pw: 🚫 Skipping metadata '' (props: Some(DictRef { flags: Flags(0x0), entries: {"object.serial": "30", "module.name": "libpipewire-module-jackdbus-detect"} }))
2026-07-13T04:48:16+00:00 machine gtk-status-bar[1196]: 2026-07-13T04:48:16.113613Z DEBUG gtk_status_bar::pw: 🚫 Skipping metadata '' (props: Some(DictRef { flags: Flags(0x0), entries: {"object.serial": "31", "factory.id": "11", "priority.driver": "200000", "node.name": "Dummy-Driver"} }))
2026-07-13T04:48:16+00:00 machine gtk-status-bar[1196]: 2026-07-13T04:48:16.113630Z DEBUG gtk_status_bar::pw: 🔍 Checking node - media.class: None
2026-07-13T04:48:16+00:00 machine gtk-status-bar[1196]: 2026-07-13T04:48:16.118606Z DEBUG gtk_status_bar::pw: 🔍 Node filter result: false for media.class: None
2026-07-13T04:48:16+00:00 machine gtk-status-bar[1196]: 2026-07-13T04:48:16.118638Z DEBUG gtk_status_bar::pw: 🚫 Skipping metadata '' (props: Some(DictRef { flags: Flags(0x0), entries: {"object.serial": "32", "factory.id": "11", "priority.driver": "190000", "node.name": "Freewheel-Driver"} }))
2026-07-13T04:48:16+00:00 machine gtk-status-bar[1196]: 2026-07-13T04:48:16.118660Z DEBUG gtk_status_bar::pw: 🔍 Checking node - media.class: None
2026-07-13T04:48:16+00:00 machine gtk-status-bar[1196]: 2026-07-13T04:48:16.118673Z DEBUG gtk_status_bar::pw: 🔍 Node filter result: false for media.class: None
2026-07-13T04:48:16+00:00 machine gtk-status-bar[1196]: 2026-07-13T04:48:16.118688Z DEBUG gtk_status_bar::pw: 🚫 Skipping metadata 'settings' (props: Some(DictRef { flags: Flags(0x0), entries: {"object.serial": "33", "metadata.name": "settings"} }))
2026-07-13T04:48:16+00:00 machine gtk-status-bar[1196]: 2026-07-13T04:48:16.118706Z DEBUG gtk_status_bar::pw: 🚫 Skipping metadata '' (props: Some(DictRef { flags: Flags(0x0), entries: {"object.serial": "34", "module.id": "2", "pipewire.protocol": "protocol-native", "pipewire.sec.pid": "1245", "pipewire.sec.uid": "1000", "pipewire.sec.gid": "100", "pipewire.sec.socket": "pipewire-0", "application.name": ".xdg-desktop-portal-wrapped", "pipewire.access": "unrestricted"} }))
2026-07-13T04:48:16+00:00 machine gtk-status-bar[1196]: 2026-07-13T04:48:16.118724Z DEBUG gtk_status_bar::pw: 🚫 Skipping metadata '' (props: Some(DictRef { flags: Flags(0x0), entries: {"object.serial": "35", "module.id": "2", "pipewire.protocol": "protocol-native", "pipewire.sec.pid": "1337", "pipewire.sec.uid": "1000", "pipewire.sec.gid": "100", "pipewire.sec.socket": "pipewire-0-manager", "application.name": "WirePlumber", "pipewire.access": "unrestricted"} }))
2026-07-13T04:48:16+00:00 machine gtk-status-bar[1196]: 2026-07-13T04:48:16.118742Z DEBUG gtk_status_bar::pw: 🚫 Skipping metadata 'schema-sm-settings' (props: Some(DictRef { flags: Flags(0x0), entries: {"metadata.name": "schema-sm-settings", "factory.id": "7", "module.id": "6", "client.id": "35", "object.serial": "36"} }))
2026-07-13T04:48:16+00:00 machine gtk-status-bar[1196]: 2026-07-13T04:48:16.118758Z DEBUG gtk_status_bar::pw: 🚫 Skipping metadata 'persistent-sm-settings' (props: Some(DictRef { flags: Flags(0x0), entries: {"metadata.name": "persistent-sm-settings", "factory.id": "7", "module.id": "6", "client.id": "35", "object.serial": "37"} }))
2026-07-13T04:48:16+00:00 machine gtk-status-bar[1196]: 2026-07-13T04:48:16.118775Z DEBUG gtk_status_bar::pw: 🚫 Skipping metadata 'sm-settings' (props: Some(DictRef { flags: Flags(0x0), entries: {"metadata.name": "sm-settings", "factory.id": "7", "module.id": "6", "client.id": "35", "object.serial": "38"} }))
2026-07-13T04:48:16+00:00 machine gtk-status-bar[1196]: 2026-07-13T04:48:16.118792Z DEBUG gtk_status_bar::pw: 🚫 Skipping metadata 'sm-objects' (props: Some(DictRef { flags: Flags(0x0), entries: {"metadata.name": "sm-objects", "factory.id": "7", "module.id": "6", "client.id": "35", "object.serial": "39"} }))
2026-07-13T04:48:16+00:00 machine gtk-status-bar[1196]: 2026-07-13T04:48:16.118808Z DEBUG gtk_status_bar::pw: 🚫 Skipping metadata 'default-profile' (props: Some(DictRef { flags: Flags(0x0), entries: {"wireplumber.state": "true", "metadata.name": "default-profile", "factory.id": "7", "module.id": "6", "client.id": "35", "object.serial": "40"} }))
2026-07-13T04:48:16+00:00 machine gtk-status-bar[1196]: 2026-07-13T04:48:16.118826Z DEBUG gtk_status_bar::pw: ✅ Processing metadata.name == default
2026-07-13T04:48:16+00:00 machine gtk-status-bar[1196]: 2026-07-13T04:48:16.118840Z DEBUG gtk_status_bar::pw: 📋 Found metadata object: Some(DictRef { flags: Flags(0x0), entries: {"metadata.name": "default", "factory.id": "7", "module.id": "6", "client.id": "35", "object.serial": "41"} })
2026-07-13T04:48:16+00:00 machine gtk-status-bar[1196]: 2026-07-13T04:48:16.118883Z DEBUG gtk_status_bar::pw: 📋 Bound 'default' Metadata (id=3)
2026-07-13T04:48:16+00:00 machine gtk-status-bar[1196]: 2026-07-13T04:48:16.119083Z DEBUG gtk_status_bar::pw: 🚫 Skipping metadata 'filters' (props: Some(DictRef { flags: Flags(0x0), entries: {"metadata.name": "filters", "factory.id": "7", "module.id": "6", "client.id": "35", "object.serial": "43"} }))
2026-07-13T04:48:16+00:00 machine gtk-status-bar[1196]: 2026-07-13T04:48:16.119113Z DEBUG gtk_status_bar::pw: 🚫 Skipping metadata 'route-settings' (props: Some(DictRef { flags: Flags(0x0), entries: {"metadata.name": "route-settings", "factory.id": "7", "module.id": "6", "client.id": "35", "object.serial": "44"} }))
2026-07-13T04:48:16+00:00 machine gtk-status-bar[1196]: 2026-07-13T04:48:16.119133Z DEBUG gtk_status_bar::pw: 🚫 Skipping metadata '' (props: Some(DictRef { flags: Flags(0x0), entries: {"object.serial": "45", "module.id": "2", "pipewire.protocol": "protocol-native", "pipewire.sec.pid": "1337", "pipewire.sec.uid": "1000", "pipewire.sec.gid": "100", "pipewire.sec.socket": "pipewire-0-manager", "application.name": "WirePlumber [export]", "pipewire.access": "unrestricted"} }))
2026-07-13T04:48:16+00:00 machine gtk-status-bar[1196]: 2026-07-13T04:48:16.119152Z DEBUG gtk_status_bar::pw: 🚫 Skipping metadata '' (props: Some(DictRef { flags: Flags(0x0), entries: {"object.serial": "42", "module.id": "2", "pipewire.protocol": "protocol-native", "pipewire.sec.pid": "1351", "pipewire.sec.uid": "1000", "pipewire.sec.gid": "100", "pipewire.sec.socket": "pipewire-0", "application.name": ".xdg-desktop-portal-hyprland-wrapped", "pipewire.access": "unrestricted"} }))
2026-07-13T04:48:16+00:00 machine gtk-status-bar[1196]: 2026-07-13T04:48:16.119170Z DEBUG gtk_status_bar::pw: 🚫 Skipping metadata '' (props: Some(DictRef { flags: Flags(0x0), entries: {"object.serial": "46", "factory.id": "11", "client.id": "45", "priority.session": "100", "priority.driver": "1", "node.name": "Midi-Bridge", "media.class": "Midi/Bridge"} }))
2026-07-13T04:48:16+00:00 machine gtk-status-bar[1196]: 2026-07-13T04:48:16.119186Z DEBUG gtk_status_bar::pw: 🔍 Checking node - media.class: Some("Midi/Bridge")
2026-07-13T04:48:16+00:00 machine gtk-status-bar[1196]: 2026-07-13T04:48:16.119201Z DEBUG gtk_status_bar::pw: 🔍 Node filter result: false for media.class: Some("Midi/Bridge")
2026-07-13T04:48:16+00:00 machine gtk-status-bar[1196]: 2026-07-13T04:48:16.119217Z DEBUG gtk_status_bar::pw: 🚫 Skipping metadata '' (props: Some(DictRef { flags: Flags(0x0), entries: {"object.serial": "47", "object.path": "alsa:seq:default:client_14:playback_0", "format.dsp": "8 bit raw midi", "node.id": "46", "port.id": "0", "port.name": "Midi Through: Port-0 (playback)", "port.direction": "in", "port.physical": "true", "port.terminal": "true", "port.alias": "Midi Through:Midi Through Port-0", "port.group": "client_14"} }))
2026-07-13T04:48:16+00:00 machine gtk-status-bar[1196]: 2026-07-13T04:48:16.119235Z DEBUG gtk_status_bar::pw: 🚫 Skipping metadata '' (props: Some(DictRef { flags: Flags(0x0), entries: {"object.serial": "48", "object.path": "alsa:seq:default:client_14:capture_0", "format.dsp": "8 bit raw midi", "node.id": "46", "port.id": "0", "port.name": "Midi Through: Port-0 (capture)", "port.direction": "out", "port.physical": "true", "port.terminal": "true", "port.alias": "Midi Through:Midi Through Port-0", "port.group": "client_14"} }))
2026-07-13T04:48:16+00:00 machine gtk-status-bar[1196]: 2026-07-13T04:48:16.119254Z DEBUG gtk_status_bar::pw: 🚫 Skipping metadata '' (props: Some(DictRef { flags: Flags(0x0), entries: {"object.serial": "49", "factory.id": "14", "client.id": "45", "node.description": "BLE MIDI 1", "node.name": "bluez_midi.server", "media.class": "Midi/Bridge"} }))
2026-07-13T04:48:16+00:00 machine gtk-status-bar[1196]: 2026-07-13T04:48:16.119270Z DEBUG gtk_status_bar::pw: 🔍 Checking node - media.class: Some("Midi/Bridge")
2026-07-13T04:48:16+00:00 machine gtk-status-bar[1196]: 2026-07-13T04:48:16.119327Z DEBUG gtk_status_bar::pw: 🔍 Node filter result: false for media.class: Some("Midi/Bridge")
2026-07-13T04:48:16+00:00 machine gtk-status-bar[1196]: 2026-07-13T04:48:16.119343Z DEBUG gtk_status_bar::pw: 🚫 Skipping metadata '' (props: Some(DictRef { flags: Flags(0x0), entries: {"object.serial": "50", "object.path": "bluez_midi.server:input_0", "format.dsp": "8 bit raw midi", "node.id": "49", "port.id": "0", "port.name": "in", "port.direction": "in", "port.physical": "true", "port.terminal": "true", "port.alias": "in", "port.group": "group.0"} }))
2026-07-13T04:48:16+00:00 machine gtk-status-bar[1196]: 2026-07-13T04:48:16.119374Z DEBUG gtk_status_bar::pw: 🚫 Skipping metadata '' (props: Some(DictRef { flags: Flags(0x0), entries: {"object.serial": "51", "object.path": "bluez_midi.server:output_0", "format.dsp": "8 bit raw midi", "node.id": "49", "port.id": "0", "port.name": "out", "port.direction": "out", "port.physical": "true", "port.terminal": "true", "port.alias": "out", "port.group": "group.0"} }))
2026-07-13T04:48:16+00:00 machine gtk-status-bar[1196]: 2026-07-13T04:48:16.119393Z DEBUG gtk_status_bar::pw: 🚫 Skipping metadata '' (props: Some(DictRef { flags: Flags(0x0), entries: {"object.serial": "52", "module.id": "2", "pipewire.protocol": "protocol-native", "pipewire.sec.pid": "1196", "pipewire.sec.uid": "1000", "pipewire.sec.gid": "100", "pipewire.sec.socket": "pipewire-0", "application.name": ".gtk-status-bar-wrapped", "pipewire.access": "unrestricted"} }))
2026-07-13T04:48:16+00:00 machine gtk-status-bar[1196]: 2026-07-13T04:48:16.652887Z  INFO gtk_status_bar::tray: Status notifier item registered item=":1.42/StatusNotifierItem"
2026-07-13T04:48:16+00:00 machine gtk-status-bar[1196]: 2026-07-13T04:48:16.748123Z  INFO gtk_status_bar::network: Network reachability probe completed target=198.51.100.1 success=false elapsed_ms=780
2026-07-13T04:48:16+00:00 machine gtk-status-bar[1196]: 2026-07-13T04:48:16.748168Z DEBUG gtk_status_bar::network: Sent network update label="\u{f0925} 73% ?"
2026-07-13T04:48:16+00:00 machine gtk-status-bar[1196]: 2026-07-13T04:48:16.887878Z  INFO gtk_status_bar::widgets: Added system tray item item=":1.42/StatusNotifierItem"
2026-07-13T04:48:16+00:00 machine gtk-status-bar[1196]: 2026-07-13T04:48:16.887964Z DEBUG gtk_status_bar::widgets: Updating network label: 󰤥 73% ?
2026-07-13T04:48:17+00:00 machine gtk-status-bar[1196]: 2026-07-13T04:48:17.150945Z DEBUG gtk_status_bar::pw: 🚫 Skipping metadata '' (props: Some(DictRef { flags: Flags(0x0), entries: {"object.serial": "53", "module.id": "2", "pipewire.protocol": "protocol-native", "pipewire.sec.pid": "1414", "pipewire.sec.uid": "1000", "pipewire.sec.gid": "100", "pipewire.sec.socket": "pipewire-0", "application.name": "pipewire", "pipewire.access": "unrestricted"} }))
2026-07-13T04:48:17+00:00 machine gtk-status-bar[1196]: 2026-07-13T04:48:17.190982Z DEBUG gtk_status_bar::pw: 🚫 Skipping metadata '' (props: Some(DictRef { flags: Flags(0x0), entries: {"object.serial": "54", "factory.id": "19", "client.id": "53", "node.description": "Dummy Output", "node.name": "auto_null", "media.class": "Audio/Sink"} }))
2026-07-13T04:48:17+00:00 machine gtk-status-bar[1196]: 2026-07-13T04:48:17.191038Z DEBUG gtk_status_bar::pw: 🔍 Checking node - media.class: Some("Audio/Sink")
2026-07-13T04:48:17+00:00 machine gtk-status-bar[1196]: 2026-07-13T04:48:17.191058Z DEBUG gtk_status_bar::pw: 🔍 Node filter result: true for media.class: Some("Audio/Sink")
2026-07-13T04:48:17+00:00 machine gtk-status-bar[1196]: 2026-07-13T04:48:17.191108Z DEBUG gtk_status_bar::pw: 📱 Monitoring audio node: Dummy Output (4) [node.name: auto_null]
2026-07-13T04:48:17+00:00 machine gtk-status-bar[1196]: 2026-07-13T04:48:17.191130Z DEBUG gtk_status_bar::pw: 🔗 ADDING NODE LISTENER for node.name: auto_null
2026-07-13T04:48:17+00:00 machine gtk-status-bar[1196]: 2026-07-13T04:48:17.191153Z DEBUG gtk_status_bar::pw: 📝 Added device to HashMap: 4 -> (auto_null, Dummy Output, no volume yet)
2026-07-13T04:48:17+00:00 machine gtk-status-bar[1196]: 2026-07-13T04:48:17.191172Z DEBUG gtk_status_bar::pw: 🗂️ Current device map size: 1
2026-07-13T04:48:17+00:00 machine gtk-status-bar[1196]: 2026-07-13T04:48:17.192529Z DEBUG gtk_status_bar::pw: 🚫 Skipping metadata '' (props: Some(DictRef { flags: Flags(0x0), entries: {"object.serial": "55", "module.id": "2", "pipewire.protocol": "protocol-native", "pipewire.sec.pid": "1414", "pipewire.sec.uid": "1000", "pipewire.sec.gid": "100", "pipewire.sec.socket": "pipewire-0", "application.name": "Blueman", "pipewire.access": "unrestricted"} }))
2026-07-13T04:48:17+00:00 machine gtk-status-bar[1196]: 2026-07-13T04:48:17.236871Z DEBUG gtk_status_bar::pw: 🎛️  NODE PARAM CALLBACK: Dummy Output (4) received Props param
2026-07-13T04:48:17+00:00 machine gtk-status-bar[1196]: 2026-07-13T04:48:17.241937Z DEBUG gtk_status_bar::pw: 🔊 Node 4: Dummy Output - Vol: Some(100)% | Ch: Some(100)% | Mute: Some(false) [CACHING]
2026-07-13T04:48:17+00:00 machine gtk-status-bar[1196]: 2026-07-13T04:48:17.241974Z DEBUG gtk_status_bar::pw: 📝 Updated volume cache for device 4: Dummy Output -> Vol: Some(100)%, Ch: Some(100)%, Mute: Some(false)
2026-07-13T04:48:17+00:00 machine gtk-status-bar[1196]: 2026-07-13T04:48:17.242161Z DEBUG gtk_status_bar::pw: 🎯 Checking if device 4 is default: current_default=None, node_name=auto_null, is_default=false
2026-07-13T04:48:17+00:00 machine gtk-status-bar[1196]: 2026-07-13T04:48:17.242178Z DEBUG gtk_status_bar::pw: 📊 Cached volume for non-default device 4 (Dummy Output)
2026-07-13T04:48:17+00:00 machine gtk-status-bar[1196]: 2026-07-13T04:48:17.242203Z ERROR gtk_status_bar::pw: ❌ PipeWire error id:4 seq:5 res:-2: enum params id:13 (Spa:Enum:ParamId:Route) failed
2026-07-13T04:48:17+00:00 machine gtk-status-bar[1196]: 2026-07-13T04:48:17.267654Z DEBUG gtk_status_bar::pw: 🎛️  NODE PARAM CALLBACK: Dummy Output (4) received Props param
2026-07-13T04:48:17+00:00 machine gtk-status-bar[1196]: 2026-07-13T04:48:17.269340Z DEBUG gtk_status_bar::pw: 🔊 Node 4: Dummy Output - Vol: Some(100)% | Ch: Some(100)% | Mute: Some(false) [CACHING]
2026-07-13T04:48:17+00:00 machine gtk-status-bar[1196]: 2026-07-13T04:48:17.269373Z DEBUG gtk_status_bar::pw: 📝 Updated volume cache for device 4: Dummy Output -> Vol: Some(100)%, Ch: Some(100)%, Mute: Some(false)
2026-07-13T04:48:17+00:00 machine gtk-status-bar[1196]: 2026-07-13T04:48:17.269395Z DEBUG gtk_status_bar::pw: 🎯 Checking if device 4 is default: current_default=None, node_name=auto_null, is_default=false
2026-07-13T04:48:17+00:00 machine gtk-status-bar[1196]: 2026-07-13T04:48:17.269413Z DEBUG gtk_status_bar::pw: 📊 Cached volume for non-default device 4 (Dummy Output)
2026-07-13T04:48:17+00:00 machine gtk-status-bar[1196]: 2026-07-13T04:48:17.269438Z DEBUG gtk_status_bar::pw: 🎛️  NODE PARAM CALLBACK: Dummy Output (4) received Props param
2026-07-13T04:48:17+00:00 machine gtk-status-bar[1196]: 2026-07-13T04:48:17.269461Z DEBUG gtk_status_bar::pw: 🔊 Node 4: Dummy Output - Vol: Some(100)% | Ch: Some(100)% | Mute: Some(false) [CACHING]
2026-07-13T04:48:17+00:00 machine gtk-status-bar[1196]: 2026-07-13T04:48:17.269477Z DEBUG gtk_status_bar::pw: 📝 Updated volume cache for device 4: Dummy Output -> Vol: Some(100)%, Ch: Some(100)%, Mute: Some(false)
2026-07-13T04:48:17+00:00 machine gtk-status-bar[1196]: 2026-07-13T04:48:17.269494Z DEBUG gtk_status_bar::pw: 🎯 Checking if device 4 is default: current_default=None, node_name=auto_null, is_default=false
2026-07-13T04:48:17+00:00 machine gtk-status-bar[1196]: 2026-07-13T04:48:17.269512Z DEBUG gtk_status_bar::pw: 📊 Cached volume for non-default device 4 (Dummy Output)
2026-07-13T04:48:17+00:00 machine gtk-status-bar[1196]: 2026-07-13T04:48:17.269535Z DEBUG gtk_status_bar::pw: 🚫 Skipping metadata '' (props: Some(DictRef { flags: Flags(0x0), entries: {"object.serial": "56", "object.path": "auto_null:playback_0", "format.dsp": "32 bit float mono audio", "node.id": "54", "audio.channel": "FL", "port.id": "0", "port.name": "playback_FL", "port.direction": "in", "port.alias": "Dummy Output:playback_FL", "port.group": "stream.0"} }))
2026-07-13T04:48:17+00:00 machine gtk-status-bar[1196]: 2026-07-13T04:48:17.269562Z DEBUG gtk_status_bar::pw: 🚫 Skipping metadata '' (props: Some(DictRef { flags: Flags(0x0), entries: {"object.serial": "57", "object.path": "auto_null:playback_1", "format.dsp": "32 bit float mono audio", "node.id": "54", "audio.channel": "FR", "port.id": "1", "port.name": "playback_FR", "port.direction": "in", "port.alias": "Dummy Output:playback_FR", "port.group": "stream.0"} }))
2026-07-13T04:48:17+00:00 machine gtk-status-bar[1196]: 2026-07-13T04:48:17.269589Z DEBUG gtk_status_bar::pw: 🚫 Skipping metadata '' (props: Some(DictRef { flags: Flags(0x0), entries: {"object.serial": "58", "object.path": "auto_null:monitor_0", "format.dsp": "32 bit float mono audio", "node.id": "54", "audio.channel": "FL", "port.id": "0", "port.name": "monitor_FL", "port.direction": "out", "port.monitor": "true", "port.alias": "Dummy Output:monitor_FL", "port.group": "stream.0"} }))
2026-07-13T04:48:17+00:00 machine gtk-status-bar[1196]: 2026-07-13T04:48:17.269616Z DEBUG gtk_status_bar::pw: 🚫 Skipping metadata '' (props: Some(DictRef { flags: Flags(0x0), entries: {"object.serial": "59", "object.path": "auto_null:monitor_1", "format.dsp": "32 bit float mono audio", "node.id": "54", "audio.channel": "FR", "port.id": "1", "port.name": "monitor_FR", "port.direction": "out", "port.monitor": "true", "port.alias": "Dummy Output:monitor_FR", "port.group": "stream.0"} }))
2026-07-13T04:48:17+00:00 machine gtk-status-bar[1196]: 2026-07-13T04:48:17.269641Z DEBUG gtk_status_bar::pw: 🎛️  NODE PARAM CALLBACK: Dummy Output (4) received Props param
2026-07-13T04:48:17+00:00 machine gtk-status-bar[1196]: 2026-07-13T04:48:17.269662Z DEBUG gtk_status_bar::pw: 🔊 Node 4: Dummy Output - Vol: Some(100)% | Ch: Some(100)% | Mute: Some(false) [CACHING]
2026-07-13T04:48:17+00:00 machine gtk-status-bar[1196]: 2026-07-13T04:48:17.269677Z DEBUG gtk_status_bar::pw: 📝 Updated volume cache for device 4: Dummy Output -> Vol: Some(100)%, Ch: Some(100)%, Mute: Some(false)
2026-07-13T04:48:17+00:00 machine gtk-status-bar[1196]: 2026-07-13T04:48:17.269693Z DEBUG gtk_status_bar::pw: 🎯 Checking if device 4 is default: current_default=None, node_name=auto_null, is_default=false
2026-07-13T04:48:17+00:00 machine gtk-status-bar[1196]: 2026-07-13T04:48:17.269708Z DEBUG gtk_status_bar::pw: 📊 Cached volume for non-default device 4 (Dummy Output)
2026-07-13T04:48:17+00:00 machine gtk-status-bar[1196]: 2026-07-13T04:48:17.394594Z DEBUG gtk_status_bar::pw: 🎛️  NODE PARAM CALLBACK: Dummy Output (4) received Props param
2026-07-13T04:48:17+00:00 machine gtk-status-bar[1196]: 2026-07-13T04:48:17.394629Z DEBUG gtk_status_bar::pw: 🔊 Node 4: Dummy Output - Vol: Some(100)% | Ch: Some(100)% | Mute: Some(false) [CACHING]
2026-07-13T04:48:17+00:00 machine gtk-status-bar[1196]: 2026-07-13T04:48:17.394646Z DEBUG gtk_status_bar::pw: 📝 Updated volume cache for device 4: Dummy Output -> Vol: Some(100)%, Ch: Some(100)%, Mute: Some(false)
2026-07-13T04:48:17+00:00 machine gtk-status-bar[1196]: 2026-07-13T04:48:17.394660Z DEBUG gtk_status_bar::pw: 🎯 Checking if device 4 is default: current_default=None, node_name=auto_null, is_default=false
2026-07-13T04:48:17+00:00 machine gtk-status-bar[1196]: 2026-07-13T04:48:17.394675Z DEBUG gtk_status_bar::pw: 📊 Cached volume for non-default device 4 (Dummy Output)
2026-07-13T04:48:17+00:00 machine gtk-status-bar[1196]: 2026-07-13T04:48:17.415834Z DEBUG gtk_status_bar::pw: 📝 metadata.property subject=0 key=Some("default.audio.sink") value=Some("{\"name\":\"auto_null\"}")
2026-07-13T04:48:17+00:00 machine gtk-status-bar[1196]: 2026-07-13T04:48:17.415864Z DEBUG gtk_status_bar::pw: 🔍 Processing metadata property: default.audio.sink={"name":"auto_null"}
2026-07-13T04:48:17+00:00 machine gtk-status-bar[1196]: 2026-07-13T04:48:17.415897Z  INFO gtk_status_bar::pw: 🔄 Default sink -> auto_null
2026-07-13T04:48:17+00:00 machine gtk-status-bar[1196]: 2026-07-13T04:48:17.415911Z DEBUG gtk_status_bar::pw: 🎯 SINK CHANGE: None -> auto_null (should trigger volume fetch)
2026-07-13T04:48:17+00:00 machine gtk-status-bar[1196]: 2026-07-13T04:48:17.415925Z DEBUG gtk_status_bar::pw: 🗂️ Searching device map for default sink 'auto_null'
2026-07-13T04:48:17+00:00 machine gtk-status-bar[1196]: 2026-07-13T04:48:17.415938Z DEBUG gtk_status_bar::pw: 🗂️ Current device map contents: {4: ("auto_null", "Dummy Output", Some(100), Some(100), Some(false))}
2026-07-13T04:48:17+00:00 machine gtk-status-bar[1196]: 2026-07-13T04:48:17.415955Z DEBUG gtk_status_bar::pw: 🔍 Checking device 4: node_name='auto_null', description='Dummy Output' against default sink 'auto_null'
2026-07-13T04:48:17+00:00 machine gtk-status-bar[1196]: 2026-07-13T04:48:17.415977Z DEBUG gtk_status_bar::pw: 🎯 MATCH! Found device 4 with node_name 'auto_null' matching default sink
2026-07-13T04:48:17+00:00 machine gtk-status-bar[1196]: 2026-07-13T04:48:17.415991Z DEBUG gtk_status_bar::pw: 🎨 Updating GUI label to: 'Dummy Output' with cached volume data
2026-07-13T04:48:17+00:00 machine gtk-status-bar[1196]: 2026-07-13T04:48:17.416004Z DEBUG gtk_status_bar::pw: 💾 Cached volume data: Vol: Some(100)%, Ch: Some(100)%, Mute: Some(false)
2026-07-13T04:48:17+00:00 machine gtk-status-bar[1196]: 2026-07-13T04:48:17.416027Z DEBUG gtk_status_bar::pw: ✅ Sent REAL volume data to GUI: 'Dummy Output' Vol: Some(100)%, Ch: Some(100)%, Mute: Some(false)
2026-07-13T04:48:17+00:00 machine gtk-status-bar[1196]: 2026-07-13T04:48:17.416332Z DEBUG gtk_status_bar::widgets: 📺 GTK UI updated via ASYNC: 🔊D100
2026-07-13T04:48:18+00:00 machine gtk-status-bar[1196]: 2026-07-13T04:48:18.420653Z  INFO gtk_status_bar::network: Network reachability probe completed target=192.0.2.1 success=false elapsed_ms=16
2026-07-13T04:48:18+00:00 machine gtk-status-bar[1196]: 2026-07-13T04:48:18.420860Z DEBUG gtk_status_bar::widgets: Updating network label: 󰤥 73% ?
2026-07-13T04:48:18+00:00 machine gtk-status-bar[1196]: 2026-07-13T04:48:18.421022Z DEBUG gtk_status_bar::network: Sent network update label="\u{f0925} 73% ?"
2026-07-13T04:48:18+00:00 machine gtk-status-bar[1196]: 2026-07-13T04:48:18.754641Z  INFO gtk_status_bar::tray: Status notifier item registered item=":1.46/org/blueman/sni"
2026-07-13T04:48:18+00:00 machine gtk-status-bar[1196]: 2026-07-13T04:48:18.782666Z DEBUG gtk_status_bar::tray: Tray item property is unavailable property="IconPixmap" error=org.freedesktop.DBus.Error.InvalidArgs: No such property “IconPixmap”
2026-07-13T04:48:18+00:00 machine gtk-status-bar[1196]: 2026-07-13T04:48:18.784057Z DEBUG gtk_status_bar::tray: Tray item property is unavailable property="IconThemePath" error=org.freedesktop.DBus.Error.InvalidArgs: No such property “IconThemePath”
2026-07-13T04:48:18+00:00 machine gtk-status-bar[1196]: 2026-07-13T04:48:18.815066Z  INFO gtk_status_bar::widgets: Added system tray item item=":1.46/org/blueman/sni"
2026-07-13T04:48:19+00:00 machine gtk-status-bar[1196]: 2026-07-13T04:48:19.615148Z  INFO gtk_status_bar::network: Network reachability probe completed target=192.0.2.1 success=false elapsed_ms=19
2026-07-13T04:48:19+00:00 machine gtk-status-bar[1196]: 2026-07-13T04:48:19.615187Z DEBUG gtk_status_bar::network: Sent network update label="\u{f0925} 73% ?"
2026-07-13T04:48:19+00:00 machine gtk-status-bar[1196]: 2026-07-13T04:48:19.616843Z DEBUG gtk_status_bar::widgets: Updating network label: 󰤥 73% ?
2026-07-13T04:48:20+00:00 machine gtk-status-bar[1196]: 2026-07-13T04:48:20.593180Z  INFO gtk_status_bar::network: Network reachability probe completed target=198.51.100.1 success=false elapsed_ms=12
2026-07-13T04:48:20+00:00 machine gtk-status-bar[1196]: 2026-07-13T04:48:20.593224Z DEBUG gtk_status_bar::network: Sent network update label="\u{f0925} 73% ×"
2026-07-13T04:48:20+00:00 machine gtk-status-bar[1196]: 2026-07-13T04:48:20.593427Z DEBUG gtk_status_bar::widgets: Updating network label: 󰤥 73% ×
2026-07-13T04:48:21+00:00 machine gtk-status-bar[1196]: 2026-07-13T04:48:21.870421Z  INFO gtk_status_bar::network: Network reachability probe completed target=192.0.2.1 success=false elapsed_ms=26
2026-07-13T04:48:21+00:00 machine gtk-status-bar[1196]: 2026-07-13T04:48:21.870477Z DEBUG gtk_status_bar::network: Sent network update label="\u{f0925} 73% ×"
2026-07-13T04:48:21+00:00 machine gtk-status-bar[1196]: 2026-07-13T04:48:21.870648Z DEBUG gtk_status_bar::widgets: Updating network label: 󰤥 73% ×
2026-07-13T04:48:22+00:00 machine gtk-status-bar[1196]: 2026-07-13T04:48:22.573002Z  INFO gtk_status_bar::network: Network reachability probe completed target=198.51.100.1 success=false elapsed_ms=10
2026-07-13T04:48:22+00:00 machine gtk-status-bar[1196]: 2026-07-13T04:48:22.573047Z DEBUG gtk_status_bar::network: Sent network update label="\u{f0925} 73% ×"
2026-07-13T04:48:22+00:00 machine gtk-status-bar[1196]: 2026-07-13T04:48:22.573256Z DEBUG gtk_status_bar::widgets: Updating network label: 󰤥 73% ×
2026-07-13T04:48:23+00:00 machine gtk-status-bar[1196]: 2026-07-13T04:48:23.544858Z  INFO gtk_status_bar::network: Network reachability probe completed target=192.0.2.1 success=true elapsed_ms=15
2026-07-13T04:48:23+00:00 machine gtk-status-bar[1196]: 2026-07-13T04:48:23.544926Z DEBUG gtk_status_bar::network: Sent network update label="\u{f0925} 73% \u{f0ac}"
2026-07-13T04:48:23+00:00 machine gtk-status-bar[1196]: 2026-07-13T04:48:23.545196Z DEBUG gtk_status_bar::widgets: Updating network label: 󰤥 73% 
2026-07-13T04:48:24+00:00 machine gtk-status-bar[1196]: 2026-07-13T04:48:24.925365Z DEBUG gtk_status_bar::network: Sent network update label="\u{f091f} 28% \u{f0ac}"
2026-07-13T04:48:24+00:00 machine gtk-status-bar[1196]: 2026-07-13T04:48:24.925524Z DEBUG gtk_status_bar::widgets: Updating network label: 󰤟 28% 
2026-07-13T04:48:25+00:00 machine gtk-status-bar[1196]: 2026-07-13T04:48:25.480232Z  INFO gtk_status_bar::network: Network reachability probe completed target=198.51.100.1 success=false elapsed_ms=18
2026-07-13T04:48:25+00:00 machine gtk-status-bar[1196]: 2026-07-13T04:48:25.480419Z DEBUG gtk_status_bar::network: Sent network update label="\u{f091f} 28% \u{f0ac}"
2026-07-13T04:48:25+00:00 machine gtk-status-bar[1196]: 2026-07-13T04:48:25.480601Z DEBUG gtk_status_bar::widgets: Updating network label: 󰤟 28% 
2026-07-13T04:48:25+00:00 machine gtk-status-bar[1196]: 2026-07-13T04:48:25.530194Z DEBUG gtk_status_bar::network: Sent network update label="\u{f0200} ?"
2026-07-13T04:48:25+00:00 machine gtk-status-bar[1196]: 2026-07-13T04:48:25.530428Z DEBUG gtk_status_bar::widgets: Updating network label: 󰈀 ?
2026-07-13T04:48:25+00:00 machine gtk-status-bar[1196]: 2026-07-13T04:48:25.554539Z  INFO gtk_status_bar::network: Network reachability probe completed target=198.51.100.1 success=false elapsed_ms=22
2026-07-13T04:48:25+00:00 machine gtk-status-bar[1196]: 2026-07-13T04:48:25.554580Z DEBUG gtk_status_bar::network: Sent network update label="\u{f0200} ?"
2026-07-13T04:48:25+00:00 machine gtk-status-bar[1196]: 2026-07-13T04:48:25.554742Z DEBUG gtk_status_bar::widgets: Updating network label: 󰈀 ?
2026-07-13T04:48:25+00:00 machine gtk-status-bar[1196]: 2026-07-13T04:48:25.776183Z  INFO gtk_status_bar::network: Network reachability probe completed target=192.0.2.1 success=true elapsed_ms=18
2026-07-13T04:48:25+00:00 machine gtk-status-bar[1196]: 2026-07-13T04:48:25.776268Z DEBUG gtk_status_bar::network: Sent network update label="\u{f0200} \u{f0ac}"
2026-07-13T04:48:25+00:00 machine gtk-status-bar[1196]: 2026-07-13T04:48:25.776746Z DEBUG gtk_status_bar::widgets: Updating network label: 󰈀 
2026-07-13T04:48:25+00:00 machine gtk-status-bar[1196]: 2026-07-13T04:48:25.848411Z  INFO gtk_status_bar::network: Network reachability probe completed target=192.0.2.1 success=true elapsed_ms=20
2026-07-13T04:48:25+00:00 machine gtk-status-bar[1196]: 2026-07-13T04:48:25.848524Z DEBUG gtk_status_bar::network: Sent network update label="\u{f0200} \u{f0ac}"
2026-07-13T04:48:25+00:00 machine gtk-status-bar[1196]: 2026-07-13T04:48:25.848747Z DEBUG gtk_status_bar::widgets: Updating network label: 󰈀 
2026-07-13T04:48:27+00:00 machine gtk-status-bar[1196]: 2026-07-13T04:48:27.257405Z DEBUG gtk_status_bar::network: Sent network update label="\u{f0c9b} ×"
2026-07-13T04:48:27+00:00 machine gtk-status-bar[1196]: 2026-07-13T04:48:27.257913Z DEBUG gtk_status_bar::widgets: Updating network label: 󰲛 ×
2026-07-13T04:48:27+00:00 machine gtk-status-bar[1196]: 2026-07-13T04:48:27.266520Z DEBUG gtk_status_bar::network: Sent network update label="\u{f0c9b} ×"
2026-07-13T04:48:27+00:00 machine gtk-status-bar[1196]: 2026-07-13T04:48:27.267767Z DEBUG gtk_status_bar::widgets: Updating network label: 󰲛 ×
2026-07-13T04:48:27+00:00 machine gtk-status-bar[1196]: 2026-07-13T04:48:27.270902Z DEBUG gtk_status_bar::network: Sent network update label="\u{f0c9b} ×"
2026-07-13T04:48:27+00:00 machine gtk-status-bar[1196]: 2026-07-13T04:48:27.271954Z DEBUG gtk_status_bar::widgets: Updating network label: 󰲛 ×
2026-07-13T04:48:27+00:00 machine gtk-status-bar[1196]: 2026-07-13T04:48:27.840078Z DEBUG gtk_status_bar::network: Sent network update label="\u{f0c9b} ×"
2026-07-13T04:48:27+00:00 machine gtk-status-bar[1196]: 2026-07-13T04:48:27.840208Z DEBUG gtk_status_bar::widgets: Updating network label: 󰲛 ×
2026-07-13T04:48:27+00:00 machine gtk-status-bar[1196]: 2026-07-13T04:48:27.856927Z DEBUG gtk_status_bar::network: Sent network update label="\u{f091f} 28% ?"
2026-07-13T04:48:27+00:00 machine gtk-status-bar[1196]: 2026-07-13T04:48:27.857065Z DEBUG gtk_status_bar::widgets: Updating network label: 󰤟 28% ?
2026-07-13T04:48:27+00:00 machine gtk-status-bar[1196]: 2026-07-13T04:48:27.876011Z DEBUG gtk_status_bar::network: Sent network update label="\u{f091f} 28% ?"
2026-07-13T04:48:27+00:00 machine gtk-status-bar[1196]: 2026-07-13T04:48:27.878650Z DEBUG gtk_status_bar::widgets: Updating network label: 󰤟 28% ?
2026-07-13T04:48:27+00:00 machine gtk-status-bar[1196]: 2026-07-13T04:48:27.886334Z DEBUG gtk_status_bar::network: Sent network update label="\u{f091f} 28% ?"
2026-07-13T04:48:27+00:00 machine gtk-status-bar[1196]: 2026-07-13T04:48:27.886704Z DEBUG gtk_status_bar::widgets: Updating network label: 󰤟 28% ?
2026-07-13T04:48:27+00:00 machine gtk-status-bar[1196]: 2026-07-13T04:48:27.906619Z  INFO gtk_status_bar::network: Network reachability probe completed target=198.51.100.1 success=false elapsed_ms=20
2026-07-13T04:48:27+00:00 machine gtk-status-bar[1196]: 2026-07-13T04:48:27.906663Z DEBUG gtk_status_bar::network: Sent network update label="\u{f091f} 28% ?"
2026-07-13T04:48:27+00:00 machine gtk-status-bar[1196]: 2026-07-13T04:48:27.906811Z DEBUG gtk_status_bar::widgets: Updating network label: 󰤟 28% ?
