2026-07-12T00:15:40+00:00 machine gtk-status-bar[1170]: 2026-07-12T00:15:40.304236Z  INFO gtk_status_bar: Starting GTK status bar application
2026-07-12T00:15:40+00:00 machine gtk-status-bar[1170]: 2026-07-12T00:15:40.329106Z  INFO gtk_status_bar: Running GTK application
2026-07-12T00:15:44+00:00 machine gtk-status-bar[1170]: 2026-07-12T00:15:44.136517Z  INFO gtk_status_bar: Activating GTK application
2026-07-12T00:15:44+00:00 machine gtk-status-bar[1170]: 2026-07-12T00:15:44.151222Z DEBUG gtk_status_bar::widgets: Loading CSS styles
2026-07-12T00:15:44+00:00 machine gtk-status-bar[1170]: 2026-07-12T00:15:44.151454Z  INFO gtk_status_bar::widgets: CSS styles loaded successfully
2026-07-12T00:15:44+00:00 machine gtk-status-bar[1170]: 2026-07-12T00:15:44.151471Z DEBUG gtk_status_bar::widgets: Configuring layer shell
2026-07-12T00:15:44+00:00 machine gtk-status-bar[1170]: 2026-07-12T00:15:44.165810Z  INFO gtk_status_bar::widgets: Layer shell configured successfully
2026-07-12T00:15:44+00:00 machine gtk-status-bar[1170]: 2026-07-12T00:15:44.165997Z DEBUG gtk_status_bar::widgets: Creating experimental bar
2026-07-12T00:15:44+00:00 machine gtk-status-bar[1170]: 2026-07-12T00:15:44.178157Z DEBUG gtk_status_bar::widgets: Creating left group
2026-07-12T00:15:44+00:00 machine gtk-status-bar[1170]: 2026-07-12T00:15:44.178213Z DEBUG gtk_status_bar::widgets: Creating workspace widget
2026-07-12T00:15:44+00:00 machine gtk-status-bar[1170]: 2026-07-12T00:15:44.188068Z DEBUG gtk_status_bar::widgets: Creating center group
2026-07-12T00:15:44+00:00 machine gtk-status-bar[1170]: 2026-07-12T00:15:44.188115Z DEBUG gtk_status_bar::widgets: Creating title widget
2026-07-12T00:15:44+00:00 machine gtk-status-bar[1170]: 2026-07-12T00:15:44.188181Z DEBUG gtk_status_bar::widgets: Creating right group
2026-07-12T00:15:44+00:00 machine gtk-status-bar[1170]: 2026-07-12T00:15:44.188219Z DEBUG gtk_status_bar::widgets: Creating bluetooth widget
2026-07-12T00:15:44+00:00 machine gtk-status-bar[1170]: 2026-07-12T00:15:44.188261Z DEBUG gtk_status_bar::widgets: Creating volume widget
2026-07-12T00:15:44+00:00 machine gtk-status-bar[1170]: 2026-07-12T00:15:44.208009Z DEBUG gtk_status_bar::widgets: Creating battery widget
2026-07-12T00:15:44+00:00 machine gtk-status-bar[1170]: 2026-07-12T00:15:44.208107Z DEBUG gtk_status_bar::widgets: Creating time widget
2026-07-12T00:15:45+00:00 machine gtk-status-bar[1170]: 2026-07-12T00:15:45.864512Z DEBUG gtk_status_bar::widgets: Setting up time widget updates
2026-07-12T00:15:45+00:00 machine gtk-status-bar[1170]: 2026-07-12T00:15:45.864641Z DEBUG gtk_status_bar::widgets: Setting up workspace updates
2026-07-12T00:15:45+00:00 machine gtk-status-bar[1170]: 2026-07-12T00:15:45.864689Z DEBUG gtk_status_bar::widgets: Setting up title updates
2026-07-12T00:15:45+00:00 machine gtk-status-bar[1170]: 2026-07-12T00:15:45.864728Z DEBUG gtk_status_bar::widgets: Setting up battery updates
2026-07-12T00:15:45+00:00 machine gtk-status-bar[1170]: 2026-07-12T00:15:45.864768Z DEBUG gtk_status_bar::widgets: Setting up Bluetooth battery updates
2026-07-12T00:15:45+00:00 machine gtk-status-bar[1170]: 2026-07-12T00:15:45.864809Z DEBUG gtk_status_bar::widgets: Setting up volume updates with tokio async channels
2026-07-12T00:15:45+00:00 machine gtk-status-bar[1170]: 2026-07-12T00:15:45.866013Z  INFO gtk_status_bar: Application activated successfully
2026-07-12T00:15:45+00:00 machine gtk-status-bar[1170]: 2026-07-12T00:15:45.867049Z DEBUG gtk_status_bar::widgets: 🚀 Starting async volume update loop...
2026-07-12T00:15:45+00:00 machine gtk-status-bar[1170]: 2026-07-12T00:15:45.865032Z DEBUG gtk_status_bar::pw: 🔧 Initializing PipeWire on dedicated thread...
2026-07-12T00:15:45+00:00 machine gtk-status-bar[1170]: 2026-07-12T00:15:45.899336Z DEBUG gtk_status_bar::pw: 📋 Created device tracking HashMap for (node_name, description, volume, channel, mute)
2026-07-12T00:15:45+00:00 machine gtk-status-bar[1170]: 2026-07-12T00:15:45.900443Z  INFO gtk_status_bar::hypr: 🔌 Starting workspace event listener
2026-07-12T00:15:45+00:00 machine gtk-status-bar[1170]: 2026-07-12T00:15:45.900465Z DEBUG gtk_status_bar::hypr: Setting up workspace event listener
2026-07-12T00:15:45+00:00 machine gtk-status-bar[1170]: 2026-07-12T00:15:45.913763Z  INFO gtk_status_bar::dbus: 🔌 Starting D-Bus monitor
2026-07-12T00:15:45+00:00 machine gtk-status-bar[1170]: 2026-07-12T00:15:45.913816Z  INFO gtk_status_bar::dbus: Starting D-Bus monitoring task
2026-07-12T00:15:45+00:00 machine gtk-status-bar[1170]: 2026-07-12T00:15:45.914237Z  INFO gtk_status_bar::hypr: 🔌 Starting title event listener
2026-07-12T00:15:45+00:00 machine gtk-status-bar[1170]: 2026-07-12T00:15:45.914274Z DEBUG gtk_status_bar::hypr: Setting up title event listener
2026-07-12T00:15:45+00:00 machine gtk-status-bar[1170]: 2026-07-12T00:15:45.914317Z DEBUG gtk_status_bar::hypr: Fetching initial title state
2026-07-12T00:15:45+00:00 machine gtk-status-bar[1170]: 2026-07-12T00:15:45.935637Z DEBUG gtk_status_bar::hypr: Initial title: ""
2026-07-12T00:15:45+00:00 machine gtk-status-bar[1170]: 2026-07-12T00:15:45.935669Z  INFO gtk_status_bar::hypr: Starting title event listener
2026-07-12T00:15:45+00:00 machine gtk-status-bar[1170]: 2026-07-12T00:15:45.938047Z  INFO gtk_status_bar::hypr: Starting workspace event listener
2026-07-12T00:15:45+00:00 machine gtk-status-bar[1170]: 2026-07-12T00:15:45.961154Z DEBUG gtk_status_bar::pw: ✅ PipeWire initialized
2026-07-12T00:15:45+00:00 machine gtk-status-bar[1170]: 2026-07-12T00:15:45.963229Z DEBUG gtk_status_bar::pw: ✅ ThreadLoop created
2026-07-12T00:15:45+00:00 machine gtk-status-bar[1170]: 2026-07-12T00:15:45.972272Z DEBUG gtk_status_bar::dbus: 🔌 Registered battery match rule
2026-07-12T00:15:45+00:00 machine gtk-status-bar[1170]: 2026-07-12T00:15:45.972767Z DEBUG gtk_status_bar::dbus: 🔌 Registered bluez PropertiesChanged match rule
2026-07-12T00:15:45+00:00 machine gtk-status-bar[1170]: 2026-07-12T00:15:45.972980Z DEBUG gtk_status_bar::dbus: 🔌 Registered bluez InterfacesAdded match rule
2026-07-12T00:15:45+00:00 machine gtk-status-bar[1170]: 2026-07-12T00:15:45.973350Z DEBUG gtk_status_bar::dbus: 🔌 Registered bluez InterfacesRemoved match rule
2026-07-12T00:15:45+00:00 machine gtk-status-bar[1170]: 2026-07-12T00:15:45.978352Z  INFO gtk_status_bar::dbus: Battery is at 73.0%
2026-07-12T00:15:45+00:00 machine gtk-status-bar[1170]: 2026-07-12T00:15:45.979881Z DEBUG gtk_status_bar::widgets: Updating workspace - label: 'Workspace u', color for workspace: 1
2026-07-12T00:15:45+00:00 machine gtk-status-bar[1170]: 2026-07-12T00:15:45.979960Z DEBUG gtk_status_bar::widgets: Updated title widget color to: rgba(122, 162, 247, 0.5) for workspace: 1
2026-07-12T00:15:45+00:00 machine gtk-status-bar[1170]: 2026-07-12T00:15:45.980014Z DEBUG gtk_status_bar::widgets: Updating title label:
2026-07-12T00:15:45+00:00 machine gtk-status-bar[1170]: 2026-07-12T00:15:45.980071Z DEBUG gtk_status_bar::widgets: Updating battery label: 🔋 73%
2026-07-12T00:15:45+00:00 machine gtk-status-bar[1170]: 2026-07-12T00:15:45.980093Z DEBUG gtk_status_bar::widgets: 👁️  SHOWING battery widget - data: 🔋 73%
2026-07-12T00:15:45+00:00 machine gtk-status-bar[1170]: 2026-07-12T00:15:45.980465Z  INFO gtk_status_bar::dbus: Battery is discharging (state: 2)
2026-07-12T00:15:45+00:00 machine gtk-status-bar[1170]: 2026-07-12T00:15:45.987090Z  INFO gtk_status_bar::dbus: Found 3 Bluetooth objects
2026-07-12T00:15:45+00:00 machine gtk-status-bar[1170]: 2026-07-12T00:15:45.987122Z  INFO gtk_status_bar::dbus: Found Bluetooth device with battery at: /org/bluez/hci0/dev_AA_BB_CC_DD_EE_01
2026-07-12T00:15:45+00:00 machine gtk-status-bar[1170]: 2026-07-12T00:15:45.987140Z  INFO gtk_status_bar::dbus: Bluetooth device battery at 80%
2026-07-12T00:15:45+00:00 machine gtk-status-bar[1170]: 2026-07-12T00:15:45.987158Z DEBUG gtk_status_bar::dbus: Added device /org/bluez/hci0/dev_AA_BB_CC_DD_EE_01 to HashMap (has_battery: true, has_media: false)
2026-07-12T00:15:45+00:00 machine gtk-status-bar[1170]: 2026-07-12T00:15:45.987480Z DEBUG gtk_status_bar::dbus: Initial bluetooth devices: {"/org/bluez/hci0/dev_AA_BB_CC_DD_EE_01": BluetoothDevice { has_battery: true, has_media: false, battery_percentage: Some(80), device_name: Some("Pixel Buds") }}
2026-07-12T00:15:45+00:00 machine gtk-status-bar[1170]: 2026-07-12T00:15:45.987870Z  INFO gtk_status_bar::dbus: Sent initial Bluetooth display: P80
2026-07-12T00:15:45+00:00 machine gtk-status-bar[1170]: 2026-07-12T00:15:45.987894Z  INFO gtk_status_bar::dbus: Dbus monitor: Starting to listen for D-Bus messages
2026-07-12T00:15:45+00:00 machine gtk-status-bar[1170]: 2026-07-12T00:15:45.987917Z DEBUG gtk_status_bar::dbus: Got an event in event stream: Msg { type: MethodReturn, serial: 8, sender: UniqueName(":1.5"), reply-serial: 6, body: Variant, fds: [] }
2026-07-12T00:15:45+00:00 machine gtk-status-bar[1170]: 2026-07-12T00:15:45.987955Z DEBUG gtk_status_bar::dbus: Dbus monitor: Received D-Bus message from path: None, interface: None, member: None
2026-07-12T00:15:45+00:00 machine gtk-status-bar[1170]: 2026-07-12T00:15:45.987978Z ERROR gtk_status_bar::dbus: Dbus monitor: Received message with no path, ignoring
2026-07-12T00:15:45+00:00 machine gtk-status-bar[1170]: 2026-07-12T00:15:45.988005Z DEBUG gtk_status_bar::dbus: Got an event in event stream: Msg { type: MethodReturn, serial: 9, sender: UniqueName(":1.5"), reply-serial: 7, body: Variant, fds: [] }
2026-07-12T00:15:46+00:00 machine gtk-status-bar[1170]: 2026-07-12T00:15:45.988029Z DEBUG gtk_status_bar::dbus: Dbus monitor: Received D-Bus message from path: None, interface: None, member: None
2026-07-12T00:15:46+00:00 machine gtk-status-bar[1170]: 2026-07-12T00:15:45.988127Z ERROR gtk_status_bar::dbus: Dbus monitor: Received message with no path, ignoring
2026-07-12T00:15:46+00:00 machine gtk-status-bar[1170]: 2026-07-12T00:15:45.988150Z DEBUG gtk_status_bar::dbus: Got an event in event stream: Msg { type: MethodReturn, serial: 14, sender: UniqueName(":1.6"), reply-serial: 8, body: Dict { key: Dynamic { child: ObjectPath }, value: Dynamic { child: Dict { key: Dynamic { child: Str }, value: Dynamic { child: Dict { key: Dynamic { child: Str }, value: Dynamic { child: Variant } } } } } }, fds: [] }
2026-07-12T00:15:46+00:00 machine gtk-status-bar[1170]: 2026-07-12T00:15:45.988177Z DEBUG gtk_status_bar::dbus: Dbus monitor: Received D-Bus message from path: None, interface: None, member: None
2026-07-12T00:15:46+00:00 machine gtk-status-bar[1170]: 2026-07-12T00:15:45.988200Z ERROR gtk_status_bar::dbus: Dbus monitor: Received message with no path, ignoring
2026-07-12T00:15:46+00:00 machine gtk-status-bar[1170]: 2026-07-12T00:15:46.011478Z DEBUG gtk_status_bar::widgets: Updating Bluetooth battery label: P80
2026-07-12T00:15:46+00:00 machine gtk-status-bar[1170]: 2026-07-12T00:15:46.011528Z DEBUG gtk_status_bar::widgets: 👁️  SHOWING Bluetooth widget - data: P80
2026-07-12T00:15:46+00:00 machine gtk-status-bar[1170]: 2026-07-12T00:15:46.038448Z DEBUG gtk_status_bar::pw: ✅ Context created
2026-07-12T00:15:46+00:00 machine gtk-status-bar[1170]: 2026-07-12T00:15:46.041465Z DEBUG gtk_status_bar::pw: ✅ Core connected
2026-07-12T00:15:46+00:00 machine gtk-status-bar[1170]: 2026-07-12T00:15:46.041488Z DEBUG gtk_status_bar::pw: ✅ Registry obtained
2026-07-12T00:15:46+00:00 machine gtk-status-bar[1170]: 2026-07-12T00:15:46.041504Z DEBUG gtk_status_bar::pw: 🎵 PipeWire ThreadLoop started - monitoring volume changes with default sink filtering
2026-07-12T00:15:46+00:00 machine gtk-status-bar[1170]: 2026-07-12T00:15:46.045421Z DEBUG gtk_status_bar::pw: ✅ ThreadLoop started successfully
2026-07-12T00:15:46+00:00 machine gtk-status-bar[1170]: 2026-07-12T00:15:46.045440Z DEBUG gtk_status_bar::pw: 🔄 PipeWire thread running - async event delivery active...
2026-07-12T00:15:46+00:00 machine gtk-status-bar[1170]: 2026-07-12T00:15:46.404057Z DEBUG gtk_status_bar::pw: 📡 PipeWire connected: pipewire-0
2026-07-12T00:15:46+00:00 machine gtk-status-bar[1170]: 2026-07-12T00:15:46.404974Z DEBUG gtk_status_bar::pw: 🚫 Skipping metadata '' (props: Some(DictRef { flags: Flags(0x0), entries: {"object.serial": "0", "core.name": "pipewire-0"} }))
2026-07-12T00:15:46+00:00 machine gtk-status-bar[1170]: 2026-07-12T00:15:46.405173Z DEBUG gtk_status_bar::pw: 🚫 Skipping metadata '' (props: Some(DictRef { flags: Flags(0x0), entries: {"object.serial": "1", "module.name": "libpipewire-module-rt"} }))
2026-07-12T00:15:46+00:00 machine gtk-status-bar[1170]: 2026-07-12T00:15:46.405194Z DEBUG gtk_status_bar::pw: 🚫 Skipping metadata '' (props: Some(DictRef { flags: Flags(0x0), entries: {"object.serial": "3"} }))
2026-07-12T00:15:46+00:00 machine gtk-status-bar[1170]: 2026-07-12T00:15:46.405212Z DEBUG gtk_status_bar::pw: 🚫 Skipping metadata '' (props: Some(DictRef { flags: Flags(0x0), entries: {"object.serial": "2", "module.name": "libpipewire-module-protocol-native"} }))
2026-07-12T00:15:46+00:00 machine gtk-status-bar[1170]: 2026-07-12T00:15:46.405229Z DEBUG gtk_status_bar::pw: 🚫 Skipping metadata '' (props: Some(DictRef { flags: Flags(0x0), entries: {"object.serial": "5"} }))
2026-07-12T00:15:46+00:00 machine gtk-status-bar[1170]: 2026-07-12T00:15:46.405246Z DEBUG gtk_status_bar::pw: 🚫 Skipping metadata '' (props: Some(DictRef { flags: Flags(0x0), entries: {"object.serial": "4", "module.name": "libpipewire-module-profiler"} }))
2026-07-12T00:15:46+00:00 machine gtk-status-bar[1170]: 2026-07-12T00:15:46.405263Z DEBUG gtk_status_bar::pw: 🚫 Skipping metadata '' (props: Some(DictRef { flags: Flags(0x0), entries: {"object.serial": "6", "module.name": "libpipewire-module-metadata"} }))
2026-07-12T00:15:46+00:00 machine gtk-status-bar[1170]: 2026-07-12T00:15:46.405279Z DEBUG gtk_status_bar::pw: 🚫 Skipping metadata '' (props: Some(DictRef { flags: Flags(0x0), entries: {"object.serial": "7", "module.id": "6", "factory.name": "metadata", "factory.type.name": "PipeWire:Interface:Metadata", "factory.type.version": "3"} }))
2026-07-12T00:15:46+00:00 machine gtk-status-bar[1170]: 2026-07-12T00:15:46.405297Z DEBUG gtk_status_bar::pw: 🚫 Skipping metadata '' (props: Some(DictRef { flags: Flags(0x0), entries: {"object.serial": "8", "module.name": "libpipewire-module-spa-device-factory"} }))
2026-07-12T00:15:46+00:00 machine gtk-status-bar[1170]: 2026-07-12T00:15:46.405315Z DEBUG gtk_status_bar::pw: 🚫 Skipping metadata '' (props: Some(DictRef { flags: Flags(0x0), entries: {"object.serial": "9", "module.id": "8", "factory.name": "spa-device-factory", "factory.type.name": "PipeWire:Interface:Device", "factory.type.version": "3"} }))
2026-07-12T00:15:46+00:00 machine gtk-status-bar[1170]: 2026-07-12T00:15:46.405332Z DEBUG gtk_status_bar::pw: 🚫 Skipping metadata '' (props: Some(DictRef { flags: Flags(0x0), entries: {"object.serial": "10", "module.name": "libpipewire-module-spa-node-factory"} }))
2026-07-12T00:15:46+00:00 machine gtk-status-bar[1170]: 2026-07-12T00:15:46.405349Z DEBUG gtk_status_bar::pw: 🚫 Skipping metadata '' (props: Some(DictRef { flags: Flags(0x0), entries: {"object.serial": "11", "module.id": "10", "factory.name": "spa-node-factory", "factory.type.name": "PipeWire:Interface:Node", "factory.type.version": "3"} }))
2026-07-12T00:15:46+00:00 machine gtk-status-bar[1170]: 2026-07-12T00:15:46.405366Z DEBUG gtk_status_bar::pw: 🚫 Skipping metadata '' (props: Some(DictRef { flags: Flags(0x0), entries: {"object.serial": "12", "module.name": "libpipewire-module-client-node"} }))
2026-07-12T00:15:46+00:00 machine gtk-status-bar[1170]: 2026-07-12T00:15:46.405383Z DEBUG gtk_status_bar::pw: 🚫 Skipping metadata '' (props: Some(DictRef { flags: Flags(0x0), entries: {"object.serial": "13", "module.id": "12", "factory.name": "client-node", "factory.type.name": "PipeWire:Interface:ClientNode", "factory.type.version": "6"} }))
2026-07-12T00:15:46+00:00 machine gtk-status-bar[1170]: 2026-07-12T00:15:46.405401Z DEBUG gtk_status_bar::pw: 🚫 Skipping metadata '' (props: Some(DictRef { flags: Flags(0x0), entries: {"object.serial": "14", "module.name": "libpipewire-module-client-device"} }))
2026-07-12T00:15:46+00:00 machine gtk-status-bar[1170]: 2026-07-12T00:15:46.405418Z DEBUG gtk_status_bar::pw: 🚫 Skipping metadata '' (props: Some(DictRef { flags: Flags(0x0), entries: {"object.serial": "15", "module.id": "14", "factory.name": "client-device", "factory.type.name": "Spa:Pointer:Interface:Device", "factory.type.version": "0"} }))
2026-07-12T00:15:46+00:00 machine gtk-status-bar[1170]: 2026-07-12T00:15:46.405435Z DEBUG gtk_status_bar::pw: 🚫 Skipping metadata '' (props: Some(DictRef { flags: Flags(0x0), entries: {"object.serial": "16", "module.name": "libpipewire-module-portal"} }))
2026-07-12T00:15:46+00:00 machine gtk-status-bar[1170]: 2026-07-12T00:15:46.405451Z DEBUG gtk_status_bar::pw: 🚫 Skipping metadata '' (props: Some(DictRef { flags: Flags(0x0), entries: {"object.serial": "17", "module.name": "libpipewire-module-access"} }))
2026-07-12T00:15:46+00:00 machine gtk-status-bar[1170]: 2026-07-12T00:15:46.405468Z DEBUG gtk_status_bar::pw: 🚫 Skipping metadata '' (props: Some(DictRef { flags: Flags(0x0), entries: {"object.serial": "18", "module.name": "libpipewire-module-adapter"} }))
2026-07-12T00:15:46+00:00 machine gtk-status-bar[1170]: 2026-07-12T00:15:46.405498Z DEBUG gtk_status_bar::pw: 🚫 Skipping metadata '' (props: Some(DictRef { flags: Flags(0x0), entries: {"object.serial": "19", "module.id": "18", "factory.name": "adapter", "factory.type.name": "PipeWire:Interface:Node", "factory.type.version": "3"} }))
2026-07-12T00:15:46+00:00 machine gtk-status-bar[1170]: 2026-07-12T00:15:46.405516Z DEBUG gtk_status_bar::pw: 🚫 Skipping metadata '' (props: Some(DictRef { flags: Flags(0x0), entries: {"object.serial": "20", "module.name": "libpipewire-module-link-factory"} }))
2026-07-12T00:15:46+00:00 machine gtk-status-bar[1170]: 2026-07-12T00:15:46.405533Z DEBUG gtk_status_bar::pw: 🚫 Skipping metadata '' (props: Some(DictRef { flags: Flags(0x0), entries: {"object.serial": "21", "module.id": "20", "factory.name": "link-factory", "factory.type.name": "PipeWire:Interface:Link", "factory.type.version": "3"} }))
2026-07-12T00:15:46+00:00 machine gtk-status-bar[1170]: 2026-07-12T00:15:46.405551Z DEBUG gtk_status_bar::pw: 🚫 Skipping metadata '' (props: Some(DictRef { flags: Flags(0x0), entries: {"object.serial": "22", "module.name": "libpipewire-module-session-manager"} }))
2026-07-12T00:15:46+00:00 machine gtk-status-bar[1170]: 2026-07-12T00:15:46.405568Z DEBUG gtk_status_bar::pw: 🚫 Skipping metadata '' (props: Some(DictRef { flags: Flags(0x0), entries: {"object.serial": "23", "module.id": "22", "factory.name": "client-endpoint", "factory.type.name": "PipeWire:Interface:ClientEndpoint", "factory.type.version": "0"} }))
2026-07-12T00:15:46+00:00 machine gtk-status-bar[1170]: 2026-07-12T00:15:46.405660Z DEBUG gtk_status_bar::pw: 🚫 Skipping metadata '' (props: Some(DictRef { flags: Flags(0x0), entries: {"object.serial": "24", "module.id": "22", "factory.name": "client-session", "factory.type.name": "PipeWire:Interface:ClientSession", "factory.type.version": "0"} }))
2026-07-12T00:15:46+00:00 machine gtk-status-bar[1170]: 2026-07-12T00:15:46.406681Z DEBUG gtk_status_bar::pw: 🚫 Skipping metadata '' (props: Some(DictRef { flags: Flags(0x0), entries: {"object.serial": "25", "module.id": "22", "factory.name": "session", "factory.type.name": "PipeWire:Interface:Session", "factory.type.version": "0"} }))
2026-07-12T00:15:46+00:00 machine gtk-status-bar[1170]: 2026-07-12T00:15:46.406717Z DEBUG gtk_status_bar::pw: 🚫 Skipping metadata '' (props: Some(DictRef { flags: Flags(0x0), entries: {"object.serial": "26", "module.id": "22", "factory.name": "endpoint", "factory.type.name": "PipeWire:Interface:Endpoint", "factory.type.version": "0"} }))
2026-07-12T00:15:46+00:00 machine gtk-status-bar[1170]: 2026-07-12T00:15:46.406740Z DEBUG gtk_status_bar::pw: 🚫 Skipping metadata '' (props: Some(DictRef { flags: Flags(0x0), entries: {"object.serial": "27", "module.id": "22", "factory.name": "endpoint-stream", "factory.type.name": "PipeWire:Interface:EndpointStream", "factory.type.version": "0"} }))
2026-07-12T00:15:46+00:00 machine gtk-status-bar[1170]: 2026-07-12T00:15:46.406761Z DEBUG gtk_status_bar::pw: 🚫 Skipping metadata '' (props: Some(DictRef { flags: Flags(0x0), entries: {"object.serial": "28", "module.id": "22", "factory.name": "endpoint-link", "factory.type.name": "PipeWire:Interface:EndpointLink", "factory.type.version": "0"} }))
2026-07-12T00:15:46+00:00 machine gtk-status-bar[1170]: 2026-07-12T00:15:46.406782Z DEBUG gtk_status_bar::pw: 🚫 Skipping metadata '' (props: Some(DictRef { flags: Flags(0x0), entries: {"object.serial": "29", "module.name": "libpipewire-module-x11-bell"} }))
2026-07-12T00:15:46+00:00 machine gtk-status-bar[1170]: 2026-07-12T00:15:46.406803Z DEBUG gtk_status_bar::pw: 🚫 Skipping metadata '' (props: Some(DictRef { flags: Flags(0x0), entries: {"object.serial": "30", "module.name": "libpipewire-module-jackdbus-detect"} }))
2026-07-12T00:15:46+00:00 machine gtk-status-bar[1170]: 2026-07-12T00:15:46.406824Z DEBUG gtk_status_bar::pw: 🚫 Skipping metadata '' (props: Some(DictRef { flags: Flags(0x0), entries: {"object.serial": "31", "factory.id": "11", "priority.driver": "200000", "node.name": "Dummy-Driver"} }))
2026-07-12T00:15:46+00:00 machine gtk-status-bar[1170]: 2026-07-12T00:15:46.406847Z DEBUG gtk_status_bar::pw: 🔍 Checking node - media.class: None
2026-07-12T00:15:46+00:00 machine gtk-status-bar[1170]: 2026-07-12T00:15:46.406865Z DEBUG gtk_status_bar::pw: 🔍 Node filter result: false for media.class: None
2026-07-12T00:15:46+00:00 machine gtk-status-bar[1170]: 2026-07-12T00:15:46.406883Z DEBUG gtk_status_bar::pw: 🚫 Skipping metadata '' (props: Some(DictRef { flags: Flags(0x0), entries: {"object.serial": "32", "factory.id": "11", "priority.driver": "190000", "node.name": "Freewheel-Driver"} }))
2026-07-12T00:15:46+00:00 machine gtk-status-bar[1170]: 2026-07-12T00:15:46.406905Z DEBUG gtk_status_bar::pw: 🔍 Checking node - media.class: None
2026-07-12T00:15:46+00:00 machine gtk-status-bar[1170]: 2026-07-12T00:15:46.406922Z DEBUG gtk_status_bar::pw: 🔍 Node filter result: false for media.class: None
2026-07-12T00:15:46+00:00 machine gtk-status-bar[1170]: 2026-07-12T00:15:46.406939Z DEBUG gtk_status_bar::pw: 🚫 Skipping metadata 'settings' (props: Some(DictRef { flags: Flags(0x0), entries: {"object.serial": "33", "metadata.name": "settings"} }))
2026-07-12T00:15:46+00:00 machine gtk-status-bar[1170]: 2026-07-12T00:15:46.406966Z DEBUG gtk_status_bar::pw: 🚫 Skipping metadata '' (props: Some(DictRef { flags: Flags(0x0), entries: {"object.serial": "34", "module.id": "2", "pipewire.protocol": "protocol-native", "pipewire.sec.pid": "1170", "pipewire.sec.uid": "1000", "pipewire.sec.gid": "100", "pipewire.sec.socket": "pipewire-0", "application.name": "gtk-status-bar", "pipewire.access": "unrestricted"} }))
2026-07-12T00:15:46+00:00 machine gtk-status-bar[1170]: 2026-07-12T00:15:46.406995Z DEBUG gtk_status_bar::pw: 🚫 Skipping metadata '' (props: Some(DictRef { flags: Flags(0x0), entries: {"object.serial": "35", "module.id": "2", "pipewire.protocol": "protocol-native", "pipewire.sec.pid": "1294", "pipewire.sec.uid": "1000", "pipewire.sec.gid": "100", "pipewire.sec.socket": "pipewire-0-manager", "application.name": "WirePlumber", "pipewire.access": "unrestricted"} }))
2026-07-12T00:15:46+00:00 machine gtk-status-bar[1170]: 2026-07-12T00:15:46.413680Z DEBUG gtk_status_bar::pw: 🚫 Skipping metadata 'schema-sm-settings' (props: Some(DictRef { flags: Flags(0x0), entries: {"metadata.name": "schema-sm-settings", "factory.id": "7", "module.id": "6", "client.id": "35", "object.serial": "36"} }))
2026-07-12T00:15:46+00:00 machine gtk-status-bar[1170]: 2026-07-12T00:15:46.415215Z DEBUG gtk_status_bar::pw: 🚫 Skipping metadata 'persistent-sm-settings' (props: Some(DictRef { flags: Flags(0x0), entries: {"metadata.name": "persistent-sm-settings", "factory.id": "7", "module.id": "6", "client.id": "35", "object.serial": "37"} }))
2026-07-12T00:15:46+00:00 machine gtk-status-bar[1170]: 2026-07-12T00:15:46.416247Z DEBUG gtk_status_bar::pw: 🚫 Skipping metadata 'sm-settings' (props: Some(DictRef { flags: Flags(0x0), entries: {"metadata.name": "sm-settings", "factory.id": "7", "module.id": "6", "client.id": "35", "object.serial": "38"} }))
2026-07-12T00:15:46+00:00 machine gtk-status-bar[1170]: 2026-07-12T00:15:46.450145Z DEBUG gtk_status_bar::pw: 🚫 Skipping metadata 'sm-objects' (props: Some(DictRef { flags: Flags(0x0), entries: {"metadata.name": "sm-objects", "factory.id": "7", "module.id": "6", "client.id": "35", "object.serial": "39"} }))
2026-07-12T00:15:46+00:00 machine gtk-status-bar[1170]: 2026-07-12T00:15:46.520486Z DEBUG gtk_status_bar::pw: 🚫 Skipping metadata 'default-profile' (props: Some(DictRef { flags: Flags(0x0), entries: {"wireplumber.state": "true", "metadata.name": "default-profile", "factory.id": "7", "module.id": "6", "client.id": "35", "object.serial": "40"} }))
2026-07-12T00:15:46+00:00 machine gtk-status-bar[1170]: 2026-07-12T00:15:46.541005Z DEBUG gtk_status_bar::pw: ✅ Processing metadata.name == default
2026-07-12T00:15:46+00:00 machine gtk-status-bar[1170]: 2026-07-12T00:15:46.541029Z DEBUG gtk_status_bar::pw: 📋 Found metadata object: Some(DictRef { flags: Flags(0x0), entries: {"metadata.name": "default", "factory.id": "7", "module.id": "6", "client.id": "35", "object.serial": "41"} })
2026-07-12T00:15:46+00:00 machine gtk-status-bar[1170]: 2026-07-12T00:15:46.541060Z DEBUG gtk_status_bar::pw: 📋 Bound 'default' Metadata (id=3)
2026-07-12T00:15:46+00:00 machine gtk-status-bar[1170]: 2026-07-12T00:15:46.592471Z DEBUG gtk_status_bar::pw: 🚫 Skipping metadata 'filters' (props: Some(DictRef { flags: Flags(0x0), entries: {"metadata.name": "filters", "factory.id": "7", "module.id": "6", "client.id": "35", "object.serial": "42"} }))
2026-07-12T00:15:46+00:00 machine gtk-status-bar[1170]: 2026-07-12T00:15:46.643928Z DEBUG gtk_status_bar::pw: 🚫 Skipping metadata 'route-settings' (props: Some(DictRef { flags: Flags(0x0), entries: {"metadata.name": "route-settings", "factory.id": "7", "module.id": "6", "client.id": "35", "object.serial": "43"} }))
2026-07-12T00:15:46+00:00 machine gtk-status-bar[1170]: 2026-07-12T00:15:46.661133Z DEBUG gtk_status_bar::pw: 🚫 Skipping metadata '' (props: Some(DictRef { flags: Flags(0x0), entries: {"object.serial": "44", "module.id": "2", "pipewire.protocol": "protocol-native", "pipewire.sec.pid": "1294", "pipewire.sec.uid": "1000", "pipewire.sec.gid": "100", "pipewire.sec.socket": "pipewire-0-manager", "application.name": "WirePlumber [export]", "pipewire.access": "unrestricted"} }))
2026-07-12T00:15:47+00:00 machine gtk-status-bar[1170]: 2026-07-12T00:15:47.024740Z DEBUG gtk_status_bar::pw: 🚫 Skipping metadata '' (props: Some(DictRef { flags: Flags(0x0), entries: {"object.serial": "45", "factory.id": "11", "client.id": "44", "priority.session": "100", "priority.driver": "1", "node.name": "Midi-Bridge", "media.class": "Midi/Bridge"} }))
2026-07-12T00:15:47+00:00 machine gtk-status-bar[1170]: 2026-07-12T00:15:47.026877Z DEBUG gtk_status_bar::pw: 🔍 Checking node - media.class: Some("Midi/Bridge")
2026-07-12T00:15:47+00:00 machine gtk-status-bar[1170]: 2026-07-12T00:15:47.026931Z DEBUG gtk_status_bar::pw: 🔍 Node filter result: false for media.class: Some("Midi/Bridge")
2026-07-12T00:15:47+00:00 machine gtk-status-bar[1170]: 2026-07-12T00:15:47.026971Z DEBUG gtk_status_bar::pw: 🚫 Skipping metadata '' (props: Some(DictRef { flags: Flags(0x0), entries: {"object.serial": "46", "object.path": "alsa:seq:default:client_14:playback_0", "format.dsp": "8 bit raw midi", "node.id": "45", "port.id": "0", "port.name": "Midi Through: Port-0 (playback)", "port.direction": "in", "port.physical": "true", "port.terminal": "true", "port.alias": "Midi Through:Midi Through Port-0", "port.group": "client_14"} }))
2026-07-12T00:15:47+00:00 machine gtk-status-bar[1170]: 2026-07-12T00:15:47.027011Z DEBUG gtk_status_bar::pw: 🚫 Skipping metadata '' (props: Some(DictRef { flags: Flags(0x0), entries: {"object.serial": "47", "object.path": "alsa:seq:default:client_14:capture_0", "format.dsp": "8 bit raw midi", "node.id": "45", "port.id": "0", "port.name": "Midi Through: Port-0 (capture)", "port.direction": "out", "port.physical": "true", "port.terminal": "true", "port.alias": "Midi Through:Midi Through Port-0", "port.group": "client_14"} }))
2026-07-12T00:15:47+00:00 machine gtk-status-bar[1170]: 2026-07-12T00:15:47.100419Z DEBUG gtk_status_bar::pw: 🚫 Skipping metadata '' (props: Some(DictRef { flags: Flags(0x0), entries: {"object.serial": "48", "factory.id": "14", "client.id": "44", "node.description": "BLE MIDI 1", "node.name": "bluez_midi.server", "media.class": "Midi/Bridge"} }))
2026-07-12T00:15:47+00:00 machine gtk-status-bar[1170]: 2026-07-12T00:15:47.103802Z DEBUG gtk_status_bar::pw: 🔍 Checking node - media.class: Some("Midi/Bridge")
2026-07-12T00:15:47+00:00 machine gtk-status-bar[1170]: 2026-07-12T00:15:47.103842Z DEBUG gtk_status_bar::pw: 🔍 Node filter result: false for media.class: Some("Midi/Bridge")
2026-07-12T00:15:47+00:00 machine gtk-status-bar[1170]: 2026-07-12T00:15:47.103870Z DEBUG gtk_status_bar::pw: 🚫 Skipping metadata '' (props: Some(DictRef { flags: Flags(0x0), entries: {"object.serial": "49", "object.path": "bluez_midi.server:input_0", "format.dsp": "8 bit raw midi", "node.id": "48", "port.id": "0", "port.name": "in", "port.direction": "in", "port.physical": "true", "port.terminal": "true", "port.alias": "in", "port.group": "group.0"} }))
2026-07-12T00:15:47+00:00 machine gtk-status-bar[1170]: 2026-07-12T00:15:47.103899Z DEBUG gtk_status_bar::pw: 🚫 Skipping metadata '' (props: Some(DictRef { flags: Flags(0x0), entries: {"object.serial": "50", "object.path": "bluez_midi.server:output_0", "format.dsp": "8 bit raw midi", "node.id": "48", "port.id": "0", "port.name": "out", "port.direction": "out", "port.physical": "true", "port.terminal": "true", "port.alias": "out", "port.group": "group.0"} }))
