2026-07-12T20:57:51+00:00 machine gtk-status-bar[1180]: 2026-07-12T20:57:51.429479Z  INFO gtk_status_bar: Starting GTK status bar application
2026-07-12T20:57:51+00:00 machine gtk-status-bar[1180]: 2026-07-12T20:57:51.449336Z  INFO gtk_status_bar: Running GTK application
2026-07-12T20:57:54+00:00 machine gtk-status-bar[1180]: 2026-07-12T20:57:54.998856Z  INFO gtk_status_bar: Activating GTK application
2026-07-12T20:57:55+00:00 machine gtk-status-bar[1180]: 2026-07-12T20:57:55.010813Z DEBUG gtk_status_bar::widgets: Loading CSS styles
2026-07-12T20:57:55+00:00 machine gtk-status-bar[1180]: 2026-07-12T20:57:55.011779Z  INFO gtk_status_bar::widgets: CSS styles loaded successfully
2026-07-12T20:57:55+00:00 machine gtk-status-bar[1180]: 2026-07-12T20:57:55.011796Z DEBUG gtk_status_bar::widgets: Configuring layer shell
2026-07-12T20:57:55+00:00 machine gtk-status-bar[1180]: 2026-07-12T20:57:55.016888Z  INFO gtk_status_bar::widgets: Layer shell configured successfully
2026-07-12T20:57:55+00:00 machine gtk-status-bar[1180]: 2026-07-12T20:57:55.017138Z DEBUG gtk_status_bar::widgets: Creating experimental bar
2026-07-12T20:57:55+00:00 machine gtk-status-bar[1180]: 2026-07-12T20:57:55.018260Z DEBUG gtk_status_bar::widgets: Creating left group
2026-07-12T20:57:55+00:00 machine gtk-status-bar[1180]: 2026-07-12T20:57:55.018295Z DEBUG gtk_status_bar::widgets: Creating workspace widget
2026-07-12T20:57:55+00:00 machine gtk-status-bar[1180]: 2026-07-12T20:57:55.020875Z DEBUG gtk_status_bar::widgets: Creating center group
2026-07-12T20:57:55+00:00 machine gtk-status-bar[1180]: 2026-07-12T20:57:55.020913Z DEBUG gtk_status_bar::widgets: Creating title widget
2026-07-12T20:57:55+00:00 machine gtk-status-bar[1180]: 2026-07-12T20:57:55.020967Z DEBUG gtk_status_bar::widgets: Creating right group
2026-07-12T20:57:55+00:00 machine gtk-status-bar[1180]: 2026-07-12T20:57:55.020999Z DEBUG gtk_status_bar::widgets: Creating system tray widget
2026-07-12T20:57:55+00:00 machine gtk-status-bar[1180]: 2026-07-12T20:57:55.021034Z DEBUG gtk_status_bar::widgets: Creating bluetooth widget
2026-07-12T20:57:55+00:00 machine gtk-status-bar[1180]: 2026-07-12T20:57:55.021074Z DEBUG gtk_status_bar::widgets: Creating volume widget
2026-07-12T20:57:55+00:00 machine gtk-status-bar[1180]: 2026-07-12T20:57:55.021121Z DEBUG gtk_status_bar::widgets: Creating battery widget
2026-07-12T20:57:55+00:00 machine gtk-status-bar[1180]: 2026-07-12T20:57:55.021169Z DEBUG gtk_status_bar::widgets: Creating time widget
2026-07-12T20:57:56+00:00 machine gtk-status-bar[1180]: 2026-07-12T20:57:56.330329Z DEBUG gtk_status_bar::widgets: Setting up time widget updates
2026-07-12T20:57:56+00:00 machine gtk-status-bar[1180]: 2026-07-12T20:57:56.332125Z DEBUG gtk_status_bar::widgets: Setting up system tray updates
2026-07-12T20:57:56+00:00 machine gtk-status-bar[1180]: 2026-07-12T20:57:56.332824Z DEBUG gtk_status_bar::widgets: Setting up workspace updates
2026-07-12T20:57:56+00:00 machine gtk-status-bar[1180]: 2026-07-12T20:57:56.332859Z DEBUG gtk_status_bar::widgets: Setting up title updates
2026-07-12T20:57:56+00:00 machine gtk-status-bar[1180]: 2026-07-12T20:57:56.332900Z DEBUG gtk_status_bar::widgets: Setting up battery updates
2026-07-12T20:57:56+00:00 machine gtk-status-bar[1180]: 2026-07-12T20:57:56.332937Z DEBUG gtk_status_bar::widgets: Setting up Bluetooth battery updates
2026-07-12T20:57:56+00:00 machine gtk-status-bar[1180]: 2026-07-12T20:57:56.332977Z DEBUG gtk_status_bar::widgets: Setting up volume updates with tokio async channels
2026-07-12T20:57:56+00:00 machine gtk-status-bar[1180]: 2026-07-12T20:57:56.333363Z DEBUG gtk_status_bar::pw: 🔧 Initializing PipeWire on dedicated thread...
2026-07-12T20:57:56+00:00 machine gtk-status-bar[1180]: 2026-07-12T20:57:56.333904Z DEBUG gtk_status_bar::pw: 📋 Created device tracking HashMap for (node_name, description, volume, channel, mute)
2026-07-12T20:57:56+00:00 machine gtk-status-bar[1180]: 2026-07-12T20:57:56.335925Z  INFO gtk_status_bar: Application activated successfully
2026-07-12T20:57:56+00:00 machine gtk-status-bar[1180]: 2026-07-12T20:57:56.337692Z  INFO gtk_status_bar::hypr: 🔌 Starting workspace event listener
2026-07-12T20:57:56+00:00 machine gtk-status-bar[1180]: 2026-07-12T20:57:56.337717Z DEBUG gtk_status_bar::hypr: Setting up workspace event listener
2026-07-12T20:57:56+00:00 machine gtk-status-bar[1180]: 2026-07-12T20:57:56.336836Z  INFO gtk_status_bar::tray: 🔌 Starting system tray backend
2026-07-12T20:57:56+00:00 machine gtk-status-bar[1180]: 2026-07-12T20:57:56.338008Z  INFO gtk_status_bar::hypr: 🔌 Starting title event listener
2026-07-12T20:57:56+00:00 machine gtk-status-bar[1180]: 2026-07-12T20:57:56.338025Z DEBUG gtk_status_bar::hypr: Setting up title event listener
2026-07-12T20:57:56+00:00 machine gtk-status-bar[1180]: 2026-07-12T20:57:56.338048Z DEBUG gtk_status_bar::hypr: Fetching initial title state
2026-07-12T20:57:56+00:00 machine gtk-status-bar[1180]: 2026-07-12T20:57:56.341941Z  INFO gtk_status_bar::dbus: 🔌 Starting D-Bus monitor
2026-07-12T20:57:56+00:00 machine gtk-status-bar[1180]: 2026-07-12T20:57:56.341969Z  INFO gtk_status_bar::dbus: Starting D-Bus monitoring task
2026-07-12T20:57:56+00:00 machine gtk-status-bar[1180]: 2026-07-12T20:57:56.342929Z DEBUG gtk_status_bar::widgets: 🚀 Starting async volume update loop...
2026-07-12T20:57:56+00:00 machine gtk-status-bar[1180]: 2026-07-12T20:57:56.345645Z  INFO gtk_status_bar: Starting tray IPC server
2026-07-12T20:57:56+00:00 machine gtk-status-bar[1180]: 2026-07-12T20:57:56.371796Z DEBUG gtk_status_bar::pw: ✅ PipeWire initialized
2026-07-12T20:57:56+00:00 machine gtk-status-bar[1180]: 2026-07-12T20:57:56.372167Z DEBUG gtk_status_bar::pw: ✅ ThreadLoop created
2026-07-12T20:57:56+00:00 machine gtk-status-bar[1180]: 2026-07-12T20:57:56.374399Z  INFO tray_ipc: Tray IPC server is listening path=/run/user/1000/gtk-status-bar/tray.sock
2026-07-12T20:57:56+00:00 machine gtk-status-bar[1180]: 2026-07-12T20:57:56.396000Z DEBUG gtk_status_bar::widgets: Pinning bar height to font-derived line height char_height=18 multiplier=1.4 pinned=25
2026-07-12T20:57:56+00:00 machine gtk-status-bar[1180]: 2026-07-12T20:57:56.402532Z DEBUG gtk_status_bar::dbus: 🔌 Registered battery match rule
2026-07-12T20:57:56+00:00 machine gtk-status-bar[1180]: 2026-07-12T20:57:56.403771Z DEBUG gtk_status_bar::dbus: 🔌 Registered bluez PropertiesChanged match rule
2026-07-12T20:57:56+00:00 machine gtk-status-bar[1180]: 2026-07-12T20:57:56.403989Z DEBUG gtk_status_bar::dbus: 🔌 Registered bluez InterfacesAdded match rule
2026-07-12T20:57:56+00:00 machine gtk-status-bar[1180]: 2026-07-12T20:57:56.404433Z DEBUG gtk_status_bar::dbus: 🔌 Registered bluez InterfacesRemoved match rule
2026-07-12T20:57:56+00:00 machine gtk-status-bar[1180]: 2026-07-12T20:57:56.408745Z  INFO gtk_status_bar::dbus: Battery is at 73.0%
2026-07-12T20:57:56+00:00 machine gtk-status-bar[1180]: 2026-07-12T20:57:56.408919Z DEBUG gtk_status_bar::widgets: Updating battery label: 🔋 73%
2026-07-12T20:57:56+00:00 machine gtk-status-bar[1180]: 2026-07-12T20:57:56.408959Z DEBUG gtk_status_bar::widgets: 👁️  SHOWING battery widget - data: 🔋 73%
2026-07-12T20:57:56+00:00 machine gtk-status-bar[1180]: 2026-07-12T20:57:56.410380Z  INFO gtk_status_bar::tray: Serving StatusNotifierWatcher for tray applications
2026-07-12T20:57:56+00:00 machine gtk-status-bar[1180]: 2026-07-12T20:57:56.412786Z  INFO gtk_status_bar::dbus: Battery is discharging (state: 2)
2026-07-12T20:57:56+00:00 machine gtk-status-bar[1180]: 2026-07-12T20:57:56.417717Z  INFO gtk_status_bar::dbus: Found 3 Bluetooth objects
2026-07-12T20:57:56+00:00 machine gtk-status-bar[1180]: 2026-07-12T20:57:56.418099Z  INFO gtk_status_bar::dbus: Found Bluetooth device with battery at: /org/bluez/hci0/dev_AA_BB_CC_DD_EE_01
2026-07-12T20:57:56+00:00 machine gtk-status-bar[1180]: 2026-07-12T20:57:56.418116Z  INFO gtk_status_bar::dbus: Bluetooth device battery at 80%
2026-07-12T20:57:56+00:00 machine gtk-status-bar[1180]: 2026-07-12T20:57:56.418134Z DEBUG gtk_status_bar::dbus: Added device /org/bluez/hci0/dev_AA_BB_CC_DD_EE_01 to HashMap (has_battery: true, has_media: false)
2026-07-12T20:57:56+00:00 machine gtk-status-bar[1180]: 2026-07-12T20:57:56.418649Z DEBUG gtk_status_bar::dbus: Initial bluetooth devices: {"/org/bluez/hci0/dev_AA_BB_CC_DD_EE_01": BluetoothDevice { has_battery: true, has_media: false, battery_percentage: Some(80), device_name: Some("Pixel Buds") }}
2026-07-12T20:57:56+00:00 machine gtk-status-bar[1180]: 2026-07-12T20:57:56.419799Z  INFO gtk_status_bar::dbus: Sent initial Bluetooth display: P80
2026-07-12T20:57:56+00:00 machine gtk-status-bar[1180]: 2026-07-12T20:57:56.419818Z  INFO gtk_status_bar::dbus: Dbus monitor: Starting to listen for D-Bus messages
2026-07-12T20:57:56+00:00 machine gtk-status-bar[1180]: 2026-07-12T20:57:56.419835Z DEBUG gtk_status_bar::dbus: Got an event in event stream: Msg { type: MethodReturn, serial: 9, sender: UniqueName(":1.5"), reply-serial: 8, body: Variant, fds: [] }
2026-07-12T20:57:56+00:00 machine gtk-status-bar[1180]: 2026-07-12T20:57:56.419854Z DEBUG gtk_status_bar::dbus: Dbus monitor: Received D-Bus message from path: None, interface: None, member: None
2026-07-12T20:57:56+00:00 machine gtk-status-bar[1180]: 2026-07-12T20:57:56.419877Z ERROR gtk_status_bar::dbus: Dbus monitor: Received message with no path, ignoring
2026-07-12T20:57:56+00:00 machine gtk-status-bar[1180]: 2026-07-12T20:57:56.419894Z DEBUG gtk_status_bar::dbus: Got an event in event stream: Msg { type: MethodReturn, serial: 10, sender: UniqueName(":1.5"), reply-serial: 12, body: Variant, fds: [] }
2026-07-12T20:57:56+00:00 machine gtk-status-bar[1180]: 2026-07-12T20:57:56.419911Z DEBUG gtk_status_bar::dbus: Dbus monitor: Received D-Bus message from path: None, interface: None, member: None
2026-07-12T20:57:56+00:00 machine gtk-status-bar[1180]: 2026-07-12T20:57:56.419927Z ERROR gtk_status_bar::dbus: Dbus monitor: Received message with no path, ignoring
2026-07-12T20:57:56+00:00 machine gtk-status-bar[1180]: 2026-07-12T20:57:56.419943Z DEBUG gtk_status_bar::dbus: Got an event in event stream: Msg { type: MethodReturn, serial: 24, sender: UniqueName(":1.6"), reply-serial: 16, body: Dict { key: Dynamic { child: ObjectPath }, value: Dynamic { child: Dict { key: Dynamic { child: Str }, value: Dynamic { child: Dict { key: Dynamic { child: Str }, value: Dynamic { child: Variant } } } } } }, fds: [] }
2026-07-12T20:57:56+00:00 machine gtk-status-bar[1180]: 2026-07-12T20:57:56.419962Z DEBUG gtk_status_bar::dbus: Dbus monitor: Received D-Bus message from path: None, interface: None, member: None
2026-07-12T20:57:56+00:00 machine gtk-status-bar[1180]: 2026-07-12T20:57:56.419977Z ERROR gtk_status_bar::dbus: Dbus monitor: Received message with no path, ignoring
2026-07-12T20:57:56+00:00 machine gtk-status-bar[1180]: 2026-07-12T20:57:56.422734Z DEBUG gtk_status_bar::widgets: Updating Bluetooth battery label: P80
2026-07-12T20:57:56+00:00 machine gtk-status-bar[1180]: 2026-07-12T20:57:56.422773Z DEBUG gtk_status_bar::widgets: 👁️  SHOWING Bluetooth widget - data: P80
2026-07-12T20:57:56+00:00 machine gtk-status-bar[1180]: 2026-07-12T20:57:56.449147Z DEBUG gtk_status_bar::pw: ✅ Context created
2026-07-12T20:57:56+00:00 machine gtk-status-bar[1180]: 2026-07-12T20:57:56.452985Z DEBUG gtk_status_bar::pw: ✅ Core connected
2026-07-12T20:57:56+00:00 machine gtk-status-bar[1180]: 2026-07-12T20:57:56.453009Z DEBUG gtk_status_bar::pw: ✅ Registry obtained
2026-07-12T20:57:56+00:00 machine gtk-status-bar[1180]: 2026-07-12T20:57:56.453025Z DEBUG gtk_status_bar::pw: 🎵 PipeWire ThreadLoop started - monitoring volume changes with default sink filtering
2026-07-12T20:57:56+00:00 machine gtk-status-bar[1180]: 2026-07-12T20:57:56.453183Z DEBUG gtk_status_bar::pw: ✅ ThreadLoop started successfully
2026-07-12T20:57:56+00:00 machine gtk-status-bar[1180]: 2026-07-12T20:57:56.453201Z DEBUG gtk_status_bar::pw: 🔄 PipeWire thread running - async event delivery active...
2026-07-12T20:57:56+00:00 machine gtk-status-bar[1180]: 2026-07-12T20:57:56.453902Z DEBUG gtk_status_bar::pw: 📡 PipeWire connected: pipewire-0
2026-07-12T20:57:56+00:00 machine gtk-status-bar[1180]: 2026-07-12T20:57:56.454981Z DEBUG gtk_status_bar::pw: 🚫 Skipping metadata '' (props: Some(DictRef { flags: Flags(0x0), entries: {"object.serial": "0", "core.name": "pipewire-0"} }))
2026-07-12T20:57:56+00:00 machine gtk-status-bar[1180]: 2026-07-12T20:57:56.455314Z DEBUG gtk_status_bar::pw: 🚫 Skipping metadata '' (props: Some(DictRef { flags: Flags(0x0), entries: {"object.serial": "1", "module.name": "libpipewire-module-rt"} }))
2026-07-12T20:57:56+00:00 machine gtk-status-bar[1180]: 2026-07-12T20:57:56.455333Z DEBUG gtk_status_bar::pw: 🚫 Skipping metadata '' (props: Some(DictRef { flags: Flags(0x0), entries: {"object.serial": "3"} }))
2026-07-12T20:57:56+00:00 machine gtk-status-bar[1180]: 2026-07-12T20:57:56.455351Z DEBUG gtk_status_bar::pw: 🚫 Skipping metadata '' (props: Some(DictRef { flags: Flags(0x0), entries: {"object.serial": "2", "module.name": "libpipewire-module-protocol-native"} }))
2026-07-12T20:57:56+00:00 machine gtk-status-bar[1180]: 2026-07-12T20:57:56.455368Z DEBUG gtk_status_bar::pw: 🚫 Skipping metadata '' (props: Some(DictRef { flags: Flags(0x0), entries: {"object.serial": "5"} }))
2026-07-12T20:57:56+00:00 machine gtk-status-bar[1180]: 2026-07-12T20:57:56.455388Z DEBUG gtk_status_bar::pw: 🚫 Skipping metadata '' (props: Some(DictRef { flags: Flags(0x0), entries: {"object.serial": "4", "module.name": "libpipewire-module-profiler"} }))
2026-07-12T20:57:56+00:00 machine gtk-status-bar[1180]: 2026-07-12T20:57:56.455409Z DEBUG gtk_status_bar::pw: 🚫 Skipping metadata '' (props: Some(DictRef { flags: Flags(0x0), entries: {"object.serial": "6", "module.name": "libpipewire-module-metadata"} }))
2026-07-12T20:57:56+00:00 machine gtk-status-bar[1180]: 2026-07-12T20:57:56.455430Z DEBUG gtk_status_bar::pw: 🚫 Skipping metadata '' (props: Some(DictRef { flags: Flags(0x0), entries: {"object.serial": "7", "module.id": "6", "factory.name": "metadata", "factory.type.name": "PipeWire:Interface:Metadata", "factory.type.version": "3"} }))
2026-07-12T20:57:56+00:00 machine gtk-status-bar[1180]: 2026-07-12T20:57:56.455452Z DEBUG gtk_status_bar::pw: 🚫 Skipping metadata '' (props: Some(DictRef { flags: Flags(0x0), entries: {"object.serial": "8", "module.name": "libpipewire-module-spa-device-factory"} }))
2026-07-12T20:57:56+00:00 machine gtk-status-bar[1180]: 2026-07-12T20:57:56.455471Z DEBUG gtk_status_bar::pw: 🚫 Skipping metadata '' (props: Some(DictRef { flags: Flags(0x0), entries: {"object.serial": "9", "module.id": "8", "factory.name": "spa-device-factory", "factory.type.name": "PipeWire:Interface:Device", "factory.type.version": "3"} }))
2026-07-12T20:57:56+00:00 machine gtk-status-bar[1180]: 2026-07-12T20:57:56.455488Z DEBUG gtk_status_bar::pw: 🚫 Skipping metadata '' (props: Some(DictRef { flags: Flags(0x0), entries: {"object.serial": "10", "module.name": "libpipewire-module-spa-node-factory"} }))
2026-07-12T20:57:56+00:00 machine gtk-status-bar[1180]: 2026-07-12T20:57:56.455505Z DEBUG gtk_status_bar::pw: 🚫 Skipping metadata '' (props: Some(DictRef { flags: Flags(0x0), entries: {"object.serial": "11", "module.id": "10", "factory.name": "spa-node-factory", "factory.type.name": "PipeWire:Interface:Node", "factory.type.version": "3"} }))
2026-07-12T20:57:56+00:00 machine gtk-status-bar[1180]: 2026-07-12T20:57:56.455522Z DEBUG gtk_status_bar::pw: 🚫 Skipping metadata '' (props: Some(DictRef { flags: Flags(0x0), entries: {"object.serial": "12", "module.name": "libpipewire-module-client-node"} }))
2026-07-12T20:57:56+00:00 machine gtk-status-bar[1180]: 2026-07-12T20:57:56.455539Z DEBUG gtk_status_bar::pw: 🚫 Skipping metadata '' (props: Some(DictRef { flags: Flags(0x0), entries: {"object.serial": "13", "module.id": "12", "factory.name": "client-node", "factory.type.name": "PipeWire:Interface:ClientNode", "factory.type.version": "6"} }))
2026-07-12T20:57:56+00:00 machine gtk-status-bar[1180]: 2026-07-12T20:57:56.455558Z DEBUG gtk_status_bar::pw: 🚫 Skipping metadata '' (props: Some(DictRef { flags: Flags(0x0), entries: {"object.serial": "14", "module.name": "libpipewire-module-client-device"} }))
2026-07-12T20:57:56+00:00 machine gtk-status-bar[1180]: 2026-07-12T20:57:56.455608Z DEBUG gtk_status_bar::pw: 🚫 Skipping metadata '' (props: Some(DictRef { flags: Flags(0x0), entries: {"object.serial": "15", "module.id": "14", "factory.name": "client-device", "factory.type.name": "Spa:Pointer:Interface:Device", "factory.type.version": "0"} }))
2026-07-12T20:57:56+00:00 machine gtk-status-bar[1180]: 2026-07-12T20:57:56.455625Z DEBUG gtk_status_bar::pw: 🚫 Skipping metadata '' (props: Some(DictRef { flags: Flags(0x0), entries: {"object.serial": "16", "module.name": "libpipewire-module-portal"} }))
2026-07-12T20:57:56+00:00 machine gtk-status-bar[1180]: 2026-07-12T20:57:56.455642Z DEBUG gtk_status_bar::pw: 🚫 Skipping metadata '' (props: Some(DictRef { flags: Flags(0x0), entries: {"object.serial": "17", "module.name": "libpipewire-module-access"} }))
2026-07-12T20:57:56+00:00 machine gtk-status-bar[1180]: 2026-07-12T20:57:56.455659Z DEBUG gtk_status_bar::pw: 🚫 Skipping metadata '' (props: Some(DictRef { flags: Flags(0x0), entries: {"object.serial": "18", "module.name": "libpipewire-module-adapter"} }))
2026-07-12T20:57:56+00:00 machine gtk-status-bar[1180]: 2026-07-12T20:57:56.455675Z DEBUG gtk_status_bar::pw: 🚫 Skipping metadata '' (props: Some(DictRef { flags: Flags(0x0), entries: {"object.serial": "19", "module.id": "18", "factory.name": "adapter", "factory.type.name": "PipeWire:Interface:Node", "factory.type.version": "3"} }))
2026-07-12T20:57:56+00:00 machine gtk-status-bar[1180]: 2026-07-12T20:57:56.455700Z DEBUG gtk_status_bar::pw: 🚫 Skipping metadata '' (props: Some(DictRef { flags: Flags(0x0), entries: {"object.serial": "20", "module.name": "libpipewire-module-link-factory"} }))
2026-07-12T20:57:56+00:00 machine gtk-status-bar[1180]: 2026-07-12T20:57:56.455717Z DEBUG gtk_status_bar::pw: 🚫 Skipping metadata '' (props: Some(DictRef { flags: Flags(0x0), entries: {"object.serial": "21", "module.id": "20", "factory.name": "link-factory", "factory.type.name": "PipeWire:Interface:Link", "factory.type.version": "3"} }))
2026-07-12T20:57:56+00:00 machine gtk-status-bar[1180]: 2026-07-12T20:57:56.455737Z DEBUG gtk_status_bar::pw: 🚫 Skipping metadata '' (props: Some(DictRef { flags: Flags(0x0), entries: {"object.serial": "22", "module.name": "libpipewire-module-session-manager"} }))
2026-07-12T20:57:56+00:00 machine gtk-status-bar[1180]: 2026-07-12T20:57:56.455754Z DEBUG gtk_status_bar::pw: 🚫 Skipping metadata '' (props: Some(DictRef { flags: Flags(0x0), entries: {"object.serial": "23", "module.id": "22", "factory.name": "client-endpoint", "factory.type.name": "PipeWire:Interface:ClientEndpoint", "factory.type.version": "0"} }))
2026-07-12T20:57:56+00:00 machine gtk-status-bar[1180]: 2026-07-12T20:57:56.455772Z DEBUG gtk_status_bar::pw: 🚫 Skipping metadata '' (props: Some(DictRef { flags: Flags(0x0), entries: {"object.serial": "24", "module.id": "22", "factory.name": "client-session", "factory.type.name": "PipeWire:Interface:ClientSession", "factory.type.version": "0"} }))
2026-07-12T20:57:56+00:00 machine gtk-status-bar[1180]: 2026-07-12T20:57:56.455789Z DEBUG gtk_status_bar::pw: 🚫 Skipping metadata '' (props: Some(DictRef { flags: Flags(0x0), entries: {"object.serial": "25", "module.id": "22", "factory.name": "session", "factory.type.name": "PipeWire:Interface:Session", "factory.type.version": "0"} }))
2026-07-12T20:57:56+00:00 machine gtk-status-bar[1180]: 2026-07-12T20:57:56.455806Z DEBUG gtk_status_bar::pw: 🚫 Skipping metadata '' (props: Some(DictRef { flags: Flags(0x0), entries: {"object.serial": "26", "module.id": "22", "factory.name": "endpoint", "factory.type.name": "PipeWire:Interface:Endpoint", "factory.type.version": "0"} }))
2026-07-12T20:57:56+00:00 machine gtk-status-bar[1180]: 2026-07-12T20:57:56.455824Z DEBUG gtk_status_bar::pw: 🚫 Skipping metadata '' (props: Some(DictRef { flags: Flags(0x0), entries: {"object.serial": "27", "module.id": "22", "factory.name": "endpoint-stream", "factory.type.name": "PipeWire:Interface:EndpointStream", "factory.type.version": "0"} }))
2026-07-12T20:57:56+00:00 machine gtk-status-bar[1180]: 2026-07-12T20:57:56.455841Z DEBUG gtk_status_bar::pw: 🚫 Skipping metadata '' (props: Some(DictRef { flags: Flags(0x0), entries: {"object.serial": "28", "module.id": "22", "factory.name": "endpoint-link", "factory.type.name": "PipeWire:Interface:EndpointLink", "factory.type.version": "0"} }))
2026-07-12T20:57:56+00:00 machine gtk-status-bar[1180]: 2026-07-12T20:57:56.455858Z DEBUG gtk_status_bar::pw: 🚫 Skipping metadata '' (props: Some(DictRef { flags: Flags(0x0), entries: {"object.serial": "29", "module.name": "libpipewire-module-x11-bell"} }))
2026-07-12T20:57:56+00:00 machine gtk-status-bar[1180]: 2026-07-12T20:57:56.455874Z DEBUG gtk_status_bar::pw: 🚫 Skipping metadata '' (props: Some(DictRef { flags: Flags(0x0), entries: {"object.serial": "30", "module.name": "libpipewire-module-jackdbus-detect"} }))
2026-07-12T20:57:56+00:00 machine gtk-status-bar[1180]: 2026-07-12T20:57:56.455893Z DEBUG gtk_status_bar::pw: 🚫 Skipping metadata '' (props: Some(DictRef { flags: Flags(0x0), entries: {"object.serial": "31", "factory.id": "11", "priority.driver": "200000", "node.name": "Dummy-Driver"} }))
2026-07-12T20:57:56+00:00 machine gtk-status-bar[1180]: 2026-07-12T20:57:56.455910Z DEBUG gtk_status_bar::pw: 🔍 Checking node - media.class: None
2026-07-12T20:57:56+00:00 machine gtk-status-bar[1180]: 2026-07-12T20:57:56.455924Z DEBUG gtk_status_bar::pw: 🔍 Node filter result: false for media.class: None
2026-07-12T20:57:56+00:00 machine gtk-status-bar[1180]: 2026-07-12T20:57:56.455939Z DEBUG gtk_status_bar::pw: 🚫 Skipping metadata '' (props: Some(DictRef { flags: Flags(0x0), entries: {"object.serial": "32", "factory.id": "11", "priority.driver": "190000", "node.name": "Freewheel-Driver"} }))
2026-07-12T20:57:56+00:00 machine gtk-status-bar[1180]: 2026-07-12T20:57:56.455955Z DEBUG gtk_status_bar::pw: 🔍 Checking node - media.class: None
2026-07-12T20:57:56+00:00 machine gtk-status-bar[1180]: 2026-07-12T20:57:56.455969Z DEBUG gtk_status_bar::pw: 🔍 Node filter result: false for media.class: None
2026-07-12T20:57:56+00:00 machine gtk-status-bar[1180]: 2026-07-12T20:57:56.455984Z DEBUG gtk_status_bar::pw: 🚫 Skipping metadata 'settings' (props: Some(DictRef { flags: Flags(0x0), entries: {"object.serial": "33", "metadata.name": "settings"} }))
2026-07-12T20:57:56+00:00 machine gtk-status-bar[1180]: 2026-07-12T20:57:56.456001Z DEBUG gtk_status_bar::pw: 🚫 Skipping metadata '' (props: Some(DictRef { flags: Flags(0x0), entries: {"object.serial": "34", "module.id": "2", "pipewire.protocol": "protocol-native", "pipewire.sec.pid": "1262", "pipewire.sec.uid": "1000", "pipewire.sec.gid": "100", "pipewire.sec.socket": "pipewire-0", "application.name": ".xdg-desktop-portal-wrapped", "pipewire.access": "unrestricted"} }))
2026-07-12T20:57:56+00:00 machine gtk-status-bar[1180]: 2026-07-12T20:57:56.456019Z DEBUG gtk_status_bar::pw: 🚫 Skipping metadata '' (props: Some(DictRef { flags: Flags(0x0), entries: {"object.serial": "35", "module.id": "2", "pipewire.protocol": "protocol-native", "pipewire.sec.pid": "1325", "pipewire.sec.uid": "1000", "pipewire.sec.gid": "100", "pipewire.sec.socket": "pipewire-0-manager", "application.name": "WirePlumber", "pipewire.access": "unrestricted"} }))
2026-07-12T20:57:56+00:00 machine gtk-status-bar[1180]: 2026-07-12T20:57:56.456047Z DEBUG gtk_status_bar::pw: 🚫 Skipping metadata 'schema-sm-settings' (props: Some(DictRef { flags: Flags(0x0), entries: {"metadata.name": "schema-sm-settings", "factory.id": "7", "module.id": "6", "client.id": "35", "object.serial": "36"} }))
2026-07-12T20:57:56+00:00 machine gtk-status-bar[1180]: 2026-07-12T20:57:56.456065Z DEBUG gtk_status_bar::pw: 🚫 Skipping metadata 'persistent-sm-settings' (props: Some(DictRef { flags: Flags(0x0), entries: {"metadata.name": "persistent-sm-settings", "factory.id": "7", "module.id": "6", "client.id": "35", "object.serial": "37"} }))
2026-07-12T20:57:56+00:00 machine gtk-status-bar[1180]: 2026-07-12T20:57:56.456085Z DEBUG gtk_status_bar::pw: 🚫 Skipping metadata 'sm-settings' (props: Some(DictRef { flags: Flags(0x0), entries: {"metadata.name": "sm-settings", "factory.id": "7", "module.id": "6", "client.id": "35", "object.serial": "38"} }))
2026-07-12T20:57:56+00:00 machine gtk-status-bar[1180]: 2026-07-12T20:57:56.456102Z DEBUG gtk_status_bar::pw: 🚫 Skipping metadata 'sm-objects' (props: Some(DictRef { flags: Flags(0x0), entries: {"metadata.name": "sm-objects", "factory.id": "7", "module.id": "6", "client.id": "35", "object.serial": "39"} }))
2026-07-12T20:57:56+00:00 machine gtk-status-bar[1180]: 2026-07-12T20:57:56.456119Z DEBUG gtk_status_bar::pw: 🚫 Skipping metadata 'default-profile' (props: Some(DictRef { flags: Flags(0x0), entries: {"wireplumber.state": "true", "metadata.name": "default-profile", "factory.id": "7", "module.id": "6", "client.id": "35", "object.serial": "40"} }))
2026-07-12T20:57:56+00:00 machine gtk-status-bar[1180]: 2026-07-12T20:57:56.456136Z DEBUG gtk_status_bar::pw: ✅ Processing metadata.name == default
2026-07-12T20:57:56+00:00 machine gtk-status-bar[1180]: 2026-07-12T20:57:56.456150Z DEBUG gtk_status_bar::pw: 📋 Found metadata object: Some(DictRef { flags: Flags(0x0), entries: {"metadata.name": "default", "factory.id": "7", "module.id": "6", "client.id": "35", "object.serial": "42"} })
2026-07-12T20:57:56+00:00 machine gtk-status-bar[1180]: 2026-07-12T20:57:56.456178Z DEBUG gtk_status_bar::pw: 📋 Bound 'default' Metadata (id=3)
2026-07-12T20:57:56+00:00 machine gtk-status-bar[1180]: 2026-07-12T20:57:56.457236Z DEBUG gtk_status_bar::pw: 🚫 Skipping metadata 'filters' (props: Some(DictRef { flags: Flags(0x0), entries: {"metadata.name": "filters", "factory.id": "7", "module.id": "6", "client.id": "35", "object.serial": "43"} }))
2026-07-12T20:57:56+00:00 machine gtk-status-bar[1180]: 2026-07-12T20:57:56.457274Z DEBUG gtk_status_bar::pw: 🚫 Skipping metadata '' (props: Some(DictRef { flags: Flags(0x0), entries: {"object.serial": "41", "module.id": "2", "pipewire.protocol": "protocol-native", "pipewire.sec.pid": "1335", "pipewire.sec.uid": "1000", "pipewire.sec.gid": "100", "pipewire.sec.socket": "pipewire-0", "application.name": ".xdg-desktop-portal-hyprland-wrapped", "pipewire.access": "unrestricted"} }))
2026-07-12T20:57:56+00:00 machine gtk-status-bar[1180]: 2026-07-12T20:57:56.457300Z DEBUG gtk_status_bar::pw: 🚫 Skipping metadata 'route-settings' (props: Some(DictRef { flags: Flags(0x0), entries: {"metadata.name": "route-settings", "factory.id": "7", "module.id": "6", "client.id": "35", "object.serial": "44"} }))
2026-07-12T20:57:56+00:00 machine gtk-status-bar[1180]: 2026-07-12T20:57:56.457328Z DEBUG gtk_status_bar::pw: 🚫 Skipping metadata '' (props: Some(DictRef { flags: Flags(0x0), entries: {"object.serial": "45", "module.id": "2", "pipewire.protocol": "protocol-native", "pipewire.sec.pid": "1325", "pipewire.sec.uid": "1000", "pipewire.sec.gid": "100", "pipewire.sec.socket": "pipewire-0-manager", "application.name": "WirePlumber [export]", "pipewire.access": "unrestricted"} }))
2026-07-12T20:57:56+00:00 machine gtk-status-bar[1180]: 2026-07-12T20:57:56.457356Z DEBUG gtk_status_bar::pw: 🚫 Skipping metadata '' (props: Some(DictRef { flags: Flags(0x0), entries: {"object.serial": "46", "factory.id": "11", "client.id": "45", "priority.session": "100", "priority.driver": "1", "node.name": "Midi-Bridge", "media.class": "Midi/Bridge"} }))
2026-07-12T20:57:56+00:00 machine gtk-status-bar[1180]: 2026-07-12T20:57:56.457376Z DEBUG gtk_status_bar::pw: 🔍 Checking node - media.class: Some("Midi/Bridge")
2026-07-12T20:57:56+00:00 machine gtk-status-bar[1180]: 2026-07-12T20:57:56.457887Z DEBUG gtk_status_bar::pw: 🔍 Node filter result: false for media.class: Some("Midi/Bridge")
2026-07-12T20:57:56+00:00 machine gtk-status-bar[1180]: 2026-07-12T20:57:56.457917Z DEBUG gtk_status_bar::pw: 🚫 Skipping metadata '' (props: Some(DictRef { flags: Flags(0x0), entries: {"object.serial": "47", "object.path": "alsa:seq:default:client_14:playback_0", "format.dsp": "8 bit raw midi", "node.id": "46", "port.id": "0", "port.name": "Midi Through: Port-0 (playback)", "port.direction": "in", "port.physical": "true", "port.terminal": "true", "port.alias": "Midi Through:Midi Through Port-0", "port.group": "client_14"} }))
2026-07-12T20:57:56+00:00 machine gtk-status-bar[1180]: 2026-07-12T20:57:56.457953Z DEBUG gtk_status_bar::pw: 🚫 Skipping metadata '' (props: Some(DictRef { flags: Flags(0x0), entries: {"object.serial": "48", "object.path": "alsa:seq:default:client_14:capture_0", "format.dsp": "8 bit raw midi", "node.id": "46", "port.id": "0", "port.name": "Midi Through: Port-0 (capture)", "port.direction": "out", "port.physical": "true", "port.terminal": "true", "port.alias": "Midi Through:Midi Through Port-0", "port.group": "client_14"} }))
2026-07-12T20:57:56+00:00 machine gtk-status-bar[1180]: 2026-07-12T20:57:56.457982Z DEBUG gtk_status_bar::pw: 🚫 Skipping metadata '' (props: Some(DictRef { flags: Flags(0x0), entries: {"object.serial": "49", "factory.id": "14", "client.id": "45", "node.description": "BLE MIDI 1", "node.name": "bluez_midi.server", "media.class": "Midi/Bridge"} }))
2026-07-12T20:57:56+00:00 machine gtk-status-bar[1180]: 2026-07-12T20:57:56.458007Z DEBUG gtk_status_bar::pw: 🔍 Checking node - media.class: Some("Midi/Bridge")
2026-07-12T20:57:56+00:00 machine gtk-status-bar[1180]: 2026-07-12T20:57:56.458036Z DEBUG gtk_status_bar::pw: 🔍 Node filter result: false for media.class: Some("Midi/Bridge")
2026-07-12T20:57:56+00:00 machine gtk-status-bar[1180]: 2026-07-12T20:57:56.458061Z DEBUG gtk_status_bar::pw: 🚫 Skipping metadata '' (props: Some(DictRef { flags: Flags(0x0), entries: {"object.serial": "50", "object.path": "bluez_midi.server:input_0", "format.dsp": "8 bit raw midi", "node.id": "49", "port.id": "0", "port.name": "in", "port.direction": "in", "port.physical": "true", "port.terminal": "true", "port.alias": "in", "port.group": "group.0"} }))
2026-07-12T20:57:56+00:00 machine gtk-status-bar[1180]: 2026-07-12T20:57:56.458090Z DEBUG gtk_status_bar::pw: 🚫 Skipping metadata '' (props: Some(DictRef { flags: Flags(0x0), entries: {"object.serial": "51", "object.path": "bluez_midi.server:output_0", "format.dsp": "8 bit raw midi", "node.id": "49", "port.id": "0", "port.name": "out", "port.direction": "out", "port.physical": "true", "port.terminal": "true", "port.alias": "out", "port.group": "group.0"} }))
2026-07-12T20:57:56+00:00 machine gtk-status-bar[1180]: 2026-07-12T20:57:56.458159Z DEBUG gtk_status_bar::pw: 🚫 Skipping metadata '' (props: Some(DictRef { flags: Flags(0x0), entries: {"object.serial": "52", "module.id": "2", "pipewire.protocol": "protocol-native", "pipewire.sec.pid": "1180", "pipewire.sec.uid": "1000", "pipewire.sec.gid": "100", "pipewire.sec.socket": "pipewire-0", "application.name": ".gtk-status-bar-wrapped", "pipewire.access": "unrestricted"} }))
2026-07-12T20:57:56+00:00 machine gtk-status-bar[1180]: 2026-07-12T20:57:56.970253Z  INFO gtk_status_bar::tray: Status notifier item registered item=":1.42/StatusNotifierItem"
2026-07-12T20:57:57+00:00 machine gtk-status-bar[1180]: 2026-07-12T20:57:57.056090Z DEBUG gtk_status_bar::hypr: Initial title: ""
2026-07-12T20:57:57+00:00 machine gtk-status-bar[1180]: 2026-07-12T20:57:57.057419Z  INFO gtk_status_bar::hypr: Starting title event listener
2026-07-12T20:57:57+00:00 machine gtk-status-bar[1180]: 2026-07-12T20:57:57.062659Z  INFO gtk_status_bar::hypr: Starting workspace event listener
2026-07-12T20:57:57+00:00 machine gtk-status-bar[1180]: 2026-07-12T20:57:57.108450Z  INFO gtk_status_bar::widgets: Added system tray item item=":1.42/StatusNotifierItem"
2026-07-12T20:57:57+00:00 machine gtk-status-bar[1180]: 2026-07-12T20:57:57.155545Z DEBUG gtk_status_bar::widgets: Updating workspace - label: 'Workspace u', color for workspace: 1
2026-07-12T20:57:57+00:00 machine gtk-status-bar[1180]: 2026-07-12T20:57:57.155761Z DEBUG gtk_status_bar::widgets: Updated title widget color to: rgba(122, 162, 247, 0.5) for workspace: 1
2026-07-12T20:57:57+00:00 machine gtk-status-bar[1180]: 2026-07-12T20:57:57.155817Z DEBUG gtk_status_bar::widgets: Updating title label:
2026-07-12T20:57:57+00:00 machine gtk-status-bar[1180]: 2026-07-12T20:57:57.199638Z DEBUG gtk_status_bar::pw: 🚫 Skipping metadata '' (props: Some(DictRef { flags: Flags(0x0), entries: {"object.serial": "53", "module.id": "2", "pipewire.protocol": "protocol-native", "pipewire.sec.pid": "1387", "pipewire.sec.uid": "1000", "pipewire.sec.gid": "100", "pipewire.sec.socket": "pipewire-0", "application.name": "pipewire", "pipewire.access": "unrestricted"} }))
2026-07-12T20:57:57+00:00 machine gtk-status-bar[1180]: 2026-07-12T20:57:57.233339Z DEBUG gtk_status_bar::pw: 🚫 Skipping metadata '' (props: Some(DictRef { flags: Flags(0x0), entries: {"object.serial": "54", "factory.id": "19", "client.id": "53", "node.description": "Dummy Output", "node.name": "auto_null", "media.class": "Audio/Sink"} }))
2026-07-12T20:57:57+00:00 machine gtk-status-bar[1180]: 2026-07-12T20:57:57.233377Z DEBUG gtk_status_bar::pw: 🔍 Checking node - media.class: Some("Audio/Sink")
2026-07-12T20:57:57+00:00 machine gtk-status-bar[1180]: 2026-07-12T20:57:57.233394Z DEBUG gtk_status_bar::pw: 🔍 Node filter result: true for media.class: Some("Audio/Sink")
2026-07-12T20:57:57+00:00 machine gtk-status-bar[1180]: 2026-07-12T20:57:57.233423Z DEBUG gtk_status_bar::pw: 📱 Monitoring audio node: Dummy Output (4) [node.name: auto_null]
2026-07-12T20:57:57+00:00 machine gtk-status-bar[1180]: 2026-07-12T20:57:57.233438Z DEBUG gtk_status_bar::pw: 🔗 ADDING NODE LISTENER for node.name: auto_null
2026-07-12T20:57:57+00:00 machine gtk-status-bar[1180]: 2026-07-12T20:57:57.233455Z DEBUG gtk_status_bar::pw: 📝 Added device to HashMap: 4 -> (auto_null, Dummy Output, no volume yet)
2026-07-12T20:57:57+00:00 machine gtk-status-bar[1180]: 2026-07-12T20:57:57.233470Z DEBUG gtk_status_bar::pw: 🗂️ Current device map size: 1
2026-07-12T20:57:57+00:00 machine gtk-status-bar[1180]: 2026-07-12T20:57:57.240710Z DEBUG gtk_status_bar::pw: 🚫 Skipping metadata '' (props: Some(DictRef { flags: Flags(0x0), entries: {"object.serial": "55", "module.id": "2", "pipewire.protocol": "protocol-native", "pipewire.sec.pid": "1387", "pipewire.sec.uid": "1000", "pipewire.sec.gid": "100", "pipewire.sec.socket": "pipewire-0", "application.name": "Blueman", "pipewire.access": "unrestricted"} }))
2026-07-12T20:57:57+00:00 machine gtk-status-bar[1180]: 2026-07-12T20:57:57.241851Z DEBUG gtk_status_bar::pw: 🎛️  NODE PARAM CALLBACK: Dummy Output (4) received Props param
2026-07-12T20:57:57+00:00 machine gtk-status-bar[1180]: 2026-07-12T20:57:57.242403Z DEBUG gtk_status_bar::pw: 🔊 Node 4: Dummy Output - Vol: Some(100)% | Ch: Some(100)% | Mute: Some(false) [CACHING]
2026-07-12T20:57:57+00:00 machine gtk-status-bar[1180]: 2026-07-12T20:57:57.242421Z DEBUG gtk_status_bar::pw: 📝 Updated volume cache for device 4: Dummy Output -> Vol: Some(100)%, Ch: Some(100)%, Mute: Some(false)
2026-07-12T20:57:57+00:00 machine gtk-status-bar[1180]: 2026-07-12T20:57:57.242436Z DEBUG gtk_status_bar::pw: 🎯 Checking if device 4 is default: current_default=None, node_name=auto_null, is_default=false
2026-07-12T20:57:57+00:00 machine gtk-status-bar[1180]: 2026-07-12T20:57:57.242451Z DEBUG gtk_status_bar::pw: 📊 Cached volume for non-default device 4 (Dummy Output)
2026-07-12T20:57:57+00:00 machine gtk-status-bar[1180]: 2026-07-12T20:57:57.242467Z ERROR gtk_status_bar::pw: ❌ PipeWire error id:4 seq:5 res:-2: enum params id:13 (Spa:Enum:ParamId:Route) failed
2026-07-12T20:57:57+00:00 machine gtk-status-bar[1180]: 2026-07-12T20:57:57.247706Z DEBUG gtk_status_bar::pw: 🎛️  NODE PARAM CALLBACK: Dummy Output (4) received Props param
2026-07-12T20:57:57+00:00 machine gtk-status-bar[1180]: 2026-07-12T20:57:57.247734Z DEBUG gtk_status_bar::pw: 🔊 Node 4: Dummy Output - Vol: Some(100)% | Ch: Some(100)% | Mute: Some(false) [CACHING]
2026-07-12T20:57:57+00:00 machine gtk-status-bar[1180]: 2026-07-12T20:57:57.247750Z DEBUG gtk_status_bar::pw: 📝 Updated volume cache for device 4: Dummy Output -> Vol: Some(100)%, Ch: Some(100)%, Mute: Some(false)
2026-07-12T20:57:57+00:00 machine gtk-status-bar[1180]: 2026-07-12T20:57:57.247765Z DEBUG gtk_status_bar::pw: 🎯 Checking if device 4 is default: current_default=None, node_name=auto_null, is_default=false
2026-07-12T20:57:57+00:00 machine gtk-status-bar[1180]: 2026-07-12T20:57:57.247779Z DEBUG gtk_status_bar::pw: 📊 Cached volume for non-default device 4 (Dummy Output)
2026-07-12T20:57:57+00:00 machine gtk-status-bar[1180]: 2026-07-12T20:57:57.247803Z DEBUG gtk_status_bar::pw: 🎛️  NODE PARAM CALLBACK: Dummy Output (4) received Props param
2026-07-12T20:57:57+00:00 machine gtk-status-bar[1180]: 2026-07-12T20:57:57.247818Z DEBUG gtk_status_bar::pw: 🔊 Node 4: Dummy Output - Vol: Some(100)% | Ch: Some(100)% | Mute: Some(false) [CACHING]
2026-07-12T20:57:57+00:00 machine gtk-status-bar[1180]: 2026-07-12T20:57:57.247832Z DEBUG gtk_status_bar::pw: 📝 Updated volume cache for device 4: Dummy Output -> Vol: Some(100)%, Ch: Some(100)%, Mute: Some(false)
2026-07-12T20:57:57+00:00 machine gtk-status-bar[1180]: 2026-07-12T20:57:57.247847Z DEBUG gtk_status_bar::pw: 🎯 Checking if device 4 is default: current_default=None, node_name=auto_null, is_default=false
2026-07-12T20:57:57+00:00 machine gtk-status-bar[1180]: 2026-07-12T20:57:57.247860Z DEBUG gtk_status_bar::pw: 📊 Cached volume for non-default device 4 (Dummy Output)
2026-07-12T20:57:57+00:00 machine gtk-status-bar[1180]: 2026-07-12T20:57:57.247879Z DEBUG gtk_status_bar::pw: 🚫 Skipping metadata '' (props: Some(DictRef { flags: Flags(0x0), entries: {"object.serial": "56", "object.path": "auto_null:playback_0", "format.dsp": "32 bit float mono audio", "node.id": "54", "audio.channel": "FL", "port.id": "0", "port.name": "playback_FL", "port.direction": "in", "port.alias": "Dummy Output:playback_FL", "port.group": "stream.0"} }))
2026-07-12T20:57:57+00:00 machine gtk-status-bar[1180]: 2026-07-12T20:57:57.247899Z DEBUG gtk_status_bar::pw: 🚫 Skipping metadata '' (props: Some(DictRef { flags: Flags(0x0), entries: {"object.serial": "57", "object.path": "auto_null:playback_1", "format.dsp": "32 bit float mono audio", "node.id": "54", "audio.channel": "FR", "port.id": "1", "port.name": "playback_FR", "port.direction": "in", "port.alias": "Dummy Output:playback_FR", "port.group": "stream.0"} }))
2026-07-12T20:57:57+00:00 machine gtk-status-bar[1180]: 2026-07-12T20:57:57.247918Z DEBUG gtk_status_bar::pw: 🚫 Skipping metadata '' (props: Some(DictRef { flags: Flags(0x0), entries: {"object.serial": "58", "object.path": "auto_null:monitor_0", "format.dsp": "32 bit float mono audio", "node.id": "54", "audio.channel": "FL", "port.id": "0", "port.name": "monitor_FL", "port.direction": "out", "port.monitor": "true", "port.alias": "Dummy Output:monitor_FL", "port.group": "stream.0"} }))
2026-07-12T20:57:57+00:00 machine gtk-status-bar[1180]: 2026-07-12T20:57:57.247937Z DEBUG gtk_status_bar::pw: 🚫 Skipping metadata '' (props: Some(DictRef { flags: Flags(0x0), entries: {"object.serial": "59", "object.path": "auto_null:monitor_1", "format.dsp": "32 bit float mono audio", "node.id": "54", "audio.channel": "FR", "port.id": "1", "port.name": "monitor_FR", "port.direction": "out", "port.monitor": "true", "port.alias": "Dummy Output:monitor_FR", "port.group": "stream.0"} }))
2026-07-12T20:57:57+00:00 machine gtk-status-bar[1180]: 2026-07-12T20:57:57.247955Z DEBUG gtk_status_bar::pw: 🎛️  NODE PARAM CALLBACK: Dummy Output (4) received Props param
2026-07-12T20:57:57+00:00 machine gtk-status-bar[1180]: 2026-07-12T20:57:57.247971Z DEBUG gtk_status_bar::pw: 🔊 Node 4: Dummy Output - Vol: Some(100)% | Ch: Some(100)% | Mute: Some(false) [CACHING]
2026-07-12T20:57:57+00:00 machine gtk-status-bar[1180]: 2026-07-12T20:57:57.247986Z DEBUG gtk_status_bar::pw: 📝 Updated volume cache for device 4: Dummy Output -> Vol: Some(100)%, Ch: Some(100)%, Mute: Some(false)
2026-07-12T20:57:57+00:00 machine gtk-status-bar[1180]: 2026-07-12T20:57:57.248000Z DEBUG gtk_status_bar::pw: 🎯 Checking if device 4 is default: current_default=None, node_name=auto_null, is_default=false
2026-07-12T20:57:57+00:00 machine gtk-status-bar[1180]: 2026-07-12T20:57:57.248014Z DEBUG gtk_status_bar::pw: 📊 Cached volume for non-default device 4 (Dummy Output)
2026-07-12T20:57:57+00:00 machine gtk-status-bar[1180]: 2026-07-12T20:57:57.256099Z DEBUG gtk_status_bar::pw: 🎛️  NODE PARAM CALLBACK: Dummy Output (4) received Props param
2026-07-12T20:57:57+00:00 machine gtk-status-bar[1180]: 2026-07-12T20:57:57.256139Z DEBUG gtk_status_bar::pw: 🔊 Node 4: Dummy Output - Vol: Some(100)% | Ch: Some(100)% | Mute: Some(false) [CACHING]
2026-07-12T20:57:57+00:00 machine gtk-status-bar[1180]: 2026-07-12T20:57:57.256165Z DEBUG gtk_status_bar::pw: 📝 Updated volume cache for device 4: Dummy Output -> Vol: Some(100)%, Ch: Some(100)%, Mute: Some(false)
2026-07-12T20:57:57+00:00 machine gtk-status-bar[1180]: 2026-07-12T20:57:57.256189Z DEBUG gtk_status_bar::pw: 🎯 Checking if device 4 is default: current_default=None, node_name=auto_null, is_default=false
2026-07-12T20:57:57+00:00 machine gtk-status-bar[1180]: 2026-07-12T20:57:57.256212Z DEBUG gtk_status_bar::pw: 📊 Cached volume for non-default device 4 (Dummy Output)
2026-07-12T20:57:57+00:00 machine gtk-status-bar[1180]: 2026-07-12T20:57:57.264083Z DEBUG gtk_status_bar::pw: 📝 metadata.property subject=0 key=Some("default.audio.sink") value=Some("{\"name\":\"auto_null\"}")
2026-07-12T20:57:57+00:00 machine gtk-status-bar[1180]: 2026-07-12T20:57:57.264110Z DEBUG gtk_status_bar::pw: 🔍 Processing metadata property: default.audio.sink={"name":"auto_null"}
2026-07-12T20:57:57+00:00 machine gtk-status-bar[1180]: 2026-07-12T20:57:57.264133Z  INFO gtk_status_bar::pw: 🔄 Default sink -> auto_null
2026-07-12T20:57:57+00:00 machine gtk-status-bar[1180]: 2026-07-12T20:57:57.264149Z DEBUG gtk_status_bar::pw: 🎯 SINK CHANGE: None -> auto_null (should trigger volume fetch)
2026-07-12T20:57:57+00:00 machine gtk-status-bar[1180]: 2026-07-12T20:57:57.264164Z DEBUG gtk_status_bar::pw: 🗂️ Searching device map for default sink 'auto_null'
2026-07-12T20:57:57+00:00 machine gtk-status-bar[1180]: 2026-07-12T20:57:57.264178Z DEBUG gtk_status_bar::pw: 🗂️ Current device map contents: {4: ("auto_null", "Dummy Output", Some(100), Some(100), Some(false))}
2026-07-12T20:57:57+00:00 machine gtk-status-bar[1180]: 2026-07-12T20:57:57.264196Z DEBUG gtk_status_bar::pw: 🔍 Checking device 4: node_name='auto_null', description='Dummy Output' against default sink 'auto_null'
2026-07-12T20:57:57+00:00 machine gtk-status-bar[1180]: 2026-07-12T20:57:57.264211Z DEBUG gtk_status_bar::pw: 🎯 MATCH! Found device 4 with node_name 'auto_null' matching default sink
2026-07-12T20:57:57+00:00 machine gtk-status-bar[1180]: 2026-07-12T20:57:57.264225Z DEBUG gtk_status_bar::pw: 🎨 Updating GUI label to: 'Dummy Output' with cached volume data
2026-07-12T20:57:57+00:00 machine gtk-status-bar[1180]: 2026-07-12T20:57:57.264239Z DEBUG gtk_status_bar::pw: 💾 Cached volume data: Vol: Some(100)%, Ch: Some(100)%, Mute: Some(false)
2026-07-12T20:57:57+00:00 machine gtk-status-bar[1180]: 2026-07-12T20:57:57.264265Z DEBUG gtk_status_bar::pw: ✅ Sent REAL volume data to GUI: 'Dummy Output' Vol: Some(100)%, Ch: Some(100)%, Mute: Some(false)
2026-07-12T20:57:57+00:00 machine gtk-status-bar[1180]: 2026-07-12T20:57:57.264711Z DEBUG gtk_status_bar::widgets: 📺 GTK UI updated via ASYNC: 🔊D100
2026-07-12T20:57:58+00:00 machine gtk-status-bar[1180]: 2026-07-12T20:57:58.654160Z  INFO gtk_status_bar::tray: Status notifier item registered item=":1.46/org/blueman/sni"
2026-07-12T20:57:58+00:00 machine gtk-status-bar[1180]: 2026-07-12T20:57:58.676745Z DEBUG gtk_status_bar::tray: Tray item property is unavailable property="IconPixmap" error=org.freedesktop.DBus.Error.InvalidArgs: No such property “IconPixmap”
2026-07-12T20:57:58+00:00 machine gtk-status-bar[1180]: 2026-07-12T20:57:58.679318Z DEBUG gtk_status_bar::tray: Tray item property is unavailable property="IconThemePath" error=org.freedesktop.DBus.Error.InvalidArgs: No such property “IconThemePath”
2026-07-12T20:57:58+00:00 machine gtk-status-bar[1180]: 2026-07-12T20:57:58.689836Z  INFO gtk_status_bar::widgets: Added system tray item item=":1.46/org/blueman/sni"
