2026-07-13T03:37:27+00:00 machine gtk-status-bar[1194]: 2026-07-13T03:37:27.031680Z  INFO gtk_status_bar: Starting GTK status bar application
2026-07-13T03:37:27+00:00 machine gtk-status-bar[1194]: 2026-07-13T03:37:27.050512Z  INFO gtk_status_bar: Running GTK application
2026-07-13T03:37:31+00:00 machine gtk-status-bar[1194]: 2026-07-13T03:37:31.509263Z  INFO gtk_status_bar: Activating GTK application
2026-07-13T03:37:31+00:00 machine gtk-status-bar[1194]: 2026-07-13T03:37:31.530877Z DEBUG gtk_status_bar::widgets: Loading CSS styles
2026-07-13T03:37:31+00:00 machine gtk-status-bar[1194]: 2026-07-13T03:37:31.532044Z  INFO gtk_status_bar::widgets: CSS styles loaded successfully
2026-07-13T03:37:31+00:00 machine gtk-status-bar[1194]: 2026-07-13T03:37:31.532063Z DEBUG gtk_status_bar::widgets: Configuring layer shell
2026-07-13T03:37:31+00:00 machine gtk-status-bar[1194]: 2026-07-13T03:37:31.546415Z  INFO gtk_status_bar::widgets: Layer shell configured successfully
2026-07-13T03:37:31+00:00 machine gtk-status-bar[1194]: 2026-07-13T03:37:31.546588Z DEBUG gtk_status_bar::widgets: Creating experimental bar
2026-07-13T03:37:31+00:00 machine gtk-status-bar[1194]: 2026-07-13T03:37:31.548077Z DEBUG gtk_status_bar::widgets: Creating left group
2026-07-13T03:37:31+00:00 machine gtk-status-bar[1194]: 2026-07-13T03:37:31.548154Z DEBUG gtk_status_bar::widgets: Creating workspace widget
2026-07-13T03:37:31+00:00 machine gtk-status-bar[1194]: 2026-07-13T03:37:31.549965Z DEBUG gtk_status_bar::widgets: Creating center group
2026-07-13T03:37:31+00:00 machine gtk-status-bar[1194]: 2026-07-13T03:37:31.549994Z DEBUG gtk_status_bar::widgets: Creating title widget
2026-07-13T03:37:31+00:00 machine gtk-status-bar[1194]: 2026-07-13T03:37:31.550044Z DEBUG gtk_status_bar::widgets: Creating right group
2026-07-13T03:37:31+00:00 machine gtk-status-bar[1194]: 2026-07-13T03:37:31.550075Z DEBUG gtk_status_bar::widgets: Creating system tray widget
2026-07-13T03:37:31+00:00 machine gtk-status-bar[1194]: 2026-07-13T03:37:31.550104Z DEBUG gtk_status_bar::widgets: Creating bluetooth widget
2026-07-13T03:37:31+00:00 machine gtk-status-bar[1194]: 2026-07-13T03:37:31.550175Z DEBUG gtk_status_bar::widgets: Creating volume widget
2026-07-13T03:37:31+00:00 machine gtk-status-bar[1194]: 2026-07-13T03:37:31.550215Z DEBUG gtk_status_bar::widgets: Creating battery widget
2026-07-13T03:37:31+00:00 machine gtk-status-bar[1194]: 2026-07-13T03:37:31.550254Z DEBUG gtk_status_bar::widgets: Creating time widget
2026-07-13T03:37:32+00:00 machine gtk-status-bar[1194]: 2026-07-13T03:37:32.789396Z DEBUG gtk_status_bar::widgets: Setting up time widget updates
2026-07-13T03:37:32+00:00 machine gtk-status-bar[1194]: 2026-07-13T03:37:32.792345Z DEBUG gtk_status_bar::widgets: Setting up system tray updates
2026-07-13T03:37:32+00:00 machine gtk-status-bar[1194]: 2026-07-13T03:37:32.793764Z DEBUG gtk_status_bar::widgets: Setting up workspace updates
2026-07-13T03:37:32+00:00 machine gtk-status-bar[1194]: 2026-07-13T03:37:32.793811Z DEBUG gtk_status_bar::widgets: Setting up title updates
2026-07-13T03:37:32+00:00 machine gtk-status-bar[1194]: 2026-07-13T03:37:32.793848Z DEBUG gtk_status_bar::widgets: Setting up battery updates
2026-07-13T03:37:32+00:00 machine gtk-status-bar[1194]: 2026-07-13T03:37:32.793884Z DEBUG gtk_status_bar::widgets: Setting up Bluetooth battery updates
2026-07-13T03:37:32+00:00 machine gtk-status-bar[1194]: 2026-07-13T03:37:32.793918Z DEBUG gtk_status_bar::widgets: Setting up volume updates with tokio async channels
2026-07-13T03:37:32+00:00 machine gtk-status-bar[1194]: 2026-07-13T03:37:32.796614Z DEBUG gtk_status_bar::pw: 🔧 Initializing PipeWire on dedicated thread...
2026-07-13T03:37:32+00:00 machine gtk-status-bar[1194]: 2026-07-13T03:37:32.796641Z DEBUG gtk_status_bar::pw: 📋 Created device tracking HashMap for (node_name, description, volume, channel, mute)
2026-07-13T03:37:32+00:00 machine gtk-status-bar[1194]: 2026-07-13T03:37:32.800900Z  INFO gtk_status_bar: Application activated successfully
2026-07-13T03:37:32+00:00 machine gtk-status-bar[1194]: 2026-07-13T03:37:32.803077Z DEBUG gtk_status_bar::widgets: 🚀 Starting async volume update loop...
2026-07-13T03:37:32+00:00 machine gtk-status-bar[1194]: 2026-07-13T03:37:32.809311Z  INFO gtk_status_bar::hypr: 🔌 Starting title event listener
2026-07-13T03:37:32+00:00 machine gtk-status-bar[1194]: 2026-07-13T03:37:32.809631Z DEBUG gtk_status_bar::hypr: Setting up title event listener
2026-07-13T03:37:32+00:00 machine gtk-status-bar[1194]: 2026-07-13T03:37:32.809649Z DEBUG gtk_status_bar::hypr: Fetching initial title state
2026-07-13T03:37:32+00:00 machine gtk-status-bar[1194]: 2026-07-13T03:37:32.809240Z  INFO gtk_status_bar::hypr: 🔌 Starting workspace event listener
2026-07-13T03:37:32+00:00 machine gtk-status-bar[1194]: 2026-07-13T03:37:32.809715Z DEBUG gtk_status_bar::hypr: Setting up workspace event listener
2026-07-13T03:37:32+00:00 machine gtk-status-bar[1194]: 2026-07-13T03:37:32.809346Z  INFO gtk_status_bar::tray: 🔌 Starting system tray backend
2026-07-13T03:37:32+00:00 machine gtk-status-bar[1194]: 2026-07-13T03:37:32.809254Z  INFO gtk_status_bar: Starting tray IPC server
2026-07-13T03:37:32+00:00 machine gtk-status-bar[1194]: 2026-07-13T03:37:32.815650Z  INFO gtk_status_bar::dbus: 🔌 Starting D-Bus monitor
2026-07-13T03:37:32+00:00 machine gtk-status-bar[1194]: 2026-07-13T03:37:32.815802Z  INFO gtk_status_bar::dbus: Starting D-Bus monitoring task
2026-07-13T03:37:32+00:00 machine gtk-status-bar[1194]: 2026-07-13T03:37:32.834602Z DEBUG gtk_status_bar::pw: ✅ PipeWire initialized
2026-07-13T03:37:32+00:00 machine gtk-status-bar[1194]: 2026-07-13T03:37:32.835594Z DEBUG gtk_status_bar::pw: ✅ ThreadLoop created
2026-07-13T03:37:32+00:00 machine gtk-status-bar[1194]: 2026-07-13T03:37:32.836986Z  INFO tray_ipc: Tray IPC server is listening path=/run/user/1000/gtk-status-bar/tray.sock
2026-07-13T03:37:32+00:00 machine gtk-status-bar[1194]: 2026-07-13T03:37:32.857040Z DEBUG gtk_status_bar::widgets: Pinning bar height to font-derived line height char_height=18 multiplier=1.4 pinned=25
2026-07-13T03:37:32+00:00 machine gtk-status-bar[1194]: 2026-07-13T03:37:32.866289Z DEBUG gtk_status_bar::dbus: 🔌 Registered battery match rule
2026-07-13T03:37:32+00:00 machine gtk-status-bar[1194]: 2026-07-13T03:37:32.866757Z DEBUG gtk_status_bar::dbus: 🔌 Registered bluez PropertiesChanged match rule
2026-07-13T03:37:32+00:00 machine gtk-status-bar[1194]: 2026-07-13T03:37:32.867257Z DEBUG gtk_status_bar::dbus: 🔌 Registered bluez InterfacesAdded match rule
2026-07-13T03:37:32+00:00 machine gtk-status-bar[1194]: 2026-07-13T03:37:32.867598Z DEBUG gtk_status_bar::dbus: 🔌 Registered bluez InterfacesRemoved match rule
2026-07-13T03:37:32+00:00 machine gtk-status-bar[1194]: 2026-07-13T03:37:32.870728Z  INFO gtk_status_bar::tray: Serving StatusNotifierWatcher for tray applications
2026-07-13T03:37:32+00:00 machine gtk-status-bar[1194]: 2026-07-13T03:37:32.874999Z  INFO gtk_status_bar::dbus: Battery is discharging (state: 2)
2026-07-13T03:37:32+00:00 machine gtk-status-bar[1194]: 2026-07-13T03:37:32.875018Z  INFO gtk_status_bar::dbus: Battery is at 73.0%
2026-07-13T03:37:32+00:00 machine gtk-status-bar[1194]: 2026-07-13T03:37:32.876283Z DEBUG gtk_status_bar::widgets: Updating battery label: 🔋 73%
2026-07-13T03:37:32+00:00 machine gtk-status-bar[1194]: 2026-07-13T03:37:32.876359Z DEBUG gtk_status_bar::widgets: 👁️  SHOWING battery widget - data: 🔋 73%
2026-07-13T03:37:32+00:00 machine gtk-status-bar[1194]: 2026-07-13T03:37:32.887802Z  INFO gtk_status_bar::dbus: Found 3 Bluetooth objects
2026-07-13T03:37:32+00:00 machine gtk-status-bar[1194]: 2026-07-13T03:37:32.888571Z  INFO gtk_status_bar::dbus: Found Bluetooth device with battery at: /org/bluez/hci0/dev_AA_BB_CC_DD_EE_01
2026-07-13T03:37:32+00:00 machine gtk-status-bar[1194]: 2026-07-13T03:37:32.888608Z  INFO gtk_status_bar::dbus: Bluetooth device battery at 80%
2026-07-13T03:37:32+00:00 machine gtk-status-bar[1194]: 2026-07-13T03:37:32.888639Z DEBUG gtk_status_bar::dbus: Added device /org/bluez/hci0/dev_AA_BB_CC_DD_EE_01 to HashMap (has_battery: true, has_media: false)
2026-07-13T03:37:32+00:00 machine gtk-status-bar[1194]: 2026-07-13T03:37:32.889246Z DEBUG gtk_status_bar::dbus: Initial bluetooth devices: {"/org/bluez/hci0/dev_AA_BB_CC_DD_EE_01": BluetoothDevice { has_battery: true, has_media: false, battery_percentage: Some(80), device_name: Some("Pixel Buds") }}
2026-07-13T03:37:32+00:00 machine gtk-status-bar[1194]: 2026-07-13T03:37:32.889314Z  INFO gtk_status_bar::dbus: Sent initial Bluetooth display: P80
2026-07-13T03:37:32+00:00 machine gtk-status-bar[1194]: 2026-07-13T03:37:32.889348Z  INFO gtk_status_bar::dbus: Dbus monitor: Starting to listen for D-Bus messages
2026-07-13T03:37:32+00:00 machine gtk-status-bar[1194]: 2026-07-13T03:37:32.889378Z DEBUG gtk_status_bar::dbus: Got an event in event stream: Msg { type: MethodReturn, serial: 9, sender: UniqueName(":1.5"), reply-serial: 8, body: Variant, fds: [] }
2026-07-13T03:37:32+00:00 machine gtk-status-bar[1194]: 2026-07-13T03:37:32.889417Z DEBUG gtk_status_bar::dbus: Dbus monitor: Received D-Bus message from path: None, interface: None, member: None
2026-07-13T03:37:32+00:00 machine gtk-status-bar[1194]: 2026-07-13T03:37:32.889449Z ERROR gtk_status_bar::dbus: Dbus monitor: Received message with no path, ignoring
2026-07-13T03:37:32+00:00 machine gtk-status-bar[1194]: 2026-07-13T03:37:32.889478Z DEBUG gtk_status_bar::dbus: Got an event in event stream: Msg { type: MethodReturn, serial: 10, sender: UniqueName(":1.5"), reply-serial: 14, body: Variant, fds: [] }
2026-07-13T03:37:32+00:00 machine gtk-status-bar[1194]: 2026-07-13T03:37:32.889509Z DEBUG gtk_status_bar::dbus: Dbus monitor: Received D-Bus message from path: None, interface: None, member: None
2026-07-13T03:37:32+00:00 machine gtk-status-bar[1194]: 2026-07-13T03:37:32.889536Z ERROR gtk_status_bar::dbus: Dbus monitor: Received message with no path, ignoring
2026-07-13T03:37:32+00:00 machine gtk-status-bar[1194]: 2026-07-13T03:37:32.889565Z DEBUG gtk_status_bar::dbus: Got an event in event stream: Msg { type: MethodReturn, serial: 37, sender: UniqueName(":1.6"), reply-serial: 18, body: Dict { key: Dynamic { child: ObjectPath }, value: Dynamic { child: Dict { key: Dynamic { child: Str }, value: Dynamic { child: Dict { key: Dynamic { child: Str }, value: Dynamic { child: Variant } } } } } }, fds: [] }
2026-07-13T03:37:32+00:00 machine gtk-status-bar[1194]: 2026-07-13T03:37:32.889601Z DEBUG gtk_status_bar::dbus: Dbus monitor: Received D-Bus message from path: None, interface: None, member: None
2026-07-13T03:37:32+00:00 machine gtk-status-bar[1194]: 2026-07-13T03:37:32.889629Z ERROR gtk_status_bar::dbus: Dbus monitor: Received message with no path, ignoring
2026-07-13T03:37:32+00:00 machine gtk-status-bar[1194]: 2026-07-13T03:37:32.889945Z DEBUG gtk_status_bar::widgets: Updating Bluetooth battery label: P80
2026-07-13T03:37:32+00:00 machine gtk-status-bar[1194]: 2026-07-13T03:37:32.890005Z DEBUG gtk_status_bar::widgets: 👁️  SHOWING Bluetooth widget - data: P80
2026-07-13T03:37:32+00:00 machine gtk-status-bar[1194]: 2026-07-13T03:37:32.913392Z DEBUG gtk_status_bar::pw: ✅ Context created
2026-07-13T03:37:32+00:00 machine gtk-status-bar[1194]: 2026-07-13T03:37:32.916616Z DEBUG gtk_status_bar::pw: ✅ Core connected
2026-07-13T03:37:32+00:00 machine gtk-status-bar[1194]: 2026-07-13T03:37:32.916641Z DEBUG gtk_status_bar::pw: ✅ Registry obtained
2026-07-13T03:37:32+00:00 machine gtk-status-bar[1194]: 2026-07-13T03:37:32.916897Z DEBUG gtk_status_bar::pw: 🎵 PipeWire ThreadLoop started - monitoring volume changes with default sink filtering
2026-07-13T03:37:32+00:00 machine gtk-status-bar[1194]: 2026-07-13T03:37:32.917043Z DEBUG gtk_status_bar::pw: ✅ ThreadLoop started successfully
2026-07-13T03:37:32+00:00 machine gtk-status-bar[1194]: 2026-07-13T03:37:32.917061Z DEBUG gtk_status_bar::pw: 🔄 PipeWire thread running - async event delivery active...
2026-07-13T03:37:32+00:00 machine gtk-status-bar[1194]: 2026-07-13T03:37:32.917907Z DEBUG gtk_status_bar::pw: 📡 PipeWire connected: pipewire-0
2026-07-13T03:37:32+00:00 machine gtk-status-bar[1194]: 2026-07-13T03:37:32.918599Z DEBUG gtk_status_bar::pw: 🚫 Skipping metadata '' (props: Some(DictRef { flags: Flags(0x0), entries: {"object.serial": "0", "core.name": "pipewire-0"} }))
2026-07-13T03:37:32+00:00 machine gtk-status-bar[1194]: 2026-07-13T03:37:32.918624Z DEBUG gtk_status_bar::pw: 🚫 Skipping metadata '' (props: Some(DictRef { flags: Flags(0x0), entries: {"object.serial": "1", "module.name": "libpipewire-module-rt"} }))
2026-07-13T03:37:32+00:00 machine gtk-status-bar[1194]: 2026-07-13T03:37:32.918643Z DEBUG gtk_status_bar::pw: 🚫 Skipping metadata '' (props: Some(DictRef { flags: Flags(0x0), entries: {"object.serial": "3"} }))
2026-07-13T03:37:32+00:00 machine gtk-status-bar[1194]: 2026-07-13T03:37:32.918660Z DEBUG gtk_status_bar::pw: 🚫 Skipping metadata '' (props: Some(DictRef { flags: Flags(0x0), entries: {"object.serial": "2", "module.name": "libpipewire-module-protocol-native"} }))
2026-07-13T03:37:32+00:00 machine gtk-status-bar[1194]: 2026-07-13T03:37:32.918678Z DEBUG gtk_status_bar::pw: 🚫 Skipping metadata '' (props: Some(DictRef { flags: Flags(0x0), entries: {"object.serial": "5"} }))
2026-07-13T03:37:32+00:00 machine gtk-status-bar[1194]: 2026-07-13T03:37:32.918695Z DEBUG gtk_status_bar::pw: 🚫 Skipping metadata '' (props: Some(DictRef { flags: Flags(0x0), entries: {"object.serial": "4", "module.name": "libpipewire-module-profiler"} }))
2026-07-13T03:37:32+00:00 machine gtk-status-bar[1194]: 2026-07-13T03:37:32.918713Z DEBUG gtk_status_bar::pw: 🚫 Skipping metadata '' (props: Some(DictRef { flags: Flags(0x0), entries: {"object.serial": "6", "module.name": "libpipewire-module-metadata"} }))
2026-07-13T03:37:32+00:00 machine gtk-status-bar[1194]: 2026-07-13T03:37:32.918730Z DEBUG gtk_status_bar::pw: 🚫 Skipping metadata '' (props: Some(DictRef { flags: Flags(0x0), entries: {"object.serial": "7", "module.id": "6", "factory.name": "metadata", "factory.type.name": "PipeWire:Interface:Metadata", "factory.type.version": "3"} }))
2026-07-13T03:37:32+00:00 machine gtk-status-bar[1194]: 2026-07-13T03:37:32.918749Z DEBUG gtk_status_bar::pw: 🚫 Skipping metadata '' (props: Some(DictRef { flags: Flags(0x0), entries: {"object.serial": "8", "module.name": "libpipewire-module-spa-device-factory"} }))
2026-07-13T03:37:32+00:00 machine gtk-status-bar[1194]: 2026-07-13T03:37:32.918767Z DEBUG gtk_status_bar::pw: 🚫 Skipping metadata '' (props: Some(DictRef { flags: Flags(0x0), entries: {"object.serial": "9", "module.id": "8", "factory.name": "spa-device-factory", "factory.type.name": "PipeWire:Interface:Device", "factory.type.version": "3"} }))
2026-07-13T03:37:32+00:00 machine gtk-status-bar[1194]: 2026-07-13T03:37:32.918784Z DEBUG gtk_status_bar::pw: 🚫 Skipping metadata '' (props: Some(DictRef { flags: Flags(0x0), entries: {"object.serial": "10", "module.name": "libpipewire-module-spa-node-factory"} }))
2026-07-13T03:37:32+00:00 machine gtk-status-bar[1194]: 2026-07-13T03:37:32.918801Z DEBUG gtk_status_bar::pw: 🚫 Skipping metadata '' (props: Some(DictRef { flags: Flags(0x0), entries: {"object.serial": "11", "module.id": "10", "factory.name": "spa-node-factory", "factory.type.name": "PipeWire:Interface:Node", "factory.type.version": "3"} }))
2026-07-13T03:37:33+00:00 machine gtk-status-bar[1194]: 2026-07-13T03:37:32.918819Z DEBUG gtk_status_bar::pw: 🚫 Skipping metadata '' (props: Some(DictRef { flags: Flags(0x0), entries: {"object.serial": "12", "module.name": "libpipewire-module-client-node"} }))
2026-07-13T03:37:33+00:00 machine gtk-status-bar[1194]: 2026-07-13T03:37:32.918837Z DEBUG gtk_status_bar::pw: 🚫 Skipping metadata '' (props: Some(DictRef { flags: Flags(0x0), entries: {"object.serial": "13", "module.id": "12", "factory.name": "client-node", "factory.type.name": "PipeWire:Interface:ClientNode", "factory.type.version": "6"} }))
2026-07-13T03:37:33+00:00 machine gtk-status-bar[1194]: 2026-07-13T03:37:32.918855Z DEBUG gtk_status_bar::pw: 🚫 Skipping metadata '' (props: Some(DictRef { flags: Flags(0x0), entries: {"object.serial": "14", "module.name": "libpipewire-module-client-device"} }))
2026-07-13T03:37:33+00:00 machine gtk-status-bar[1194]: 2026-07-13T03:37:32.918872Z DEBUG gtk_status_bar::pw: 🚫 Skipping metadata '' (props: Some(DictRef { flags: Flags(0x0), entries: {"object.serial": "15", "module.id": "14", "factory.name": "client-device", "factory.type.name": "Spa:Pointer:Interface:Device", "factory.type.version": "0"} }))
2026-07-13T03:37:33+00:00 machine gtk-status-bar[1194]: 2026-07-13T03:37:32.918890Z DEBUG gtk_status_bar::pw: 🚫 Skipping metadata '' (props: Some(DictRef { flags: Flags(0x0), entries: {"object.serial": "16", "module.name": "libpipewire-module-portal"} }))
2026-07-13T03:37:33+00:00 machine gtk-status-bar[1194]: 2026-07-13T03:37:32.918907Z DEBUG gtk_status_bar::pw: 🚫 Skipping metadata '' (props: Some(DictRef { flags: Flags(0x0), entries: {"object.serial": "17", "module.name": "libpipewire-module-access"} }))
2026-07-13T03:37:33+00:00 machine gtk-status-bar[1194]: 2026-07-13T03:37:32.918924Z DEBUG gtk_status_bar::pw: 🚫 Skipping metadata '' (props: Some(DictRef { flags: Flags(0x0), entries: {"object.serial": "18", "module.name": "libpipewire-module-adapter"} }))
2026-07-13T03:37:33+00:00 machine gtk-status-bar[1194]: 2026-07-13T03:37:32.918942Z DEBUG gtk_status_bar::pw: 🚫 Skipping metadata '' (props: Some(DictRef { flags: Flags(0x0), entries: {"object.serial": "19", "module.id": "18", "factory.name": "adapter", "factory.type.name": "PipeWire:Interface:Node", "factory.type.version": "3"} }))
2026-07-13T03:37:33+00:00 machine gtk-status-bar[1194]: 2026-07-13T03:37:32.918962Z DEBUG gtk_status_bar::pw: 🚫 Skipping metadata '' (props: Some(DictRef { flags: Flags(0x0), entries: {"object.serial": "20", "module.name": "libpipewire-module-link-factory"} }))
2026-07-13T03:37:33+00:00 machine gtk-status-bar[1194]: 2026-07-13T03:37:32.918983Z DEBUG gtk_status_bar::pw: 🚫 Skipping metadata '' (props: Some(DictRef { flags: Flags(0x0), entries: {"object.serial": "21", "module.id": "20", "factory.name": "link-factory", "factory.type.name": "PipeWire:Interface:Link", "factory.type.version": "3"} }))
2026-07-13T03:37:33+00:00 machine gtk-status-bar[1194]: 2026-07-13T03:37:32.919005Z DEBUG gtk_status_bar::pw: 🚫 Skipping metadata '' (props: Some(DictRef { flags: Flags(0x0), entries: {"object.serial": "22", "module.name": "libpipewire-module-session-manager"} }))
2026-07-13T03:37:33+00:00 machine gtk-status-bar[1194]: 2026-07-13T03:37:32.919026Z DEBUG gtk_status_bar::pw: 🚫 Skipping metadata '' (props: Some(DictRef { flags: Flags(0x0), entries: {"object.serial": "23", "module.id": "22", "factory.name": "client-endpoint", "factory.type.name": "PipeWire:Interface:ClientEndpoint", "factory.type.version": "0"} }))
2026-07-13T03:37:33+00:00 machine gtk-status-bar[1194]: 2026-07-13T03:37:32.919047Z DEBUG gtk_status_bar::pw: 🚫 Skipping metadata '' (props: Some(DictRef { flags: Flags(0x0), entries: {"object.serial": "24", "module.id": "22", "factory.name": "client-session", "factory.type.name": "PipeWire:Interface:ClientSession", "factory.type.version": "0"} }))
2026-07-13T03:37:33+00:00 machine gtk-status-bar[1194]: 2026-07-13T03:37:32.919069Z DEBUG gtk_status_bar::pw: 🚫 Skipping metadata '' (props: Some(DictRef { flags: Flags(0x0), entries: {"object.serial": "25", "module.id": "22", "factory.name": "session", "factory.type.name": "PipeWire:Interface:Session", "factory.type.version": "0"} }))
2026-07-13T03:37:33+00:00 machine gtk-status-bar[1194]: 2026-07-13T03:37:32.919090Z DEBUG gtk_status_bar::pw: 🚫 Skipping metadata '' (props: Some(DictRef { flags: Flags(0x0), entries: {"object.serial": "26", "module.id": "22", "factory.name": "endpoint", "factory.type.name": "PipeWire:Interface:Endpoint", "factory.type.version": "0"} }))
2026-07-13T03:37:33+00:00 machine gtk-status-bar[1194]: 2026-07-13T03:37:32.919153Z DEBUG gtk_status_bar::pw: 🚫 Skipping metadata '' (props: Some(DictRef { flags: Flags(0x0), entries: {"object.serial": "27", "module.id": "22", "factory.name": "endpoint-stream", "factory.type.name": "PipeWire:Interface:EndpointStream", "factory.type.version": "0"} }))
2026-07-13T03:37:33+00:00 machine gtk-status-bar[1194]: 2026-07-13T03:37:32.919175Z DEBUG gtk_status_bar::pw: 🚫 Skipping metadata '' (props: Some(DictRef { flags: Flags(0x0), entries: {"object.serial": "28", "module.id": "22", "factory.name": "endpoint-link", "factory.type.name": "PipeWire:Interface:EndpointLink", "factory.type.version": "0"} }))
2026-07-13T03:37:33+00:00 machine gtk-status-bar[1194]: 2026-07-13T03:37:32.919202Z DEBUG gtk_status_bar::pw: 🚫 Skipping metadata '' (props: Some(DictRef { flags: Flags(0x0), entries: {"object.serial": "29", "module.name": "libpipewire-module-x11-bell"} }))
2026-07-13T03:37:33+00:00 machine gtk-status-bar[1194]: 2026-07-13T03:37:32.919222Z DEBUG gtk_status_bar::pw: 🚫 Skipping metadata '' (props: Some(DictRef { flags: Flags(0x0), entries: {"object.serial": "30", "module.name": "libpipewire-module-jackdbus-detect"} }))
2026-07-13T03:37:33+00:00 machine gtk-status-bar[1194]: 2026-07-13T03:37:32.919248Z DEBUG gtk_status_bar::pw: 🚫 Skipping metadata '' (props: Some(DictRef { flags: Flags(0x0), entries: {"object.serial": "31", "factory.id": "11", "priority.driver": "200000", "node.name": "Dummy-Driver"} }))
2026-07-13T03:37:33+00:00 machine gtk-status-bar[1194]: 2026-07-13T03:37:32.919291Z DEBUG gtk_status_bar::pw: 🔍 Checking node - media.class: None
2026-07-13T03:37:33+00:00 machine gtk-status-bar[1194]: 2026-07-13T03:37:32.919557Z DEBUG gtk_status_bar::pw: 🔍 Node filter result: false for media.class: None
2026-07-13T03:37:33+00:00 machine gtk-status-bar[1194]: 2026-07-13T03:37:32.919578Z DEBUG gtk_status_bar::pw: 🚫 Skipping metadata '' (props: Some(DictRef { flags: Flags(0x0), entries: {"object.serial": "32", "factory.id": "11", "priority.driver": "190000", "node.name": "Freewheel-Driver"} }))
2026-07-13T03:37:33+00:00 machine gtk-status-bar[1194]: 2026-07-13T03:37:32.919598Z DEBUG gtk_status_bar::pw: 🔍 Checking node - media.class: None
2026-07-13T03:37:33+00:00 machine gtk-status-bar[1194]: 2026-07-13T03:37:32.919615Z DEBUG gtk_status_bar::pw: 🔍 Node filter result: false for media.class: None
2026-07-13T03:37:33+00:00 machine gtk-status-bar[1194]: 2026-07-13T03:37:32.919634Z DEBUG gtk_status_bar::pw: 🚫 Skipping metadata 'settings' (props: Some(DictRef { flags: Flags(0x0), entries: {"object.serial": "33", "metadata.name": "settings"} }))
2026-07-13T03:37:33+00:00 machine gtk-status-bar[1194]: 2026-07-13T03:37:32.919656Z DEBUG gtk_status_bar::pw: 🚫 Skipping metadata '' (props: Some(DictRef { flags: Flags(0x0), entries: {"object.serial": "34", "module.id": "2", "pipewire.protocol": "protocol-native", "pipewire.sec.pid": "1269", "pipewire.sec.uid": "1000", "pipewire.sec.gid": "100", "pipewire.sec.socket": "pipewire-0", "application.name": ".xdg-desktop-portal-wrapped", "pipewire.access": "unrestricted"} }))
2026-07-13T03:37:33+00:00 machine gtk-status-bar[1194]: 2026-07-13T03:37:32.919678Z DEBUG gtk_status_bar::pw: 🚫 Skipping metadata '' (props: Some(DictRef { flags: Flags(0x0), entries: {"object.serial": "35", "module.id": "2", "pipewire.protocol": "protocol-native", "pipewire.sec.pid": "1336", "pipewire.sec.uid": "1000", "pipewire.sec.gid": "100", "pipewire.sec.socket": "pipewire-0-manager", "application.name": "WirePlumber", "pipewire.access": "unrestricted"} }))
2026-07-13T03:37:33+00:00 machine gtk-status-bar[1194]: 2026-07-13T03:37:32.919699Z DEBUG gtk_status_bar::pw: 🚫 Skipping metadata 'schema-sm-settings' (props: Some(DictRef { flags: Flags(0x0), entries: {"metadata.name": "schema-sm-settings", "factory.id": "7", "module.id": "6", "client.id": "35", "object.serial": "36"} }))
2026-07-13T03:37:33+00:00 machine gtk-status-bar[1194]: 2026-07-13T03:37:32.919721Z DEBUG gtk_status_bar::pw: 🚫 Skipping metadata 'persistent-sm-settings' (props: Some(DictRef { flags: Flags(0x0), entries: {"metadata.name": "persistent-sm-settings", "factory.id": "7", "module.id": "6", "client.id": "35", "object.serial": "37"} }))
2026-07-13T03:37:33+00:00 machine gtk-status-bar[1194]: 2026-07-13T03:37:32.919742Z DEBUG gtk_status_bar::pw: 🚫 Skipping metadata 'sm-settings' (props: Some(DictRef { flags: Flags(0x0), entries: {"metadata.name": "sm-settings", "factory.id": "7", "module.id": "6", "client.id": "35", "object.serial": "38"} }))
2026-07-13T03:37:33+00:00 machine gtk-status-bar[1194]: 2026-07-13T03:37:32.919763Z DEBUG gtk_status_bar::pw: 🚫 Skipping metadata 'sm-objects' (props: Some(DictRef { flags: Flags(0x0), entries: {"metadata.name": "sm-objects", "factory.id": "7", "module.id": "6", "client.id": "35", "object.serial": "39"} }))
2026-07-13T03:37:33+00:00 machine gtk-status-bar[1194]: 2026-07-13T03:37:32.919783Z DEBUG gtk_status_bar::pw: 🚫 Skipping metadata 'default-profile' (props: Some(DictRef { flags: Flags(0x0), entries: {"wireplumber.state": "true", "metadata.name": "default-profile", "factory.id": "7", "module.id": "6", "client.id": "35", "object.serial": "40"} }))
2026-07-13T03:37:33+00:00 machine gtk-status-bar[1194]: 2026-07-13T03:37:32.919804Z DEBUG gtk_status_bar::pw: ✅ Processing metadata.name == default
2026-07-13T03:37:33+00:00 machine gtk-status-bar[1194]: 2026-07-13T03:37:32.919821Z DEBUG gtk_status_bar::pw: 📋 Found metadata object: Some(DictRef { flags: Flags(0x0), entries: {"metadata.name": "default", "factory.id": "7", "module.id": "6", "client.id": "35", "object.serial": "42"} })
2026-07-13T03:37:33+00:00 machine gtk-status-bar[1194]: 2026-07-13T03:37:32.919849Z DEBUG gtk_status_bar::pw: 📋 Bound 'default' Metadata (id=3)
2026-07-13T03:37:33+00:00 machine gtk-status-bar[1194]: 2026-07-13T03:37:32.920214Z DEBUG gtk_status_bar::pw: 🚫 Skipping metadata 'filters' (props: Some(DictRef { flags: Flags(0x0), entries: {"metadata.name": "filters", "factory.id": "7", "module.id": "6", "client.id": "35", "object.serial": "43"} }))
2026-07-13T03:37:33+00:00 machine gtk-status-bar[1194]: 2026-07-13T03:37:32.920234Z DEBUG gtk_status_bar::pw: 🚫 Skipping metadata 'route-settings' (props: Some(DictRef { flags: Flags(0x0), entries: {"metadata.name": "route-settings", "factory.id": "7", "module.id": "6", "client.id": "35", "object.serial": "44"} }))
2026-07-13T03:37:33+00:00 machine gtk-status-bar[1194]: 2026-07-13T03:37:32.920252Z DEBUG gtk_status_bar::pw: 🚫 Skipping metadata '' (props: Some(DictRef { flags: Flags(0x0), entries: {"object.serial": "45", "module.id": "2", "pipewire.protocol": "protocol-native", "pipewire.sec.pid": "1336", "pipewire.sec.uid": "1000", "pipewire.sec.gid": "100", "pipewire.sec.socket": "pipewire-0-manager", "application.name": "WirePlumber [export]", "pipewire.access": "unrestricted"} }))
2026-07-13T03:37:33+00:00 machine gtk-status-bar[1194]: 2026-07-13T03:37:32.920279Z DEBUG gtk_status_bar::pw: 🚫 Skipping metadata '' (props: Some(DictRef { flags: Flags(0x0), entries: {"object.serial": "46", "factory.id": "11", "client.id": "45", "priority.session": "100", "priority.driver": "1", "node.name": "Midi-Bridge", "media.class": "Midi/Bridge"} }))
2026-07-13T03:37:33+00:00 machine gtk-status-bar[1194]: 2026-07-13T03:37:32.920297Z DEBUG gtk_status_bar::pw: 🔍 Checking node - media.class: Some("Midi/Bridge")
2026-07-13T03:37:33+00:00 machine gtk-status-bar[1194]: 2026-07-13T03:37:32.920489Z DEBUG gtk_status_bar::pw: 🔍 Node filter result: false for media.class: Some("Midi/Bridge")
2026-07-13T03:37:33+00:00 machine gtk-status-bar[1194]: 2026-07-13T03:37:32.920509Z DEBUG gtk_status_bar::pw: 🚫 Skipping metadata '' (props: Some(DictRef { flags: Flags(0x0), entries: {"object.serial": "47", "object.path": "alsa:seq:default:client_14:playback_0", "format.dsp": "8 bit raw midi", "node.id": "46", "port.id": "0", "port.name": "Midi Through: Port-0 (playback)", "port.direction": "in", "port.physical": "true", "port.terminal": "true", "port.alias": "Midi Through:Midi Through Port-0", "port.group": "client_14"} }))
2026-07-13T03:37:33+00:00 machine gtk-status-bar[1194]: 2026-07-13T03:37:32.920532Z DEBUG gtk_status_bar::pw: 🚫 Skipping metadata '' (props: Some(DictRef { flags: Flags(0x0), entries: {"object.serial": "48", "object.path": "alsa:seq:default:client_14:capture_0", "format.dsp": "8 bit raw midi", "node.id": "46", "port.id": "0", "port.name": "Midi Through: Port-0 (capture)", "port.direction": "out", "port.physical": "true", "port.terminal": "true", "port.alias": "Midi Through:Midi Through Port-0", "port.group": "client_14"} }))
2026-07-13T03:37:33+00:00 machine gtk-status-bar[1194]: 2026-07-13T03:37:32.920552Z DEBUG gtk_status_bar::pw: 🚫 Skipping metadata '' (props: Some(DictRef { flags: Flags(0x0), entries: {"object.serial": "41", "module.id": "2", "pipewire.protocol": "protocol-native", "pipewire.sec.pid": "1351", "pipewire.sec.uid": "1000", "pipewire.sec.gid": "100", "pipewire.sec.socket": "pipewire-0", "application.name": ".xdg-desktop-portal-hyprland-wrapped", "pipewire.access": "unrestricted"} }))
2026-07-13T03:37:33+00:00 machine gtk-status-bar[1194]: 2026-07-13T03:37:32.920570Z DEBUG gtk_status_bar::pw: 🚫 Skipping metadata '' (props: Some(DictRef { flags: Flags(0x0), entries: {"object.serial": "49", "factory.id": "14", "client.id": "45", "node.description": "BLE MIDI 1", "node.name": "bluez_midi.server", "media.class": "Midi/Bridge"} }))
2026-07-13T03:37:33+00:00 machine gtk-status-bar[1194]: 2026-07-13T03:37:32.920588Z DEBUG gtk_status_bar::pw: 🔍 Checking node - media.class: Some("Midi/Bridge")
2026-07-13T03:37:33+00:00 machine gtk-status-bar[1194]: 2026-07-13T03:37:32.920602Z DEBUG gtk_status_bar::pw: 🔍 Node filter result: false for media.class: Some("Midi/Bridge")
2026-07-13T03:37:33+00:00 machine gtk-status-bar[1194]: 2026-07-13T03:37:32.920619Z DEBUG gtk_status_bar::pw: 🚫 Skipping metadata '' (props: Some(DictRef { flags: Flags(0x0), entries: {"object.serial": "50", "object.path": "bluez_midi.server:input_0", "format.dsp": "8 bit raw midi", "node.id": "49", "port.id": "0", "port.name": "in", "port.direction": "in", "port.physical": "true", "port.terminal": "true", "port.alias": "in", "port.group": "group.0"} }))
2026-07-13T03:37:33+00:00 machine gtk-status-bar[1194]: 2026-07-13T03:37:32.920638Z DEBUG gtk_status_bar::pw: 🚫 Skipping metadata '' (props: Some(DictRef { flags: Flags(0x0), entries: {"object.serial": "51", "object.path": "bluez_midi.server:output_0", "format.dsp": "8 bit raw midi", "node.id": "49", "port.id": "0", "port.name": "out", "port.direction": "out", "port.physical": "true", "port.terminal": "true", "port.alias": "out", "port.group": "group.0"} }))
2026-07-13T03:37:33+00:00 machine gtk-status-bar[1194]: 2026-07-13T03:37:32.920657Z DEBUG gtk_status_bar::pw: 🚫 Skipping metadata '' (props: Some(DictRef { flags: Flags(0x0), entries: {"object.serial": "52", "module.id": "2", "pipewire.protocol": "protocol-native", "pipewire.sec.pid": "1391", "pipewire.sec.uid": "1000", "pipewire.sec.gid": "100", "pipewire.sec.socket": "pipewire-0", "application.name": "pipewire", "pipewire.access": "unrestricted"} }))
2026-07-13T03:37:33+00:00 machine gtk-status-bar[1194]: 2026-07-13T03:37:32.920678Z DEBUG gtk_status_bar::pw: 🚫 Skipping metadata '' (props: Some(DictRef { flags: Flags(0x0), entries: {"object.serial": "53", "factory.id": "19", "client.id": "52", "node.description": "Dummy Output", "node.name": "auto_null", "media.class": "Audio/Sink"} }))
2026-07-13T03:37:33+00:00 machine gtk-status-bar[1194]: 2026-07-13T03:37:32.920695Z DEBUG gtk_status_bar::pw: 🔍 Checking node - media.class: Some("Audio/Sink")
2026-07-13T03:37:33+00:00 machine gtk-status-bar[1194]: 2026-07-13T03:37:32.920711Z DEBUG gtk_status_bar::pw: 🔍 Node filter result: true for media.class: Some("Audio/Sink")
2026-07-13T03:37:33+00:00 machine gtk-status-bar[1194]: 2026-07-13T03:37:32.920730Z DEBUG gtk_status_bar::pw: 📱 Monitoring audio node: Dummy Output (4) [node.name: auto_null]
2026-07-13T03:37:33+00:00 machine gtk-status-bar[1194]: 2026-07-13T03:37:32.920745Z DEBUG gtk_status_bar::pw: 🔗 ADDING NODE LISTENER for node.name: auto_null
2026-07-13T03:37:33+00:00 machine gtk-status-bar[1194]: 2026-07-13T03:37:32.920761Z DEBUG gtk_status_bar::pw: 📝 Added device to HashMap: 4 -> (auto_null, Dummy Output, no volume yet)
2026-07-13T03:37:33+00:00 machine gtk-status-bar[1194]: 2026-07-13T03:37:32.920775Z DEBUG gtk_status_bar::pw: 🗂️ Current device map size: 1
2026-07-13T03:37:33+00:00 machine gtk-status-bar[1194]: 2026-07-13T03:37:32.921201Z DEBUG gtk_status_bar::pw: 🚫 Skipping metadata '' (props: Some(DictRef { flags: Flags(0x0), entries: {"object.serial": "54", "module.id": "2", "pipewire.protocol": "protocol-native", "pipewire.sec.pid": "1391", "pipewire.sec.uid": "1000", "pipewire.sec.gid": "100", "pipewire.sec.socket": "pipewire-0", "application.name": "Blueman", "pipewire.access": "unrestricted"} }))
2026-07-13T03:37:33+00:00 machine gtk-status-bar[1194]: 2026-07-13T03:37:32.921225Z DEBUG gtk_status_bar::pw: 🚫 Skipping metadata '' (props: Some(DictRef { flags: Flags(0x0), entries: {"object.serial": "55", "object.path": "auto_null:playback_0", "format.dsp": "32 bit float mono audio", "node.id": "53", "audio.channel": "FL", "port.id": "0", "port.name": "playback_FL", "port.direction": "in", "port.alias": "Dummy Output:playback_FL", "port.group": "stream.0"} }))
2026-07-13T03:37:33+00:00 machine gtk-status-bar[1194]: 2026-07-13T03:37:32.921248Z DEBUG gtk_status_bar::pw: 🚫 Skipping metadata '' (props: Some(DictRef { flags: Flags(0x0), entries: {"object.serial": "56", "object.path": "auto_null:playback_1", "format.dsp": "32 bit float mono audio", "node.id": "53", "audio.channel": "FR", "port.id": "1", "port.name": "playback_FR", "port.direction": "in", "port.alias": "Dummy Output:playback_FR", "port.group": "stream.0"} }))
2026-07-13T03:37:33+00:00 machine gtk-status-bar[1194]: 2026-07-13T03:37:32.921279Z DEBUG gtk_status_bar::pw: 🚫 Skipping metadata '' (props: Some(DictRef { flags: Flags(0x0), entries: {"object.serial": "57", "object.path": "auto_null:monitor_0", "format.dsp": "32 bit float mono audio", "node.id": "53", "audio.channel": "FL", "port.id": "0", "port.name": "monitor_FL", "port.direction": "out", "port.monitor": "true", "port.alias": "Dummy Output:monitor_FL", "port.group": "stream.0"} }))
2026-07-13T03:37:33+00:00 machine gtk-status-bar[1194]: 2026-07-13T03:37:32.921302Z DEBUG gtk_status_bar::pw: 🚫 Skipping metadata '' (props: Some(DictRef { flags: Flags(0x0), entries: {"object.serial": "58", "object.path": "auto_null:monitor_1", "format.dsp": "32 bit float mono audio", "node.id": "53", "audio.channel": "FR", "port.id": "1", "port.name": "monitor_FR", "port.direction": "out", "port.monitor": "true", "port.alias": "Dummy Output:monitor_FR", "port.group": "stream.0"} }))
2026-07-13T03:37:33+00:00 machine gtk-status-bar[1194]: 2026-07-13T03:37:32.921323Z DEBUG gtk_status_bar::pw: 🚫 Skipping metadata '' (props: Some(DictRef { flags: Flags(0x0), entries: {"object.serial": "59", "module.id": "2", "pipewire.protocol": "protocol-native", "pipewire.sec.pid": "1194", "pipewire.sec.uid": "1000", "pipewire.sec.gid": "100", "pipewire.sec.socket": "pipewire-0", "application.name": ".gtk-status-bar-wrapped", "pipewire.access": "unrestricted"} }))
2026-07-13T03:37:33+00:00 machine gtk-status-bar[1194]: 2026-07-13T03:37:32.922574Z DEBUG gtk_status_bar::pw: 📝 metadata.property subject=0 key=Some("default.audio.sink") value=Some("{\"name\":\"auto_null\"}")
2026-07-13T03:37:33+00:00 machine gtk-status-bar[1194]: 2026-07-13T03:37:32.922593Z DEBUG gtk_status_bar::pw: 🔍 Processing metadata property: default.audio.sink={"name":"auto_null"}
2026-07-13T03:37:33+00:00 machine gtk-status-bar[1194]: 2026-07-13T03:37:32.923669Z  INFO gtk_status_bar::pw: 🔄 Default sink -> auto_null
2026-07-13T03:37:33+00:00 machine gtk-status-bar[1194]: 2026-07-13T03:37:32.923689Z DEBUG gtk_status_bar::pw: 🎯 SINK CHANGE: None -> auto_null (should trigger volume fetch)
2026-07-13T03:37:33+00:00 machine gtk-status-bar[1194]: 2026-07-13T03:37:32.923707Z DEBUG gtk_status_bar::pw: 🗂️ Searching device map for default sink 'auto_null'
2026-07-13T03:37:33+00:00 machine gtk-status-bar[1194]: 2026-07-13T03:37:32.923723Z DEBUG gtk_status_bar::pw: 🗂️ Current device map contents: {4: ("auto_null", "Dummy Output", None, None, None)}
2026-07-13T03:37:33+00:00 machine gtk-status-bar[1194]: 2026-07-13T03:37:32.923743Z DEBUG gtk_status_bar::pw: 🔍 Checking device 4: node_name='auto_null', description='Dummy Output' against default sink 'auto_null'
2026-07-13T03:37:33+00:00 machine gtk-status-bar[1194]: 2026-07-13T03:37:32.923761Z DEBUG gtk_status_bar::pw: 🎯 MATCH! Found device 4 with node_name 'auto_null' matching default sink
2026-07-13T03:37:33+00:00 machine gtk-status-bar[1194]: 2026-07-13T03:37:32.923778Z DEBUG gtk_status_bar::pw: 🎨 Updating GUI label to: 'Dummy Output' with cached volume data
2026-07-13T03:37:33+00:00 machine gtk-status-bar[1194]: 2026-07-13T03:37:32.923795Z DEBUG gtk_status_bar::pw: 💾 Cached volume data: Vol: None%, Ch: None%, Mute: None
2026-07-13T03:37:33+00:00 machine gtk-status-bar[1194]: 2026-07-13T03:37:32.924084Z DEBUG gtk_status_bar::pw: ✅ Sent REAL volume data to GUI: 'Dummy Output' Vol: None%, Ch: None%, Mute: None
2026-07-13T03:37:33+00:00 machine gtk-status-bar[1194]: 2026-07-13T03:37:32.924348Z DEBUG gtk_status_bar::widgets: 📺 Skipping GUI update - no volume data available
2026-07-13T03:37:33+00:00 machine gtk-status-bar[1194]: 2026-07-13T03:37:32.925078Z DEBUG gtk_status_bar::pw: 🎛️  NODE PARAM CALLBACK: Dummy Output (4) received Props param
2026-07-13T03:37:33+00:00 machine gtk-status-bar[1194]: 2026-07-13T03:37:32.925811Z DEBUG gtk_status_bar::pw: 🔊 Node 4: Dummy Output - Vol: Some(100)% | Ch: Some(100)% | Mute: Some(false) [CACHING]
2026-07-13T03:37:33+00:00 machine gtk-status-bar[1194]: 2026-07-13T03:37:32.925829Z DEBUG gtk_status_bar::pw: 📝 Updated volume cache for device 4: Dummy Output -> Vol: Some(100)%, Ch: Some(100)%, Mute: Some(false)
2026-07-13T03:37:33+00:00 machine gtk-status-bar[1194]: 2026-07-13T03:37:32.925845Z DEBUG gtk_status_bar::pw: 🎯 Checking if device 4 is default: current_default=Some("auto_null"), node_name=auto_null, is_default=true
2026-07-13T03:37:33+00:00 machine gtk-status-bar[1194]: 2026-07-13T03:37:32.925865Z DEBUG gtk_status_bar::pw: 📤 SENDING VOLUME UPDATE to GUI for default sink (node id=4)
2026-07-13T03:37:33+00:00 machine gtk-status-bar[1194]: 2026-07-13T03:37:32.925888Z ERROR gtk_status_bar::pw: ❌ PipeWire error id:4 seq:5 res:-2: enum params id:13 (Spa:Enum:ParamId:Route) failed
2026-07-13T03:37:33+00:00 machine gtk-status-bar[1194]: 2026-07-13T03:37:32.926322Z DEBUG gtk_status_bar::widgets: 📺 GTK UI updated via ASYNC: 🔊D100
2026-07-13T03:37:33+00:00 machine gtk-status-bar[1194]: 2026-07-13T03:37:33.426531Z  INFO gtk_status_bar::tray: Status notifier item registered item=":1.44/StatusNotifierItem"
2026-07-13T03:37:33+00:00 machine gtk-status-bar[1194]: 2026-07-13T03:37:33.564350Z  INFO gtk_status_bar::widgets: Added system tray item item=":1.44/StatusNotifierItem"
2026-07-13T03:37:33+00:00 machine gtk-status-bar[1194]: 2026-07-13T03:37:33.703064Z DEBUG gtk_status_bar::hypr: Initial title: ""
2026-07-13T03:37:33+00:00 machine gtk-status-bar[1194]: 2026-07-13T03:37:33.705976Z  INFO gtk_status_bar::hypr: Starting title event listener
2026-07-13T03:37:33+00:00 machine gtk-status-bar[1194]: 2026-07-13T03:37:33.729711Z  INFO gtk_status_bar::hypr: Starting workspace event listener
2026-07-13T03:37:33+00:00 machine gtk-status-bar[1194]: 2026-07-13T03:37:33.760644Z DEBUG gtk_status_bar::widgets: Updating workspace - label: 'Workspace u', color for workspace: 1
2026-07-13T03:37:33+00:00 machine gtk-status-bar[1194]: 2026-07-13T03:37:33.760733Z DEBUG gtk_status_bar::widgets: Updated title widget color to: rgba(122, 162, 247, 0.5) for workspace: 1
2026-07-13T03:37:33+00:00 machine gtk-status-bar[1194]: 2026-07-13T03:37:33.760787Z DEBUG gtk_status_bar::widgets: Updating title label:
2026-07-13T03:37:34+00:00 machine gtk-status-bar[1194]: 2026-07-13T03:37:34.174758Z  INFO gtk_status_bar::tray: Status notifier item registered item=":1.45/org/blueman/sni"
2026-07-13T03:37:34+00:00 machine gtk-status-bar[1194]: 2026-07-13T03:37:34.204234Z DEBUG gtk_status_bar::tray: Tray item property is unavailable property="IconPixmap" error=org.freedesktop.DBus.Error.InvalidArgs: No such property “IconPixmap”
2026-07-13T03:37:34+00:00 machine gtk-status-bar[1194]: 2026-07-13T03:37:34.218289Z DEBUG gtk_status_bar::tray: Tray item property is unavailable property="IconThemePath" error=org.freedesktop.DBus.Error.InvalidArgs: No such property “IconThemePath”
2026-07-13T03:37:34+00:00 machine gtk-status-bar[1194]: 2026-07-13T03:37:34.233571Z  INFO gtk_status_bar::widgets: Added system tray item item=":1.45/org/blueman/sni"
